#! /usr/bin/env bash
exec /home/marute/miniconda3/envs/digital/bin/vvp -f "$0" "$@" <<'# EOF'
:ivl_version "13.0 (devel)" "(0_8-6859-gf50cc35d2-dirty)";
:ivl_delay_selection "TYPICAL";
:vpi_time_precision - 8;
:vpi_module "/home/marute/miniconda3/envs/digital/lib/ivl/system.vpi";
:vpi_module "/home/marute/miniconda3/envs/digital/lib/ivl/vhdl_sys.vpi";
:vpi_module "/home/marute/miniconda3/envs/digital/lib/ivl/vhdl_textio.vpi";
:vpi_module "/home/marute/miniconda3/envs/digital/lib/ivl/v2005_math.vpi";
:vpi_module "/home/marute/miniconda3/envs/digital/lib/ivl/va_math.vpi";
S_0x18031a50 .scope module, "bin2bcd" "bin2bcd" 2 1;
 .timescale -8 -8;
    .port_info 0 /INPUT 1 "clk";
    .port_info 1 /INPUT 1 "init";
    .port_info 2 /INPUT 1 "rst";
    .port_info 3 /INPUT 8 "A_bin";
    .port_info 4 /OUTPUT 12 "A_bcd";
    .port_info 5 /OUTPUT 1 "done";
v0x18093210_0 .net "A_bcd", 11 0, v0x18091690_0;  1 drivers
o0x726c721648b8 .functor BUFZ 8, C4<zzzzzzzz>; HiZ drive
v0x180932d0_0 .net "A_bin", 7 0, o0x726c721648b8;  0 drivers
v0x180933a0_0 .net "DEC", 0 0, v0x18090570_0;  1 drivers
o0x726c721642e8 .functor BUFZ 1, C4<z>; HiZ drive
v0x180934c0_0 .net "clk", 0 0, o0x726c721642e8;  0 drivers
v0x18093560_0 .net "done", 0 0, v0x18090e30_0;  1 drivers
o0x726c72164558 .functor BUFZ 1, C4<z>; HiZ drive
v0x18093650_0 .net "init", 0 0, o0x726c72164558;  0 drivers
v0x180936f0_0 .net "load_hundreds", 0 0, v0x18090900_0;  1 drivers
v0x180937e0_0 .net "load_ones", 0 0, v0x18090770_0;  1 drivers
v0x180938d0_0 .net "load_reset", 0 0, v0x180906d0_0;  1 drivers
v0x18093a00_0 .net "load_tens", 0 0, v0x18090810_0;  1 drivers
o0x726c72164588 .functor BUFZ 1, C4<z>; HiZ drive
v0x18093aa0_0 .net "rst", 0 0, o0x726c72164588;  0 drivers
v0x18093b40_0 .net "shift", 0 0, v0x18090a40_0;  1 drivers
v0x18093c30_0 .net "w_Abin", 7 0, v0x18092110_0;  1 drivers
v0x18093cd0_0 .net "w_H", 0 0, v0x18073820_0;  1 drivers
v0x18093dc0_0 .net "w_O", 0 0, v0x18052520_0;  1 drivers
v0x18093eb0_0 .net "w_T", 0 0, v0x18052020_0;  1 drivers
v0x18093fa0_0 .net "w_Z", 0 0, v0x1808f740_0;  1 drivers
v0x18094090_0 .net "w_bcd_hundreds", 3 0, v0x18091cc0_0;  1 drivers
v0x18094130_0 .net "w_bcd_ones", 3 0, v0x18091d90_0;  1 drivers
v0x180941d0_0 .net "w_bcd_tens", 3 0, v0x18091e60_0;  1 drivers
v0x18094270_0 .net "w_hundreds_comp2", 3 0, v0x18092810_0;  1 drivers
v0x18094360_0 .net "w_ones_comp2", 3 0, v0x18092c70_0;  1 drivers
v0x18094450_0 .net "w_tens_comp2", 3 0, v0x18093110_0;  1 drivers
S_0x17fe0140 .scope module, "comp_hundreds" "comp" 2 48, 3 1 0, S_0x18031a50;
 .timescale -8 -8;
    .port_info 0 /INPUT 4 "bcd";
    .port_info 1 /OUTPUT 1 "Y";
v0x18073820_0 .var "Y", 0 0;
v0x18067780_0 .net "bcd", 3 0, v0x18091cc0_0;  alias, 1 drivers
E_0x1804a8e0 .event anyedge, v0x18067780_0;
S_0x1808ed80 .scope module, "comp_ones" "comp" 2 38, 3 1 0, S_0x18031a50;
 .timescale -8 -8;
    .port_info 0 /INPUT 4 "bcd";
    .port_info 1 /OUTPUT 1 "Y";
v0x18052520_0 .var "Y", 0 0;
v0x18052a20_0 .net "bcd", 3 0, v0x18091d90_0;  alias, 1 drivers
E_0x180041f0 .event anyedge, v0x18052a20_0;
S_0x1808f0d0 .scope module, "comp_tens" "comp" 2 43, 3 1 0, S_0x18031a50;
 .timescale -8 -8;
    .port_info 0 /INPUT 4 "bcd";
    .port_info 1 /OUTPUT 1 "Y";
v0x18052020_0 .var "Y", 0 0;
v0x18016650_0 .net "bcd", 3 0, v0x18091e60_0;  alias, 1 drivers
E_0x18074600 .event anyedge, v0x18016650_0;
S_0x1808f400 .scope module, "cont0" "contador_dec" 2 53, 4 1 0, S_0x18031a50;
 .timescale -8 -8;
    .port_info 0 /INPUT 1 "clk";
    .port_info 1 /INPUT 1 "LD0";
    .port_info 2 /INPUT 1 "DECI";
    .port_info 3 /OUTPUT 1 "Z";
v0x1805a880_0 .net "DECI", 0 0, v0x18090570_0;  alias, 1 drivers
v0x1808f680_0 .net "LD0", 0 0, v0x180906d0_0;  alias, 1 drivers
v0x1808f740_0 .var "Z", 0 0;
v0x1808f7e0_0 .net "clk", 0 0, o0x726c721642e8;  alias, 0 drivers
v0x1808f8a0_0 .var "out", 7 0;
E_0x1808f5e0 .event posedge, v0x1808f7e0_0;
S_0x1808fa50 .scope module, "control" "bin2bcd_control" 2 73, 5 1 0, S_0x18031a50;
 .timescale -8 -8;
    .port_info 0 /INPUT 1 "clk";
    .port_info 1 /INPUT 1 "init";
    .port_info 2 /INPUT 1 "rst";
    .port_info 3 /INPUT 1 "O";
    .port_info 4 /INPUT 1 "T";
    .port_info 5 /INPUT 1 "H";
    .port_info 6 /INPUT 1 "Z";
    .port_info 7 /OUTPUT 1 "done";
    .port_info 8 /OUTPUT 1 "LD0";
    .port_info 9 /OUTPUT 1 "LD1";
    .port_info 10 /OUTPUT 1 "LD2";
    .port_info 11 /OUTPUT 1 "LD3";
    .port_info 12 /OUTPUT 1 "DEC";
    .port_info 13 /OUTPUT 1 "SH";
P_0x1808fc80 .param/l "CHECK" 0 5 7, C4<0010>;
P_0x1808fcc0 .param/l "DEC_I" 0 5 11, C4<0110>;
P_0x1808fd00 .param/l "FCHECK" 0 5 12, C4<0111>;
P_0x1808fd40 .param/l "FINISH" 0 5 13, C4<1000>;
P_0x1808fd80 .param/l "LOAD_H" 0 5 10, C4<0101>;
P_0x1808fdc0 .param/l "LOAD_O" 0 5 8, C4<0011>;
P_0x1808fe00 .param/l "LOAD_T" 0 5 9, C4<0100>;
P_0x1808fe40 .param/l "SHIFT" 0 5 6, C4<0001>;
P_0x1808fe80 .param/l "START" 0 5 5, C4<0000>;
v0x18090570_0 .var "DEC", 0 0;
v0x18090630_0 .net "H", 0 0, v0x18073820_0;  alias, 1 drivers
v0x180906d0_0 .var "LD0", 0 0;
v0x18090770_0 .var "LD1", 0 0;
v0x18090810_0 .var "LD2", 0 0;
v0x18090900_0 .var "LD3", 0 0;
v0x180909a0_0 .net "O", 0 0, v0x18052520_0;  alias, 1 drivers
v0x18090a40_0 .var "SH", 0 0;
v0x18090ae0_0 .net "T", 0 0, v0x18052020_0;  alias, 1 drivers
v0x18090b80_0 .net "Z", 0 0, v0x1808f740_0;  alias, 1 drivers
v0x18090c20_0 .net "clk", 0 0, o0x726c721642e8;  alias, 0 drivers
v0x18090cf0_0 .var "count", 4 0;
v0x18090d90_0 .var "current_state", 3 0;
v0x18090e30_0 .var "done", 0 0;
v0x18090ef0_0 .net "init", 0 0, o0x726c72164558;  alias, 0 drivers
v0x18090fb0_0 .net "rst", 0 0, o0x726c72164588;  alias, 0 drivers
v0x18091070_0 .var "state_name", 320 1;
E_0x180904b0 .event anyedge, v0x18090d90_0;
E_0x18090510 .event negedge, v0x1808f7e0_0;
S_0x18091310 .scope module, "lsr0" "lsr_A_res" 2 33, 6 1 0, S_0x18031a50;
 .timescale -8 -8;
    .port_info 0 /INPUT 1 "clk";
    .port_info 1 /INPUT 8 "A_bin";
    .port_info 2 /INPUT 4 "ones_comp2";
    .port_info 3 /INPUT 4 "tens_comp2";
    .port_info 4 /INPUT 4 "hundreds_comp2";
    .port_info 5 /INPUT 1 "LD0";
    .port_info 6 /INPUT 1 "LD1";
    .port_info 7 /INPUT 1 "LD2";
    .port_info 8 /INPUT 1 "LD3";
    .port_info 9 /INPUT 1 "SH";
    .port_info 10 /OUTPUT 4 "bcd_ones";
    .port_info 11 /OUTPUT 4 "bcd_tens";
    .port_info 12 /OUTPUT 4 "bcd_hundreds";
    .port_info 13 /OUTPUT 12 "A_bcd";
    .port_info 14 /OUTPUT 8 "out_A";
v0x18091690_0 .var "A_bcd", 11 0;
v0x18091790_0 .net "A_bin", 7 0, o0x726c721648b8;  alias, 0 drivers
v0x18091870_0 .net "LD0", 0 0, v0x180906d0_0;  alias, 1 drivers
v0x18091990_0 .net "LD1", 0 0, v0x18090770_0;  alias, 1 drivers
v0x18091a30_0 .net "LD2", 0 0, v0x18090810_0;  alias, 1 drivers
v0x18091b20_0 .net "LD3", 0 0, v0x18090900_0;  alias, 1 drivers
v0x18091bf0_0 .net "SH", 0 0, v0x18090a40_0;  alias, 1 drivers
v0x18091cc0_0 .var "bcd_hundreds", 3 0;
v0x18091d90_0 .var "bcd_ones", 3 0;
v0x18091e60_0 .var "bcd_tens", 3 0;
v0x18091f30_0 .net "clk", 0 0, o0x726c721642e8;  alias, 0 drivers
v0x18091fd0_0 .net "hundreds_comp2", 3 0, v0x18092810_0;  alias, 1 drivers
v0x18092070_0 .net "ones_comp2", 3 0, v0x18092c70_0;  alias, 1 drivers
v0x18092110_0 .var "out_A", 7 0;
v0x180921d0_0 .net "tens_comp2", 3 0, v0x18093110_0;  alias, 1 drivers
S_0x18092490 .scope module, "sum_comp2_hundreds" "sum_comp2" 2 58, 7 1 0, S_0x18031a50;
 .timescale -8 -8;
    .port_info 0 /INPUT 4 "in_bcd";
    .port_info 1 /OUTPUT 4 "out_bcd";
v0x180926e0_0 .net "in_bcd", 3 0, v0x18091cc0_0;  alias, 1 drivers
v0x18092810_0 .var "out_bcd", 3 0;
S_0x18092910 .scope module, "sum_comp2_ones" "sum_comp2" 2 68, 7 1 0, S_0x18031a50;
 .timescale -8 -8;
    .port_info 0 /INPUT 4 "in_bcd";
    .port_info 1 /OUTPUT 4 "out_bcd";
v0x18092b40_0 .net "in_bcd", 3 0, v0x18091d90_0;  alias, 1 drivers
v0x18092c70_0 .var "out_bcd", 3 0;
S_0x18092d70 .scope module, "sum_comp2_tens" "sum_comp2" 2 63, 7 1 0, S_0x18031a50;
 .timescale -8 -8;
    .port_info 0 /INPUT 4 "in_bcd";
    .port_info 1 /OUTPUT 4 "out_bcd";
v0x18092fe0_0 .net "in_bcd", 3 0, v0x18091e60_0;  alias, 1 drivers
v0x18093110_0 .var "out_bcd", 3 0;
S_0x18031be0 .scope module, "bin2bcd_control_TB" "bin2bcd_control_TB" 8 4;
 .timescale -8 -8;
v0x18096230_0 .net "DEC", 0 0, v0x180951f0_0;  1 drivers
v0x180962f0_0 .var "H", 0 0;
v0x18096390_0 .net "LD0", 0 0, v0x18095390_0;  1 drivers
v0x18096430_0 .net "LD1", 0 0, v0x18095430_0;  1 drivers
v0x180964d0_0 .net "LD2", 0 0, v0x180954f0_0;  1 drivers
v0x18096570_0 .net "LD3", 0 0, v0x18095600_0;  1 drivers
v0x18096610_0 .var "O", 0 0;
v0x180966b0_0 .net "SH", 0 0, v0x18095780_0;  1 drivers
v0x18096750_0 .var "T", 0 0;
v0x180967f0_0 .var "Z", 0 0;
v0x180968c0_0 .var "clk", 0 0;
v0x18096990_0 .net "done", 0 0, v0x18095c40_0;  1 drivers
v0x18096a60_0 .var "init", 0 0;
v0x18096b30_0 .var "rst", 0 0;
E_0x1804b2a0 .event anyedge, v0x18095c40_0;
E_0x180946a0 .event posedge, v0x180959c0_0;
S_0x18094700 .scope module, "uut" "bin2bcd_control" 8 27, 5 1 0, S_0x18031be0;
 .timescale -8 -8;
    .port_info 0 /INPUT 1 "clk";
    .port_info 1 /INPUT 1 "init";
    .port_info 2 /INPUT 1 "rst";
    .port_info 3 /INPUT 1 "O";
    .port_info 4 /INPUT 1 "T";
    .port_info 5 /INPUT 1 "H";
    .port_info 6 /INPUT 1 "Z";
    .port_info 7 /OUTPUT 1 "done";
    .port_info 8 /OUTPUT 1 "LD0";
    .port_info 9 /OUTPUT 1 "LD1";
    .port_info 10 /OUTPUT 1 "LD2";
    .port_info 11 /OUTPUT 1 "LD3";
    .port_info 12 /OUTPUT 1 "DEC";
    .port_info 13 /OUTPUT 1 "SH";
P_0x18094900 .param/l "CHECK" 0 5 7, C4<0010>;
P_0x18094940 .param/l "DEC_I" 0 5 11, C4<0110>;
P_0x18094980 .param/l "FCHECK" 0 5 12, C4<0111>;
P_0x180949c0 .param/l "FINISH" 0 5 13, C4<1000>;
P_0x18094a00 .param/l "LOAD_H" 0 5 10, C4<0101>;
P_0x18094a40 .param/l "LOAD_O" 0 5 8, C4<0011>;
P_0x18094a80 .param/l "LOAD_T" 0 5 9, C4<0100>;
P_0x18094ac0 .param/l "SHIFT" 0 5 6, C4<0001>;
P_0x18094b00 .param/l "START" 0 5 5, C4<0000>;
v0x180951f0_0 .var "DEC", 0 0;
v0x180952d0_0 .net "H", 0 0, v0x180962f0_0;  1 drivers
v0x18095390_0 .var "LD0", 0 0;
v0x18095430_0 .var "LD1", 0 0;
v0x180954f0_0 .var "LD2", 0 0;
v0x18095600_0 .var "LD3", 0 0;
v0x180956c0_0 .net "O", 0 0, v0x18096610_0;  1 drivers
v0x18095780_0 .var "SH", 0 0;
v0x18095840_0 .net "T", 0 0, v0x18096750_0;  1 drivers
v0x18095900_0 .net "Z", 0 0, v0x180967f0_0;  1 drivers
v0x180959c0_0 .net "clk", 0 0, v0x180968c0_0;  1 drivers
v0x18095a80_0 .var "count", 4 0;
v0x18095b60_0 .var "current_state", 3 0;
v0x18095c40_0 .var "done", 0 0;
v0x18095d00_0 .net "init", 0 0, v0x18096a60_0;  1 drivers
v0x18095dc0_0 .net "rst", 0 0, v0x18096b30_0;  1 drivers
v0x18095e80_0 .var "state_name", 320 1;
E_0x18095130 .event anyedge, v0x18095b60_0;
E_0x18095190 .event negedge, v0x180959c0_0;
    .scope S_0x18091310;
T_0 ;
    %wait E_0x1808f5e0;
    %load/vec4 v0x18091870_0;
    %flag_set/vec4 8;
    %jmp/0xz  T_0.0, 8;
    %load/vec4 v0x18091790_0;
    %store/vec4 v0x18092110_0, 0, 8;
    %pushi/vec4 0, 0, 12;
    %store/vec4 v0x18091690_0, 0, 12;
    %jmp T_0.1;
T_0.0 ;
    %load/vec4 v0x18091990_0;
    %flag_set/vec4 8;
    %jmp/0xz  T_0.2, 8;
    %load/vec4 v0x18092070_0;
    %ix/load 4, 0, 0;
    %flag_set/imm 4, 0;
    %store/vec4 v0x18091690_0, 4, 4;
    %jmp T_0.3;
T_0.2 ;
    %load/vec4 v0x18091a30_0;
    %flag_set/vec4 8;
    %jmp/0xz  T_0.4, 8;
    %load/vec4 v0x180921d0_0;
    %ix/load 4, 4, 0;
    %flag_set/imm 4, 0;
    %store/vec4 v0x18091690_0, 4, 4;
    %jmp T_0.5;
T_0.4 ;
    %load/vec4 v0x18091b20_0;
    %flag_set/vec4 8;
    %jmp/0xz  T_0.6, 8;
    %load/vec4 v0x18091fd0_0;
    %ix/load 4, 8, 0;
    %flag_set/imm 4, 0;
    %store/vec4 v0x18091690_0, 4, 4;
    %jmp T_0.7;
T_0.6 ;
    %load/vec4 v0x18091bf0_0;
    %flag_set/vec4 8;
    %jmp/0xz  T_0.8, 8;
    %load/vec4 v0x18091690_0;
    %parti/s 11, 0, 2;
    %load/vec4 v0x18092110_0;
    %parti/s 1, 7, 4;
    %concat/vec4; draw_concat_vec4
    %store/vec4 v0x18091690_0, 0, 12;
    %load/vec4 v0x18092110_0;
    %ix/load 4, 1, 0;
    %flag_set/imm 4, 0;
    %shiftl 4;
    %store/vec4 v0x18092110_0, 0, 8;
T_0.8 ;
T_0.7 ;
T_0.5 ;
T_0.3 ;
T_0.1 ;
    %load/vec4 v0x18091690_0;
    %parti/s 4, 0, 2;
    %store/vec4 v0x18091d90_0, 0, 4;
    %load/vec4 v0x18091690_0;
    %parti/s 4, 4, 4;
    %store/vec4 v0x18091e60_0, 0, 4;
    %load/vec4 v0x18091690_0;
    %parti/s 4, 8, 5;
    %store/vec4 v0x18091cc0_0, 0, 4;
    %jmp T_0;
    .thread T_0;
    .scope S_0x1808ed80;
T_1 ;
    %wait E_0x180041f0;
    %load/vec4 v0x18052a20_0;
    %pad/u 32;
    %cmpi/u 5, 0, 32;
    %flag_inv 5; GE is !LT
    %jmp/0xz  T_1.0, 5;
    %pushi/vec4 1, 0, 1;
    %store/vec4 v0x18052520_0, 0, 1;
    %jmp T_1.1;
T_1.0 ;
    %pushi/vec4 0, 0, 1;
    %store/vec4 v0x18052520_0, 0, 1;
T_1.1 ;
    %jmp T_1;
    .thread T_1, $push;
    .scope S_0x1808f0d0;
T_2 ;
    %wait E_0x18074600;
    %load/vec4 v0x18016650_0;
    %pad/u 32;
    %cmpi/u 5, 0, 32;
    %flag_inv 5; GE is !LT
    %jmp/0xz  T_2.0, 5;
    %pushi/vec4 1, 0, 1;
    %store/vec4 v0x18052020_0, 0, 1;
    %jmp T_2.1;
T_2.0 ;
    %pushi/vec4 0, 0, 1;
    %store/vec4 v0x18052020_0, 0, 1;
T_2.1 ;
    %jmp T_2;
    .thread T_2, $push;
    .scope S_0x17fe0140;
T_3 ;
    %wait E_0x1804a8e0;
    %load/vec4 v0x18067780_0;
    %pad/u 32;
    %cmpi/u 5, 0, 32;
    %flag_inv 5; GE is !LT
    %jmp/0xz  T_3.0, 5;
    %pushi/vec4 1, 0, 1;
    %store/vec4 v0x18073820_0, 0, 1;
    %jmp T_3.1;
T_3.0 ;
    %pushi/vec4 0, 0, 1;
    %store/vec4 v0x18073820_0, 0, 1;
T_3.1 ;
    %jmp T_3;
    .thread T_3, $push;
    .scope S_0x1808f400;
T_4 ;
    %wait E_0x1808f5e0;
    %load/vec4 v0x1808f680_0;
    %flag_set/vec4 8;
    %jmp/0xz  T_4.0, 8;
    %pushi/vec4 8, 0, 8;
    %assign/vec4 v0x1808f8a0_0, 0;
    %jmp T_4.1;
T_4.0 ;
    %load/vec4 v0x1805a880_0;
    %flag_set/vec4 8;
    %jmp/0xz  T_4.2, 8;
    %load/vec4 v0x1808f8a0_0;
    %subi 1, 0, 8;
    %assign/vec4 v0x1808f8a0_0, 0;
T_4.2 ;
T_4.1 ;
    %load/vec4 v0x1808f8a0_0;
    %pad/u 32;
    %pushi/vec4 0, 0, 32;
    %cmp/e;
    %flag_get/vec4 4;
    %store/vec4 v0x1808f740_0, 0, 1;
    %jmp T_4;
    .thread T_4;
    .scope S_0x18092490;
T_5 ;
    %wait E_0x1804a8e0;
    %load/vec4 v0x180926e0_0;
    %addi 3, 0, 4;
    %store/vec4 v0x18092810_0, 0, 4;
    %jmp T_5;
    .thread T_5, $push;
    .scope S_0x18092d70;
T_6 ;
    %wait E_0x18074600;
    %load/vec4 v0x18092fe0_0;
    %addi 3, 0, 4;
    %store/vec4 v0x18093110_0, 0, 4;
    %jmp T_6;
    .thread T_6, $push;
    .scope S_0x18092910;
T_7 ;
    %wait E_0x180041f0;
    %load/vec4 v0x18092b40_0;
    %addi 3, 0, 4;
    %store/vec4 v0x18092c70_0, 0, 4;
    %jmp T_7;
    .thread T_7, $push;
    .scope S_0x1808fa50;
T_8 ;
    %wait E_0x18090510;
    %load/vec4 v0x18090fb0_0;
    %flag_set/vec4 8;
    %jmp/0xz  T_8.0, 8;
    %pushi/vec4 0, 0, 4;
    %store/vec4 v0x18090d90_0, 0, 4;
    %jmp T_8.1;
T_8.0 ;
    %load/vec4 v0x18090d90_0;
    %dup/vec4;
    %pushi/vec4 0, 0, 4;
    %cmp/u;
    %jmp/1 T_8.2, 6;
    %dup/vec4;
    %pushi/vec4 1, 0, 4;
    %cmp/u;
    %jmp/1 T_8.3, 6;
    %dup/vec4;
    %pushi/vec4 2, 0, 4;
    %cmp/u;
    %jmp/1 T_8.4, 6;
    %dup/vec4;
    %pushi/vec4 3, 0, 4;
    %cmp/u;
    %jmp/1 T_8.5, 6;
    %dup/vec4;
    %pushi/vec4 4, 0, 4;
    %cmp/u;
    %jmp/1 T_8.6, 6;
    %dup/vec4;
    %pushi/vec4 5, 0, 4;
    %cmp/u;
    %jmp/1 T_8.7, 6;
    %dup/vec4;
    %pushi/vec4 6, 0, 4;
    %cmp/u;
    %jmp/1 T_8.8, 6;
    %dup/vec4;
    %pushi/vec4 7, 0, 4;
    %cmp/u;
    %jmp/1 T_8.9, 6;
    %dup/vec4;
    %pushi/vec4 8, 0, 4;
    %cmp/u;
    %jmp/1 T_8.10, 6;
    %pushi/vec4 0, 0, 4;
    %store/vec4 v0x18090d90_0, 0, 4;
    %jmp T_8.12;
T_8.2 ;
    %load/vec4 v0x18090ef0_0;
    %flag_set/vec4 8;
    %jmp/0xz  T_8.13, 8;
    %pushi/vec4 1, 0, 4;
    %store/vec4 v0x18090d90_0, 0, 4;
    %pushi/vec4 0, 0, 5;
    %store/vec4 v0x18090cf0_0, 0, 5;
    %jmp T_8.14;
T_8.13 ;
    %pushi/vec4 0, 0, 4;
    %store/vec4 v0x18090d90_0, 0, 4;
T_8.14 ;
    %jmp T_8.12;
T_8.3 ;
    %pushi/vec4 2, 0, 4;
    %store/vec4 v0x18090d90_0, 0, 4;
    %jmp T_8.12;
T_8.4 ;
    %load/vec4 v0x180909a0_0;
    %flag_set/vec4 8;
    %jmp/0xz  T_8.15, 8;
    %pushi/vec4 3, 0, 4;
    %store/vec4 v0x18090d90_0, 0, 4;
    %jmp T_8.16;
T_8.15 ;
    %load/vec4 v0x18090ae0_0;
    %flag_set/vec4 8;
    %jmp/0xz  T_8.17, 8;
    %pushi/vec4 4, 0, 4;
    %store/vec4 v0x18090d90_0, 0, 4;
    %jmp T_8.18;
T_8.17 ;
    %load/vec4 v0x18090630_0;
    %flag_set/vec4 8;
    %jmp/0xz  T_8.19, 8;
    %pushi/vec4 5, 0, 4;
    %store/vec4 v0x18090d90_0, 0, 4;
    %jmp T_8.20;
T_8.19 ;
    %pushi/vec4 6, 0, 4;
    %store/vec4 v0x18090d90_0, 0, 4;
T_8.20 ;
T_8.18 ;
T_8.16 ;
    %jmp T_8.12;
T_8.5 ;
    %pushi/vec4 6, 0, 4;
    %store/vec4 v0x18090d90_0, 0, 4;
    %jmp T_8.12;
T_8.6 ;
    %pushi/vec4 6, 0, 4;
    %store/vec4 v0x18090d90_0, 0, 4;
    %jmp T_8.12;
T_8.7 ;
    %pushi/vec4 6, 0, 4;
    %store/vec4 v0x18090d90_0, 0, 4;
    %jmp T_8.12;
T_8.8 ;
    %pushi/vec4 7, 0, 4;
    %store/vec4 v0x18090d90_0, 0, 4;
    %jmp T_8.12;
T_8.9 ;
    %load/vec4 v0x18090b80_0;
    %flag_set/vec4 8;
    %jmp/0xz  T_8.21, 8;
    %pushi/vec4 8, 0, 4;
    %store/vec4 v0x18090d90_0, 0, 4;
    %jmp T_8.22;
T_8.21 ;
    %pushi/vec4 1, 0, 4;
    %store/vec4 v0x18090d90_0, 0, 4;
T_8.22 ;
    %jmp T_8.12;
T_8.10 ;
    %load/vec4 v0x18090cf0_0;
    %addi 1, 0, 5;
    %store/vec4 v0x18090cf0_0, 0, 5;
    %load/vec4 v0x18090cf0_0;
    %pad/u 32;
    %cmpi/u 28, 0, 32;
    %flag_or 5, 4; GT is !LE
    %flag_inv 5;
    %flag_mov 8, 5;
    %jmp/0 T_8.23, 8;
    %pushi/vec4 0, 0, 4;
    %jmp/1 T_8.24, 8;
T_8.23 ; End of true expr.
    %pushi/vec4 8, 0, 4;
    %jmp/0 T_8.24, 8;
 ; End of false expr.
    %blend;
T_8.24;
    %store/vec4 v0x18090d90_0, 0, 4;
    %jmp T_8.12;
T_8.12 ;
    %pop/vec4 1;
T_8.1 ;
    %jmp T_8;
    .thread T_8;
    .scope S_0x1808fa50;
T_9 ;
    %wait E_0x180904b0;
    %load/vec4 v0x18090d90_0;
    %dup/vec4;
    %pushi/vec4 0, 0, 4;
    %cmp/u;
    %jmp/1 T_9.0, 6;
    %dup/vec4;
    %pushi/vec4 1, 0, 4;
    %cmp/u;
    %jmp/1 T_9.1, 6;
    %dup/vec4;
    %pushi/vec4 2, 0, 4;
    %cmp/u;
    %jmp/1 T_9.2, 6;
    %dup/vec4;
    %pushi/vec4 3, 0, 4;
    %cmp/u;
    %jmp/1 T_9.3, 6;
    %dup/vec4;
    %pushi/vec4 4, 0, 4;
    %cmp/u;
    %jmp/1 T_9.4, 6;
    %dup/vec4;
    %pushi/vec4 5, 0, 4;
    %cmp/u;
    %jmp/1 T_9.5, 6;
    %dup/vec4;
    %pushi/vec4 6, 0, 4;
    %cmp/u;
    %jmp/1 T_9.6, 6;
    %dup/vec4;
    %pushi/vec4 7, 0, 4;
    %cmp/u;
    %jmp/1 T_9.7, 6;
    %dup/vec4;
    %pushi/vec4 8, 0, 4;
    %cmp/u;
    %jmp/1 T_9.8, 6;
    %pushi/vec4 0, 0, 1;
    %assign/vec4 v0x180906d0_0, 0;
    %pushi/vec4 0, 0, 1;
    %assign/vec4 v0x18090770_0, 0;
    %pushi/vec4 0, 0, 1;
    %assign/vec4 v0x18090810_0, 0;
    %pushi/vec4 0, 0, 1;
    %assign/vec4 v0x18090900_0, 0;
    %pushi/vec4 0, 0, 1;
    %assign/vec4 v0x18090570_0, 0;
    %pushi/vec4 0, 0, 1;
    %assign/vec4 v0x18090a40_0, 0;
    %pushi/vec4 0, 0, 1;
    %assign/vec4 v0x18090e30_0, 0;
    %jmp T_9.10;
T_9.0 ;
    %pushi/vec4 1, 0, 1;
    %assign/vec4 v0x180906d0_0, 0;
    %pushi/vec4 0, 0, 1;
    %assign/vec4 v0x18090770_0, 0;
    %pushi/vec4 0, 0, 1;
    %assign/vec4 v0x18090810_0, 0;
    %pushi/vec4 0, 0, 1;
    %assign/vec4 v0x18090900_0, 0;
    %pushi/vec4 0, 0, 1;
    %assign/vec4 v0x18090a40_0, 0;
    %pushi/vec4 0, 0, 1;
    %assign/vec4 v0x18090570_0, 0;
    %pushi/vec4 0, 0, 1;
    %assign/vec4 v0x18090e30_0, 0;
    %jmp T_9.10;
T_9.1 ;
    %pushi/vec4 0, 0, 1;
    %assign/vec4 v0x180906d0_0, 0;
    %pushi/vec4 0, 0, 1;
    %assign/vec4 v0x18090770_0, 0;
    %pushi/vec4 0, 0, 1;
    %assign/vec4 v0x18090810_0, 0;
    %pushi/vec4 0, 0, 1;
    %assign/vec4 v0x18090900_0, 0;
    %pushi/vec4 1, 0, 1;
    %assign/vec4 v0x18090a40_0, 0;
    %pushi/vec4 0, 0, 1;
    %assign/vec4 v0x18090570_0, 0;
    %pushi/vec4 0, 0, 1;
    %assign/vec4 v0x18090e30_0, 0;
    %jmp T_9.10;
T_9.2 ;
    %pushi/vec4 0, 0, 1;
    %assign/vec4 v0x180906d0_0, 0;
    %pushi/vec4 0, 0, 1;
    %assign/vec4 v0x18090770_0, 0;
    %pushi/vec4 0, 0, 1;
    %assign/vec4 v0x18090810_0, 0;
    %pushi/vec4 0, 0, 1;
    %assign/vec4 v0x18090900_0, 0;
    %pushi/vec4 0, 0, 1;
    %assign/vec4 v0x18090a40_0, 0;
    %pushi/vec4 0, 0, 1;
    %assign/vec4 v0x18090570_0, 0;
    %pushi/vec4 0, 0, 1;
    %assign/vec4 v0x18090e30_0, 0;
    %jmp T_9.10;
T_9.3 ;
    %pushi/vec4 0, 0, 1;
    %assign/vec4 v0x180906d0_0, 0;
    %pushi/vec4 1, 0, 1;
    %assign/vec4 v0x18090770_0, 0;
    %pushi/vec4 0, 0, 1;
    %assign/vec4 v0x18090810_0, 0;
    %pushi/vec4 0, 0, 1;
    %assign/vec4 v0x18090900_0, 0;
    %pushi/vec4 0, 0, 1;
    %assign/vec4 v0x18090a40_0, 0;
    %pushi/vec4 0, 0, 1;
    %assign/vec4 v0x18090570_0, 0;
    %pushi/vec4 0, 0, 1;
    %assign/vec4 v0x18090e30_0, 0;
    %jmp T_9.10;
T_9.4 ;
    %pushi/vec4 0, 0, 1;
    %assign/vec4 v0x180906d0_0, 0;
    %pushi/vec4 0, 0, 1;
    %assign/vec4 v0x18090770_0, 0;
    %pushi/vec4 1, 0, 1;
    %assign/vec4 v0x18090810_0, 0;
    %pushi/vec4 0, 0, 1;
    %assign/vec4 v0x18090900_0, 0;
    %pushi/vec4 0, 0, 1;
    %assign/vec4 v0x18090a40_0, 0;
    %pushi/vec4 0, 0, 1;
    %assign/vec4 v0x18090570_0, 0;
    %pushi/vec4 0, 0, 1;
    %assign/vec4 v0x18090e30_0, 0;
    %jmp T_9.10;
T_9.5 ;
    %pushi/vec4 0, 0, 1;
    %assign/vec4 v0x180906d0_0, 0;
    %pushi/vec4 0, 0, 1;
    %assign/vec4 v0x18090770_0, 0;
    %pushi/vec4 0, 0, 1;
    %assign/vec4 v0x18090810_0, 0;
    %pushi/vec4 1, 0, 1;
    %assign/vec4 v0x18090900_0, 0;
    %pushi/vec4 0, 0, 1;
    %assign/vec4 v0x18090a40_0, 0;
    %pushi/vec4 0, 0, 1;
    %assign/vec4 v0x18090570_0, 0;
    %pushi/vec4 0, 0, 1;
    %assign/vec4 v0x18090e30_0, 0;
    %jmp T_9.10;
T_9.6 ;
    %pushi/vec4 0, 0, 1;
    %assign/vec4 v0x180906d0_0, 0;
    %pushi/vec4 0, 0, 1;
    %assign/vec4 v0x18090770_0, 0;
    %pushi/vec4 0, 0, 1;
    %assign/vec4 v0x18090810_0, 0;
    %pushi/vec4 0, 0, 1;
    %assign/vec4 v0x18090900_0, 0;
    %pushi/vec4 0, 0, 1;
    %assign/vec4 v0x18090a40_0, 0;
    %pushi/vec4 1, 0, 1;
    %assign/vec4 v0x18090570_0, 0;
    %pushi/vec4 0, 0, 1;
    %assign/vec4 v0x18090e30_0, 0;
    %jmp T_9.10;
T_9.7 ;
    %pushi/vec4 0, 0, 1;
    %assign/vec4 v0x180906d0_0, 0;
    %pushi/vec4 0, 0, 1;
    %assign/vec4 v0x18090770_0, 0;
    %pushi/vec4 0, 0, 1;
    %assign/vec4 v0x18090810_0, 0;
    %pushi/vec4 0, 0, 1;
    %assign/vec4 v0x18090900_0, 0;
    %pushi/vec4 0, 0, 1;
    %assign/vec4 v0x18090a40_0, 0;
    %pushi/vec4 0, 0, 1;
    %assign/vec4 v0x18090570_0, 0;
    %pushi/vec4 0, 0, 1;
    %assign/vec4 v0x18090e30_0, 0;
    %jmp T_9.10;
T_9.8 ;
    %pushi/vec4 0, 0, 1;
    %assign/vec4 v0x180906d0_0, 0;
    %pushi/vec4 0, 0, 1;
    %assign/vec4 v0x18090770_0, 0;
    %pushi/vec4 0, 0, 1;
    %assign/vec4 v0x18090810_0, 0;
    %pushi/vec4 0, 0, 1;
    %assign/vec4 v0x18090900_0, 0;
    %pushi/vec4 0, 0, 1;
    %assign/vec4 v0x18090a40_0, 0;
    %pushi/vec4 0, 0, 1;
    %assign/vec4 v0x18090570_0, 0;
    %pushi/vec4 1, 0, 1;
    %assign/vec4 v0x18090e30_0, 0;
    %jmp T_9.10;
T_9.10 ;
    %pop/vec4 1;
    %jmp T_9;
    .thread T_9, $push;
    .scope S_0x1808fa50;
T_10 ;
    %wait E_0x180904b0;
    %load/vec4 v0x18090d90_0;
    %dup/vec4;
    %pushi/vec4 0, 0, 4;
    %cmp/u;
    %jmp/1 T_10.0, 6;
    %dup/vec4;
    %pushi/vec4 1, 0, 4;
    %cmp/u;
    %jmp/1 T_10.1, 6;
    %dup/vec4;
    %pushi/vec4 2, 0, 4;
    %cmp/u;
    %jmp/1 T_10.2, 6;
    %dup/vec4;
    %pushi/vec4 3, 0, 4;
    %cmp/u;
    %jmp/1 T_10.3, 6;
    %dup/vec4;
    %pushi/vec4 4, 0, 4;
    %cmp/u;
    %jmp/1 T_10.4, 6;
    %dup/vec4;
    %pushi/vec4 5, 0, 4;
    %cmp/u;
    %jmp/1 T_10.5, 6;
    %dup/vec4;
    %pushi/vec4 6, 0, 4;
    %cmp/u;
    %jmp/1 T_10.6, 6;
    %dup/vec4;
    %pushi/vec4 7, 0, 4;
    %cmp/u;
    %jmp/1 T_10.7, 6;
    %dup/vec4;
    %pushi/vec4 8, 0, 4;
    %cmp/u;
    %jmp/1 T_10.8, 6;
    %jmp T_10.9;
T_10.0 ;
    %pushi/vec4 0, 0, 32; draw_string_vec4
    %pushi/vec4 0, 0, 32; draw_string_vec4
    %concat/vec4; draw_string_vec4
    %pushi/vec4 0, 0, 32; draw_string_vec4
    %concat/vec4; draw_string_vec4
    %pushi/vec4 0, 0, 32; draw_string_vec4
    %concat/vec4; draw_string_vec4
    %pushi/vec4 0, 0, 32; draw_string_vec4
    %concat/vec4; draw_string_vec4
    %pushi/vec4 0, 0, 32; draw_string_vec4
    %concat/vec4; draw_string_vec4
    %pushi/vec4 0, 0, 32; draw_string_vec4
    %concat/vec4; draw_string_vec4
    %pushi/vec4 0, 0, 32; draw_string_vec4
    %concat/vec4; draw_string_vec4
    %pushi/vec4 83, 0, 32; draw_string_vec4
    %concat/vec4; draw_string_vec4
    %pushi/vec4 1413567060, 0, 32; draw_string_vec4
    %concat/vec4; draw_string_vec4
    %store/vec4 v0x18091070_0, 0, 320;
    %jmp T_10.9;
T_10.1 ;
    %pushi/vec4 0, 0, 32; draw_string_vec4
    %pushi/vec4 0, 0, 32; draw_string_vec4
    %concat/vec4; draw_string_vec4
    %pushi/vec4 0, 0, 32; draw_string_vec4
    %concat/vec4; draw_string_vec4
    %pushi/vec4 0, 0, 32; draw_string_vec4
    %concat/vec4; draw_string_vec4
    %pushi/vec4 0, 0, 32; draw_string_vec4
    %concat/vec4; draw_string_vec4
    %pushi/vec4 0, 0, 32; draw_string_vec4
    %concat/vec4; draw_string_vec4
    %pushi/vec4 0, 0, 32; draw_string_vec4
    %concat/vec4; draw_string_vec4
    %pushi/vec4 0, 0, 32; draw_string_vec4
    %concat/vec4; draw_string_vec4
    %pushi/vec4 83, 0, 32; draw_string_vec4
    %concat/vec4; draw_string_vec4
    %pushi/vec4 1212761684, 0, 32; draw_string_vec4
    %concat/vec4; draw_string_vec4
    %store/vec4 v0x18091070_0, 0, 320;
    %jmp T_10.9;
T_10.2 ;
    %pushi/vec4 0, 0, 32; draw_string_vec4
    %pushi/vec4 0, 0, 32; draw_string_vec4
    %concat/vec4; draw_string_vec4
    %pushi/vec4 0, 0, 32; draw_string_vec4
    %concat/vec4; draw_string_vec4
    %pushi/vec4 0, 0, 32; draw_string_vec4
    %concat/vec4; draw_string_vec4
    %pushi/vec4 0, 0, 32; draw_string_vec4
    %concat/vec4; draw_string_vec4
    %pushi/vec4 0, 0, 32; draw_string_vec4
    %concat/vec4; draw_string_vec4
    %pushi/vec4 0, 0, 32; draw_string_vec4
    %concat/vec4; draw_string_vec4
    %pushi/vec4 0, 0, 32; draw_string_vec4
    %concat/vec4; draw_string_vec4
    %pushi/vec4 67, 0, 32; draw_string_vec4
    %concat/vec4; draw_string_vec4
    %pushi/vec4 1212498763, 0, 32; draw_string_vec4
    %concat/vec4; draw_string_vec4
    %store/vec4 v0x18091070_0, 0, 320;
    %jmp T_10.9;
T_10.3 ;
    %pushi/vec4 0, 0, 32; draw_string_vec4
    %pushi/vec4 0, 0, 32; draw_string_vec4
    %concat/vec4; draw_string_vec4
    %pushi/vec4 0, 0, 32; draw_string_vec4
    %concat/vec4; draw_string_vec4
    %pushi/vec4 0, 0, 32; draw_string_vec4
    %concat/vec4; draw_string_vec4
    %pushi/vec4 0, 0, 32; draw_string_vec4
    %concat/vec4; draw_string_vec4
    %pushi/vec4 0, 0, 32; draw_string_vec4
    %concat/vec4; draw_string_vec4
    %pushi/vec4 0, 0, 32; draw_string_vec4
    %concat/vec4; draw_string_vec4
    %pushi/vec4 0, 0, 32; draw_string_vec4
    %concat/vec4; draw_string_vec4
    %pushi/vec4 19535, 0, 32; draw_string_vec4
    %concat/vec4; draw_string_vec4
    %pushi/vec4 1094999887, 0, 32; draw_string_vec4
    %concat/vec4; draw_string_vec4
    %store/vec4 v0x18091070_0, 0, 320;
    %jmp T_10.9;
T_10.4 ;
    %pushi/vec4 0, 0, 32; draw_string_vec4
    %pushi/vec4 0, 0, 32; draw_string_vec4
    %concat/vec4; draw_string_vec4
    %pushi/vec4 0, 0, 32; draw_string_vec4
    %concat/vec4; draw_string_vec4
    %pushi/vec4 0, 0, 32; draw_string_vec4
    %concat/vec4; draw_string_vec4
    %pushi/vec4 0, 0, 32; draw_string_vec4
    %concat/vec4; draw_string_vec4
    %pushi/vec4 0, 0, 32; draw_string_vec4
    %concat/vec4; draw_string_vec4
    %pushi/vec4 0, 0, 32; draw_string_vec4
    %concat/vec4; draw_string_vec4
    %pushi/vec4 0, 0, 32; draw_string_vec4
    %concat/vec4; draw_string_vec4
    %pushi/vec4 19535, 0, 32; draw_string_vec4
    %concat/vec4; draw_string_vec4
    %pushi/vec4 1094999892, 0, 32; draw_string_vec4
    %concat/vec4; draw_string_vec4
    %store/vec4 v0x18091070_0, 0, 320;
    %jmp T_10.9;
T_10.5 ;
    %pushi/vec4 0, 0, 32; draw_string_vec4
    %pushi/vec4 0, 0, 32; draw_string_vec4
    %concat/vec4; draw_string_vec4
    %pushi/vec4 0, 0, 32; draw_string_vec4
    %concat/vec4; draw_string_vec4
    %pushi/vec4 0, 0, 32; draw_string_vec4
    %concat/vec4; draw_string_vec4
    %pushi/vec4 0, 0, 32; draw_string_vec4
    %concat/vec4; draw_string_vec4
    %pushi/vec4 0, 0, 32; draw_string_vec4
    %concat/vec4; draw_string_vec4
    %pushi/vec4 0, 0, 32; draw_string_vec4
    %concat/vec4; draw_string_vec4
    %pushi/vec4 0, 0, 32; draw_string_vec4
    %concat/vec4; draw_string_vec4
    %pushi/vec4 19535, 0, 32; draw_string_vec4
    %concat/vec4; draw_string_vec4
    %pushi/vec4 1094999880, 0, 32; draw_string_vec4
    %concat/vec4; draw_string_vec4
    %store/vec4 v0x18091070_0, 0, 320;
    %jmp T_10.9;
T_10.6 ;
    %pushi/vec4 0, 0, 32; draw_string_vec4
    %pushi/vec4 0, 0, 32; draw_string_vec4
    %concat/vec4; draw_string_vec4
    %pushi/vec4 0, 0, 32; draw_string_vec4
    %concat/vec4; draw_string_vec4
    %pushi/vec4 0, 0, 32; draw_string_vec4
    %concat/vec4; draw_string_vec4
    %pushi/vec4 0, 0, 32; draw_string_vec4
    %concat/vec4; draw_string_vec4
    %pushi/vec4 0, 0, 32; draw_string_vec4
    %concat/vec4; draw_string_vec4
    %pushi/vec4 0, 0, 32; draw_string_vec4
    %concat/vec4; draw_string_vec4
    %pushi/vec4 0, 0, 32; draw_string_vec4
    %concat/vec4; draw_string_vec4
    %pushi/vec4 68, 0, 32; draw_string_vec4
    %concat/vec4; draw_string_vec4
    %pushi/vec4 1162043209, 0, 32; draw_string_vec4
    %concat/vec4; draw_string_vec4
    %store/vec4 v0x18091070_0, 0, 320;
    %jmp T_10.9;
T_10.7 ;
    %pushi/vec4 0, 0, 32; draw_string_vec4
    %pushi/vec4 0, 0, 32; draw_string_vec4
    %concat/vec4; draw_string_vec4
    %pushi/vec4 0, 0, 32; draw_string_vec4
    %concat/vec4; draw_string_vec4
    %pushi/vec4 0, 0, 32; draw_string_vec4
    %concat/vec4; draw_string_vec4
    %pushi/vec4 0, 0, 32; draw_string_vec4
    %concat/vec4; draw_string_vec4
    %pushi/vec4 0, 0, 32; draw_string_vec4
    %concat/vec4; draw_string_vec4
    %pushi/vec4 0, 0, 32; draw_string_vec4
    %concat/vec4; draw_string_vec4
    %pushi/vec4 0, 0, 32; draw_string_vec4
    %concat/vec4; draw_string_vec4
    %pushi/vec4 17987, 0, 32; draw_string_vec4
    %concat/vec4; draw_string_vec4
    %pushi/vec4 1212498763, 0, 32; draw_string_vec4
    %concat/vec4; draw_string_vec4
    %store/vec4 v0x18091070_0, 0, 320;
    %jmp T_10.9;
T_10.8 ;
    %pushi/vec4 0, 0, 32; draw_string_vec4
    %pushi/vec4 0, 0, 32; draw_string_vec4
    %concat/vec4; draw_string_vec4
    %pushi/vec4 0, 0, 32; draw_string_vec4
    %concat/vec4; draw_string_vec4
    %pushi/vec4 0, 0, 32; draw_string_vec4
    %concat/vec4; draw_string_vec4
    %pushi/vec4 0, 0, 32; draw_string_vec4
    %concat/vec4; draw_string_vec4
    %pushi/vec4 0, 0, 32; draw_string_vec4
    %concat/vec4; draw_string_vec4
    %pushi/vec4 0, 0, 32; draw_string_vec4
    %concat/vec4; draw_string_vec4
    %pushi/vec4 0, 0, 32; draw_string_vec4
    %concat/vec4; draw_string_vec4
    %pushi/vec4 17993, 0, 32; draw_string_vec4
    %concat/vec4; draw_string_vec4
    %pushi/vec4 1313428296, 0, 32; draw_string_vec4
    %concat/vec4; draw_string_vec4
    %store/vec4 v0x18091070_0, 0, 320;
    %jmp T_10.9;
T_10.9 ;
    %pop/vec4 1;
    %jmp T_10;
    .thread T_10, $push;
    .scope S_0x18094700;
T_11 ;
    %wait E_0x18095190;
    %load/vec4 v0x18095dc0_0;
    %flag_set/vec4 8;
    %jmp/0xz  T_11.0, 8;
    %pushi/vec4 0, 0, 4;
    %store/vec4 v0x18095b60_0, 0, 4;
    %jmp T_11.1;
T_11.0 ;
    %load/vec4 v0x18095b60_0;
    %dup/vec4;
    %pushi/vec4 0, 0, 4;
    %cmp/u;
    %jmp/1 T_11.2, 6;
    %dup/vec4;
    %pushi/vec4 1, 0, 4;
    %cmp/u;
    %jmp/1 T_11.3, 6;
    %dup/vec4;
    %pushi/vec4 2, 0, 4;
    %cmp/u;
    %jmp/1 T_11.4, 6;
    %dup/vec4;
    %pushi/vec4 3, 0, 4;
    %cmp/u;
    %jmp/1 T_11.5, 6;
    %dup/vec4;
    %pushi/vec4 4, 0, 4;
    %cmp/u;
    %jmp/1 T_11.6, 6;
    %dup/vec4;
    %pushi/vec4 5, 0, 4;
    %cmp/u;
    %jmp/1 T_11.7, 6;
    %dup/vec4;
    %pushi/vec4 6, 0, 4;
    %cmp/u;
    %jmp/1 T_11.8, 6;
    %dup/vec4;
    %pushi/vec4 7, 0, 4;
    %cmp/u;
    %jmp/1 T_11.9, 6;
    %dup/vec4;
    %pushi/vec4 8, 0, 4;
    %cmp/u;
    %jmp/1 T_11.10, 6;
    %pushi/vec4 0, 0, 4;
    %store/vec4 v0x18095b60_0, 0, 4;
    %jmp T_11.12;
T_11.2 ;
    %load/vec4 v0x18095d00_0;
    %flag_set/vec4 8;
    %jmp/0xz  T_11.13, 8;
    %pushi/vec4 1, 0, 4;
    %store/vec4 v0x18095b60_0, 0, 4;
    %pushi/vec4 0, 0, 5;
    %store/vec4 v0x18095a80_0, 0, 5;
    %jmp T_11.14;
T_11.13 ;
    %pushi/vec4 0, 0, 4;
    %store/vec4 v0x18095b60_0, 0, 4;
T_11.14 ;
    %jmp T_11.12;
T_11.3 ;
    %pushi/vec4 2, 0, 4;
    %store/vec4 v0x18095b60_0, 0, 4;
    %jmp T_11.12;
T_11.4 ;
    %load/vec4 v0x180956c0_0;
    %flag_set/vec4 8;
    %jmp/0xz  T_11.15, 8;
    %pushi/vec4 3, 0, 4;
    %store/vec4 v0x18095b60_0, 0, 4;
    %jmp T_11.16;
T_11.15 ;
    %load/vec4 v0x18095840_0;
    %flag_set/vec4 8;
    %jmp/0xz  T_11.17, 8;
    %pushi/vec4 4, 0, 4;
    %store/vec4 v0x18095b60_0, 0, 4;
    %jmp T_11.18;
T_11.17 ;
    %load/vec4 v0x180952d0_0;
    %flag_set/vec4 8;
    %jmp/0xz  T_11.19, 8;
    %pushi/vec4 5, 0, 4;
    %store/vec4 v0x18095b60_0, 0, 4;
    %jmp T_11.20;
T_11.19 ;
    %pushi/vec4 6, 0, 4;
    %store/vec4 v0x18095b60_0, 0, 4;
T_11.20 ;
T_11.18 ;
T_11.16 ;
    %jmp T_11.12;
T_11.5 ;
    %pushi/vec4 6, 0, 4;
    %store/vec4 v0x18095b60_0, 0, 4;
    %jmp T_11.12;
T_11.6 ;
    %pushi/vec4 6, 0, 4;
    %store/vec4 v0x18095b60_0, 0, 4;
    %jmp T_11.12;
T_11.7 ;
    %pushi/vec4 6, 0, 4;
    %store/vec4 v0x18095b60_0, 0, 4;
    %jmp T_11.12;
T_11.8 ;
    %pushi/vec4 7, 0, 4;
    %store/vec4 v0x18095b60_0, 0, 4;
    %jmp T_11.12;
T_11.9 ;
    %load/vec4 v0x18095900_0;
    %flag_set/vec4 8;
    %jmp/0xz  T_11.21, 8;
    %pushi/vec4 8, 0, 4;
    %store/vec4 v0x18095b60_0, 0, 4;
    %jmp T_11.22;
T_11.21 ;
    %pushi/vec4 1, 0, 4;
    %store/vec4 v0x18095b60_0, 0, 4;
T_11.22 ;
    %jmp T_11.12;
T_11.10 ;
    %load/vec4 v0x18095a80_0;
    %addi 1, 0, 5;
    %store/vec4 v0x18095a80_0, 0, 5;
    %load/vec4 v0x18095a80_0;
    %pad/u 32;
    %cmpi/u 28, 0, 32;
    %flag_or 5, 4; GT is !LE
    %flag_inv 5;
    %flag_mov 8, 5;
    %jmp/0 T_11.23, 8;
    %pushi/vec4 0, 0, 4;
    %jmp/1 T_11.24, 8;
T_11.23 ; End of true expr.
    %pushi/vec4 8, 0, 4;
    %jmp/0 T_11.24, 8;
 ; End of false expr.
    %blend;
T_11.24;
    %store/vec4 v0x18095b60_0, 0, 4;
    %jmp T_11.12;
T_11.12 ;
    %pop/vec4 1;
T_11.1 ;
    %jmp T_11;
    .thread T_11;
    .scope S_0x18094700;
T_12 ;
    %wait E_0x18095130;
    %load/vec4 v0x18095b60_0;
    %dup/vec4;
    %pushi/vec4 0, 0, 4;
    %cmp/u;
    %jmp/1 T_12.0, 6;
    %dup/vec4;
    %pushi/vec4 1, 0, 4;
    %cmp/u;
    %jmp/1 T_12.1, 6;
    %dup/vec4;
    %pushi/vec4 2, 0, 4;
    %cmp/u;
    %jmp/1 T_12.2, 6;
    %dup/vec4;
    %pushi/vec4 3, 0, 4;
    %cmp/u;
    %jmp/1 T_12.3, 6;
    %dup/vec4;
    %pushi/vec4 4, 0, 4;
    %cmp/u;
    %jmp/1 T_12.4, 6;
    %dup/vec4;
    %pushi/vec4 5, 0, 4;
    %cmp/u;
    %jmp/1 T_12.5, 6;
    %dup/vec4;
    %pushi/vec4 6, 0, 4;
    %cmp/u;
    %jmp/1 T_12.6, 6;
    %dup/vec4;
    %pushi/vec4 7, 0, 4;
    %cmp/u;
    %jmp/1 T_12.7, 6;
    %dup/vec4;
    %pushi/vec4 8, 0, 4;
    %cmp/u;
    %jmp/1 T_12.8, 6;
    %pushi/vec4 0, 0, 1;
    %assign/vec4 v0x18095390_0, 0;
    %pushi/vec4 0, 0, 1;
    %assign/vec4 v0x18095430_0, 0;
    %pushi/vec4 0, 0, 1;
    %assign/vec4 v0x180954f0_0, 0;
    %pushi/vec4 0, 0, 1;
    %assign/vec4 v0x18095600_0, 0;
    %pushi/vec4 0, 0, 1;
    %assign/vec4 v0x180951f0_0, 0;
    %pushi/vec4 0, 0, 1;
    %assign/vec4 v0x18095780_0, 0;
    %pushi/vec4 0, 0, 1;
    %assign/vec4 v0x18095c40_0, 0;
    %jmp T_12.10;
T_12.0 ;
    %pushi/vec4 1, 0, 1;
    %assign/vec4 v0x18095390_0, 0;
    %pushi/vec4 0, 0, 1;
    %assign/vec4 v0x18095430_0, 0;
    %pushi/vec4 0, 0, 1;
    %assign/vec4 v0x180954f0_0, 0;
    %pushi/vec4 0, 0, 1;
    %assign/vec4 v0x18095600_0, 0;
    %pushi/vec4 0, 0, 1;
    %assign/vec4 v0x18095780_0, 0;
    %pushi/vec4 0, 0, 1;
    %assign/vec4 v0x180951f0_0, 0;
    %pushi/vec4 0, 0, 1;
    %assign/vec4 v0x18095c40_0, 0;
    %jmp T_12.10;
T_12.1 ;
    %pushi/vec4 0, 0, 1;
    %assign/vec4 v0x18095390_0, 0;
    %pushi/vec4 0, 0, 1;
    %assign/vec4 v0x18095430_0, 0;
    %pushi/vec4 0, 0, 1;
    %assign/vec4 v0x180954f0_0, 0;
    %pushi/vec4 0, 0, 1;
    %assign/vec4 v0x18095600_0, 0;
    %pushi/vec4 1, 0, 1;
    %assign/vec4 v0x18095780_0, 0;
    %pushi/vec4 0, 0, 1;
    %assign/vec4 v0x180951f0_0, 0;
    %pushi/vec4 0, 0, 1;
    %assign/vec4 v0x18095c40_0, 0;
    %jmp T_12.10;
T_12.2 ;
    %pushi/vec4 0, 0, 1;
    %assign/vec4 v0x18095390_0, 0;
    %pushi/vec4 0, 0, 1;
    %assign/vec4 v0x18095430_0, 0;
    %pushi/vec4 0, 0, 1;
    %assign/vec4 v0x180954f0_0, 0;
    %pushi/vec4 0, 0, 1;
    %assign/vec4 v0x18095600_0, 0;
    %pushi/vec4 0, 0, 1;
    %assign/vec4 v0x18095780_0, 0;
    %pushi/vec4 0, 0, 1;
    %assign/vec4 v0x180951f0_0, 0;
    %pushi/vec4 0, 0, 1;
    %assign/vec4 v0x18095c40_0, 0;
    %jmp T_12.10;
T_12.3 ;
    %pushi/vec4 0, 0, 1;
    %assign/vec4 v0x18095390_0, 0;
    %pushi/vec4 1, 0, 1;
    %assign/vec4 v0x18095430_0, 0;
    %pushi/vec4 0, 0, 1;
    %assign/vec4 v0x180954f0_0, 0;
    %pushi/vec4 0, 0, 1;
    %assign/vec4 v0x18095600_0, 0;
    %pushi/vec4 0, 0, 1;
    %assign/vec4 v0x18095780_0, 0;
    %pushi/vec4 0, 0, 1;
    %assign/vec4 v0x180951f0_0, 0;
    %pushi/vec4 0, 0, 1;
    %assign/vec4 v0x18095c40_0, 0;
    %jmp T_12.10;
T_12.4 ;
    %pushi/vec4 0, 0, 1;
    %assign/vec4 v0x18095390_0, 0;
    %pushi/vec4 0, 0, 1;
    %assign/vec4 v0x18095430_0, 0;
    %pushi/vec4 1, 0, 1;
    %assign/vec4 v0x180954f0_0, 0;
    %pushi/vec4 0, 0, 1;
    %assign/vec4 v0x18095600_0, 0;
    %pushi/vec4 0, 0, 1;
    %assign/vec4 v0x18095780_0, 0;
    %pushi/vec4 0, 0, 1;
    %assign/vec4 v0x180951f0_0, 0;
    %pushi/vec4 0, 0, 1;
    %assign/vec4 v0x18095c40_0, 0;
    %jmp T_12.10;
T_12.5 ;
    %pushi/vec4 0, 0, 1;
    %assign/vec4 v0x18095390_0, 0;
    %pushi/vec4 0, 0, 1;
    %assign/vec4 v0x18095430_0, 0;
    %pushi/vec4 0, 0, 1;
    %assign/vec4 v0x180954f0_0, 0;
    %pushi/vec4 1, 0, 1;
    %assign/vec4 v0x18095600_0, 0;
    %pushi/vec4 0, 0, 1;
    %assign/vec4 v0x18095780_0, 0;
    %pushi/vec4 0, 0, 1;
    %assign/vec4 v0x180951f0_0, 0;
    %pushi/vec4 0, 0, 1;
    %assign/vec4 v0x18095c40_0, 0;
    %jmp T_12.10;
T_12.6 ;
    %pushi/vec4 0, 0, 1;
    %assign/vec4 v0x18095390_0, 0;
    %pushi/vec4 0, 0, 1;
    %assign/vec4 v0x18095430_0, 0;
    %pushi/vec4 0, 0, 1;
    %assign/vec4 v0x180954f0_0, 0;
    %pushi/vec4 0, 0, 1;
    %assign/vec4 v0x18095600_0, 0;
    %pushi/vec4 0, 0, 1;
    %assign/vec4 v0x18095780_0, 0;
    %pushi/vec4 1, 0, 1;
    %assign/vec4 v0x180951f0_0, 0;
    %pushi/vec4 0, 0, 1;
    %assign/vec4 v0x18095c40_0, 0;
    %jmp T_12.10;
T_12.7 ;
    %pushi/vec4 0, 0, 1;
    %assign/vec4 v0x18095390_0, 0;
    %pushi/vec4 0, 0, 1;
    %assign/vec4 v0x18095430_0, 0;
    %pushi/vec4 0, 0, 1;
    %assign/vec4 v0x180954f0_0, 0;
    %pushi/vec4 0, 0, 1;
    %assign/vec4 v0x18095600_0, 0;
    %pushi/vec4 0, 0, 1;
    %assign/vec4 v0x18095780_0, 0;
    %pushi/vec4 0, 0, 1;
    %assign/vec4 v0x180951f0_0, 0;
    %pushi/vec4 0, 0, 1;
    %assign/vec4 v0x18095c40_0, 0;
    %jmp T_12.10;
T_12.8 ;
    %pushi/vec4 0, 0, 1;
    %assign/vec4 v0x18095390_0, 0;
    %pushi/vec4 0, 0, 1;
    %assign/vec4 v0x18095430_0, 0;
    %pushi/vec4 0, 0, 1;
    %assign/vec4 v0x180954f0_0, 0;
    %pushi/vec4 0, 0, 1;
    %assign/vec4 v0x18095600_0, 0;
    %pushi/vec4 0, 0, 1;
    %assign/vec4 v0x18095780_0, 0;
    %pushi/vec4 0, 0, 1;
    %assign/vec4 v0x180951f0_0, 0;
    %pushi/vec4 1, 0, 1;
    %assign/vec4 v0x18095c40_0, 0;
    %jmp T_12.10;
T_12.10 ;
    %pop/vec4 1;
    %jmp T_12;
    .thread T_12, $push;
    .scope S_0x18094700;
T_13 ;
    %wait E_0x18095130;
    %load/vec4 v0x18095b60_0;
    %dup/vec4;
    %pushi/vec4 0, 0, 4;
    %cmp/u;
    %jmp/1 T_13.0, 6;
    %dup/vec4;
    %pushi/vec4 1, 0, 4;
    %cmp/u;
    %jmp/1 T_13.1, 6;
    %dup/vec4;
    %pushi/vec4 2, 0, 4;
    %cmp/u;
    %jmp/1 T_13.2, 6;
    %dup/vec4;
    %pushi/vec4 3, 0, 4;
    %cmp/u;
    %jmp/1 T_13.3, 6;
    %dup/vec4;
    %pushi/vec4 4, 0, 4;
    %cmp/u;
    %jmp/1 T_13.4, 6;
    %dup/vec4;
    %pushi/vec4 5, 0, 4;
    %cmp/u;
    %jmp/1 T_13.5, 6;
    %dup/vec4;
    %pushi/vec4 6, 0, 4;
    %cmp/u;
    %jmp/1 T_13.6, 6;
    %dup/vec4;
    %pushi/vec4 7, 0, 4;
    %cmp/u;
    %jmp/1 T_13.7, 6;
    %dup/vec4;
    %pushi/vec4 8, 0, 4;
    %cmp/u;
    %jmp/1 T_13.8, 6;
    %jmp T_13.9;
T_13.0 ;
    %pushi/vec4 0, 0, 32; draw_string_vec4
    %pushi/vec4 0, 0, 32; draw_string_vec4
    %concat/vec4; draw_string_vec4
    %pushi/vec4 0, 0, 32; draw_string_vec4
    %concat/vec4; draw_string_vec4
    %pushi/vec4 0, 0, 32; draw_string_vec4
    %concat/vec4; draw_string_vec4
    %pushi/vec4 0, 0, 32; draw_string_vec4
    %concat/vec4; draw_string_vec4
    %pushi/vec4 0, 0, 32; draw_string_vec4
    %concat/vec4; draw_string_vec4
    %pushi/vec4 0, 0, 32; draw_string_vec4
    %concat/vec4; draw_string_vec4
    %pushi/vec4 0, 0, 32; draw_string_vec4
    %concat/vec4; draw_string_vec4
    %pushi/vec4 83, 0, 32; draw_string_vec4
    %concat/vec4; draw_string_vec4
    %pushi/vec4 1413567060, 0, 32; draw_string_vec4
    %concat/vec4; draw_string_vec4
    %store/vec4 v0x18095e80_0, 0, 320;
    %jmp T_13.9;
T_13.1 ;
    %pushi/vec4 0, 0, 32; draw_string_vec4
    %pushi/vec4 0, 0, 32; draw_string_vec4
    %concat/vec4; draw_string_vec4
    %pushi/vec4 0, 0, 32; draw_string_vec4
    %concat/vec4; draw_string_vec4
    %pushi/vec4 0, 0, 32; draw_string_vec4
    %concat/vec4; draw_string_vec4
    %pushi/vec4 0, 0, 32; draw_string_vec4
    %concat/vec4; draw_string_vec4
    %pushi/vec4 0, 0, 32; draw_string_vec4
    %concat/vec4; draw_string_vec4
    %pushi/vec4 0, 0, 32; draw_string_vec4
    %concat/vec4; draw_string_vec4
    %pushi/vec4 0, 0, 32; draw_string_vec4
    %concat/vec4; draw_string_vec4
    %pushi/vec4 83, 0, 32; draw_string_vec4
    %concat/vec4; draw_string_vec4
    %pushi/vec4 1212761684, 0, 32; draw_string_vec4
    %concat/vec4; draw_string_vec4
    %store/vec4 v0x18095e80_0, 0, 320;
    %jmp T_13.9;
T_13.2 ;
    %pushi/vec4 0, 0, 32; draw_string_vec4
    %pushi/vec4 0, 0, 32; draw_string_vec4
    %concat/vec4; draw_string_vec4
    %pushi/vec4 0, 0, 32; draw_string_vec4
    %concat/vec4; draw_string_vec4
    %pushi/vec4 0, 0, 32; draw_string_vec4
    %concat/vec4; draw_string_vec4
    %pushi/vec4 0, 0, 32; draw_string_vec4
    %concat/vec4; draw_string_vec4
    %pushi/vec4 0, 0, 32; draw_string_vec4
    %concat/vec4; draw_string_vec4
    %pushi/vec4 0, 0, 32; draw_string_vec4
    %concat/vec4; draw_string_vec4
    %pushi/vec4 0, 0, 32; draw_string_vec4
    %concat/vec4; draw_string_vec4
    %pushi/vec4 67, 0, 32; draw_string_vec4
    %concat/vec4; draw_string_vec4
    %pushi/vec4 1212498763, 0, 32; draw_string_vec4
    %concat/vec4; draw_string_vec4
    %store/vec4 v0x18095e80_0, 0, 320;
    %jmp T_13.9;
T_13.3 ;
    %pushi/vec4 0, 0, 32; draw_string_vec4
    %pushi/vec4 0, 0, 32; draw_string_vec4
    %concat/vec4; draw_string_vec4
    %pushi/vec4 0, 0, 32; draw_string_vec4
    %concat/vec4; draw_string_vec4
    %pushi/vec4 0, 0, 32; draw_string_vec4
    %concat/vec4; draw_string_vec4
    %pushi/vec4 0, 0, 32; draw_string_vec4
    %concat/vec4; draw_string_vec4
    %pushi/vec4 0, 0, 32; draw_string_vec4
    %concat/vec4; draw_string_vec4
    %pushi/vec4 0, 0, 32; draw_string_vec4
    %concat/vec4; draw_string_vec4
    %pushi/vec4 0, 0, 32; draw_string_vec4
    %concat/vec4; draw_string_vec4
    %pushi/vec4 19535, 0, 32; draw_string_vec4
    %concat/vec4; draw_string_vec4
    %pushi/vec4 1094999887, 0, 32; draw_string_vec4
    %concat/vec4; draw_string_vec4
    %store/vec4 v0x18095e80_0, 0, 320;
    %jmp T_13.9;
T_13.4 ;
    %pushi/vec4 0, 0, 32; draw_string_vec4
    %pushi/vec4 0, 0, 32; draw_string_vec4
    %concat/vec4; draw_string_vec4
    %pushi/vec4 0, 0, 32; draw_string_vec4
    %concat/vec4; draw_string_vec4
    %pushi/vec4 0, 0, 32; draw_string_vec4
    %concat/vec4; draw_string_vec4
    %pushi/vec4 0, 0, 32; draw_string_vec4
    %concat/vec4; draw_string_vec4
    %pushi/vec4 0, 0, 32; draw_string_vec4
    %concat/vec4; draw_string_vec4
    %pushi/vec4 0, 0, 32; draw_string_vec4
    %concat/vec4; draw_string_vec4
    %pushi/vec4 0, 0, 32; draw_string_vec4
    %concat/vec4; draw_string_vec4
    %pushi/vec4 19535, 0, 32; draw_string_vec4
    %concat/vec4; draw_string_vec4
    %pushi/vec4 1094999892, 0, 32; draw_string_vec4
    %concat/vec4; draw_string_vec4
    %store/vec4 v0x18095e80_0, 0, 320;
    %jmp T_13.9;
T_13.5 ;
    %pushi/vec4 0, 0, 32; draw_string_vec4
    %pushi/vec4 0, 0, 32; draw_string_vec4
    %concat/vec4; draw_string_vec4
    %pushi/vec4 0, 0, 32; draw_string_vec4
    %concat/vec4; draw_string_vec4
    %pushi/vec4 0, 0, 32; draw_string_vec4
    %concat/vec4; draw_string_vec4
    %pushi/vec4 0, 0, 32; draw_string_vec4
    %concat/vec4; draw_string_vec4
    %pushi/vec4 0, 0, 32; draw_string_vec4
    %concat/vec4; draw_string_vec4
    %pushi/vec4 0, 0, 32; draw_string_vec4
    %concat/vec4; draw_string_vec4
    %pushi/vec4 0, 0, 32; draw_string_vec4
    %concat/vec4; draw_string_vec4
    %pushi/vec4 19535, 0, 32; draw_string_vec4
    %concat/vec4; draw_string_vec4
    %pushi/vec4 1094999880, 0, 32; draw_string_vec4
    %concat/vec4; draw_string_vec4
    %store/vec4 v0x18095e80_0, 0, 320;
    %jmp T_13.9;
T_13.6 ;
    %pushi/vec4 0, 0, 32; draw_string_vec4
    %pushi/vec4 0, 0, 32; draw_string_vec4
    %concat/vec4; draw_string_vec4
    %pushi/vec4 0, 0, 32; draw_string_vec4
    %concat/vec4; draw_string_vec4
    %pushi/vec4 0, 0, 32; draw_string_vec4
    %concat/vec4; draw_string_vec4
    %pushi/vec4 0, 0, 32; draw_string_vec4
    %concat/vec4; draw_string_vec4
    %pushi/vec4 0, 0, 32; draw_string_vec4
    %concat/vec4; draw_string_vec4
    %pushi/vec4 0, 0, 32; draw_string_vec4
    %concat/vec4; draw_string_vec4
    %pushi/vec4 0, 0, 32; draw_string_vec4
    %concat/vec4; draw_string_vec4
    %pushi/vec4 68, 0, 32; draw_string_vec4
    %concat/vec4; draw_string_vec4
    %pushi/vec4 1162043209, 0, 32; draw_string_vec4
    %concat/vec4; draw_string_vec4
    %store/vec4 v0x18095e80_0, 0, 320;
    %jmp T_13.9;
T_13.7 ;
    %pushi/vec4 0, 0, 32; draw_string_vec4
    %pushi/vec4 0, 0, 32; draw_string_vec4
    %concat/vec4; draw_string_vec4
    %pushi/vec4 0, 0, 32; draw_string_vec4
    %concat/vec4; draw_string_vec4
    %pushi/vec4 0, 0, 32; draw_string_vec4
    %concat/vec4; draw_string_vec4
    %pushi/vec4 0, 0, 32; draw_string_vec4
    %concat/vec4; draw_string_vec4
    %pushi/vec4 0, 0, 32; draw_string_vec4
    %concat/vec4; draw_string_vec4
    %pushi/vec4 0, 0, 32; draw_string_vec4
    %concat/vec4; draw_string_vec4
    %pushi/vec4 0, 0, 32; draw_string_vec4
    %concat/vec4; draw_string_vec4
    %pushi/vec4 17987, 0, 32; draw_string_vec4
    %concat/vec4; draw_string_vec4
    %pushi/vec4 1212498763, 0, 32; draw_string_vec4
    %concat/vec4; draw_string_vec4
    %store/vec4 v0x18095e80_0, 0, 320;
    %jmp T_13.9;
T_13.8 ;
    %pushi/vec4 0, 0, 32; draw_string_vec4
    %pushi/vec4 0, 0, 32; draw_string_vec4
    %concat/vec4; draw_string_vec4
    %pushi/vec4 0, 0, 32; draw_string_vec4
    %concat/vec4; draw_string_vec4
    %pushi/vec4 0, 0, 32; draw_string_vec4
    %concat/vec4; draw_string_vec4
    %pushi/vec4 0, 0, 32; draw_string_vec4
    %concat/vec4; draw_string_vec4
    %pushi/vec4 0, 0, 32; draw_string_vec4
    %concat/vec4; draw_string_vec4
    %pushi/vec4 0, 0, 32; draw_string_vec4
    %concat/vec4; draw_string_vec4
    %pushi/vec4 0, 0, 32; draw_string_vec4
    %concat/vec4; draw_string_vec4
    %pushi/vec4 17993, 0, 32; draw_string_vec4
    %concat/vec4; draw_string_vec4
    %pushi/vec4 1313428296, 0, 32; draw_string_vec4
    %concat/vec4; draw_string_vec4
    %store/vec4 v0x18095e80_0, 0, 320;
    %jmp T_13.9;
T_13.9 ;
    %pop/vec4 1;
    %jmp T_13;
    .thread T_13, $push;
    .scope S_0x18031be0;
T_14 ;
    %pushi/vec4 0, 0, 1;
    %store/vec4 v0x180968c0_0, 0, 1;
    %end;
    .thread T_14;
    .scope S_0x18031be0;
T_15 ;
    %delay 1, 0;
    %load/vec4 v0x180968c0_0;
    %inv;
    %store/vec4 v0x180968c0_0, 0, 1;
    %jmp T_15;
    .thread T_15;
    .scope S_0x18031be0;
T_16 ;
    %vpi_call 8 39 "$dumpfile", "bin2bcd_control_TB.vcd" {0 0 0};
    %vpi_call 8 40 "$dumpvars", 32'sb11111111111111111111111111111111, S_0x18031be0 {0 0 0};
    %vpi_call 8 42 "$monitor", "t=%0t O=%b T=%b H=%b Z=%b LD0=%b LD1=%b LD2=%b LD3=%b DEC=%b SH=%b done=%b", $time, v0x18096610_0, v0x18096750_0, v0x180962f0_0, v0x180967f0_0, v0x18096390_0, v0x18096430_0, v0x180964d0_0, v0x18096570_0, v0x18096230_0, v0x180966b0_0, v0x18096990_0 {0 0 0};
    %end;
    .thread T_16;
    .scope S_0x18031be0;
T_17 ;
    %wait E_0x18095190;
    %wait E_0x180946a0;
    %pushi/vec4 0, 0, 1;
    %store/vec4 v0x18096a60_0, 0, 1;
    %pushi/vec4 0, 0, 1;
    %store/vec4 v0x18096b30_0, 0, 1;
    %pushi/vec4 0, 0, 1;
    %store/vec4 v0x18096610_0, 0, 1;
    %pushi/vec4 0, 0, 1;
    %store/vec4 v0x18096750_0, 0, 1;
    %pushi/vec4 0, 0, 1;
    %store/vec4 v0x180962f0_0, 0, 1;
    %pushi/vec4 0, 0, 1;
    %store/vec4 v0x180967f0_0, 0, 1;
    %wait E_0x18095190;
    %wait E_0x180946a0;
    %pushi/vec4 1, 0, 1;
    %store/vec4 v0x18096a60_0, 0, 1;
    %pushi/vec4 0, 0, 1;
    %store/vec4 v0x18096b30_0, 0, 1;
    %pushi/vec4 0, 0, 1;
    %store/vec4 v0x18096610_0, 0, 1;
    %pushi/vec4 0, 0, 1;
    %store/vec4 v0x18096750_0, 0, 1;
    %pushi/vec4 0, 0, 1;
    %store/vec4 v0x180962f0_0, 0, 1;
    %pushi/vec4 0, 0, 1;
    %store/vec4 v0x180967f0_0, 0, 1;
    %wait E_0x18095190;
    %wait E_0x180946a0;
    %pushi/vec4 0, 0, 1;
    %store/vec4 v0x18096a60_0, 0, 1;
    %pushi/vec4 0, 0, 1;
    %store/vec4 v0x18096b30_0, 0, 1;
    %pushi/vec4 0, 0, 1;
    %store/vec4 v0x18096610_0, 0, 1;
    %pushi/vec4 0, 0, 1;
    %store/vec4 v0x18096750_0, 0, 1;
    %pushi/vec4 0, 0, 1;
    %store/vec4 v0x180962f0_0, 0, 1;
    %pushi/vec4 0, 0, 1;
    %store/vec4 v0x180967f0_0, 0, 1;
    %wait E_0x18095190;
    %wait E_0x180946a0;
    %pushi/vec4 0, 0, 1;
    %store/vec4 v0x18096a60_0, 0, 1;
    %pushi/vec4 0, 0, 1;
    %store/vec4 v0x18096b30_0, 0, 1;
    %pushi/vec4 1, 0, 1;
    %store/vec4 v0x18096610_0, 0, 1;
    %pushi/vec4 0, 0, 1;
    %store/vec4 v0x18096750_0, 0, 1;
    %pushi/vec4 0, 0, 1;
    %store/vec4 v0x180962f0_0, 0, 1;
    %pushi/vec4 0, 0, 1;
    %store/vec4 v0x180967f0_0, 0, 1;
    %wait E_0x18095190;
    %wait E_0x180946a0;
    %wait E_0x18095190;
    %wait E_0x180946a0;
    %pushi/vec4 0, 0, 1;
    %store/vec4 v0x18096a60_0, 0, 1;
    %pushi/vec4 0, 0, 1;
    %store/vec4 v0x18096b30_0, 0, 1;
    %pushi/vec4 0, 0, 1;
    %store/vec4 v0x18096610_0, 0, 1;
    %pushi/vec4 1, 0, 1;
    %store/vec4 v0x18096750_0, 0, 1;
    %pushi/vec4 0, 0, 1;
    %store/vec4 v0x180962f0_0, 0, 1;
    %pushi/vec4 0, 0, 1;
    %store/vec4 v0x180967f0_0, 0, 1;
    %wait E_0x18095190;
    %wait E_0x180946a0;
    %pushi/vec4 0, 0, 1;
    %store/vec4 v0x18096a60_0, 0, 1;
    %pushi/vec4 0, 0, 1;
    %store/vec4 v0x18096b30_0, 0, 1;
    %pushi/vec4 0, 0, 1;
    %store/vec4 v0x18096610_0, 0, 1;
    %pushi/vec4 0, 0, 1;
    %store/vec4 v0x18096750_0, 0, 1;
    %pushi/vec4 1, 0, 1;
    %store/vec4 v0x180962f0_0, 0, 1;
    %pushi/vec4 0, 0, 1;
    %store/vec4 v0x180967f0_0, 0, 1;
    %wait E_0x18095190;
    %wait E_0x180946a0;
    %wait E_0x18095190;
    %wait E_0x180946a0;
    %pushi/vec4 0, 0, 1;
    %store/vec4 v0x18096a60_0, 0, 1;
    %pushi/vec4 0, 0, 1;
    %store/vec4 v0x18096b30_0, 0, 1;
    %pushi/vec4 0, 0, 1;
    %store/vec4 v0x18096610_0, 0, 1;
    %pushi/vec4 0, 0, 1;
    %store/vec4 v0x18096750_0, 0, 1;
    %pushi/vec4 0, 0, 1;
    %store/vec4 v0x180962f0_0, 0, 1;
    %pushi/vec4 1, 0, 1;
    %store/vec4 v0x180967f0_0, 0, 1;
    %wait E_0x18095190;
    %wait E_0x180946a0;
    %wait E_0x18095190;
    %wait E_0x180946a0;
    %pushi/vec4 0, 0, 1;
    %store/vec4 v0x18096a60_0, 0, 1;
    %pushi/vec4 0, 0, 1;
    %store/vec4 v0x18096b30_0, 0, 1;
    %pushi/vec4 0, 0, 1;
    %store/vec4 v0x18096610_0, 0, 1;
    %pushi/vec4 0, 0, 1;
    %store/vec4 v0x18096750_0, 0, 1;
    %pushi/vec4 0, 0, 1;
    %store/vec4 v0x180962f0_0, 0, 1;
    %pushi/vec4 1, 0, 1;
    %store/vec4 v0x180967f0_0, 0, 1;
T_17.0 ;
    %load/vec4 v0x18096990_0;
    %pad/u 32;
    %pushi/vec4 1, 0, 32;
    %cmp/e;
    %flag_get/vec4 4;
    %cmpi/ne 1, 0, 1;
    %jmp/0xz T_17.1, 6;
    %wait E_0x1804b2a0;
    %jmp T_17.0;
T_17.1 ;
    %delay 1000, 0;
    %vpi_call 8 141 "$finish" {0 0 0};
    %end;
    .thread T_17;
# The file index is used to find the file name in the following table.
:file_names 9;
    "N/A";
    "<interactive>";
    "bin2bcd.v";
    "comp.v";
    "contador_dec.v";
    "bin2bcd_control.v";
    "lsr_A_res.v";
    "sum_comp2.v";
    "bin2bcd_control_TB.v";
# EOF
