#! /usr/bin/env bash
exec /home/marute/miniconda3/envs/digital/bin/vvp -f "$0" "$@" <<'# EOF'
:ivl_version "13.0 (devel)" "(0_8-6859-gf50cc35d2-dirty)";
:ivl_delay_selection "TYPICAL";
:vpi_time_precision - 8;
:vpi_module "/home/marute/miniconda3/envs/digital/lib/ivl/system.vpi";
:vpi_module "/home/marute/miniconda3/envs/digital/lib/ivl/vhdl_sys.vpi";
:vpi_module "/home/marute/miniconda3/envs/digital/lib/ivl/vhdl_textio.vpi";
:vpi_module "/home/marute/miniconda3/envs/digital/lib/ivl/v2005_math.vpi";
:vpi_module "/home/marute/miniconda3/envs/digital/lib/ivl/va_math.vpi";
S_0x51b8d60 .scope module, "div" "div" 2 1;
 .timescale -8 -8;
    .port_info 0 /INPUT 1 "clk";
    .port_info 1 /INPUT 1 "init";
    .port_info 2 /INPUT 1 "rst";
    .port_info 3 /INPUT 8 "A";
    .port_info 4 /INPUT 8 "B";
    .port_info 5 /OUTPUT 8 "residuo";
    .port_info 6 /OUTPUT 8 "cociente";
    .port_info 7 /OUTPUT 1 "done";
L_0x51a8fb0 .functor BUFZ 8, v0x5202fb0_0, C4<00000000>, C4<00000000>, C4<00000000>;
o0x7366a5b520a8 .functor BUFZ 8, C4<zzzzzzzz>; HiZ drive
v0x5203b70_0 .net "A", 7 0, o0x7366a5b520a8;  0 drivers
o0x7366a5b521f8 .functor BUFZ 8, C4<zzzzzzzz>; HiZ drive
v0x5203c50_0 .net "B", 7 0, o0x7366a5b521f8;  0 drivers
o0x7366a5b52078 .functor BUFZ 1, C4<z>; HiZ drive
v0x5203d20_0 .net "clk", 0 0, o0x7366a5b52078;  0 drivers
v0x5203df0_0 .net "cociente", 7 0, v0x5200cf0_0;  1 drivers
v0x5203ec0_0 .net "dec_I", 0 0, v0x5201df0_0;  1 drivers
v0x5203fb0_0 .net "done", 0 0, v0x5202490_0;  1 drivers
o0x7366a5b52678 .functor BUFZ 1, C4<z>; HiZ drive
v0x5204050_0 .net "init", 0 0, o0x7366a5b52678;  0 drivers
v0x52040f0_0 .net "load", 0 0, v0x5201eb0_0;  1 drivers
v0x5204190_0 .net "loadResiduo", 0 0, v0x5201fe0_0;  1 drivers
v0x52042c0_0 .net "residuo", 7 0, L_0x51a8fb0;  1 drivers
o0x7366a5b526d8 .functor BUFZ 1, C4<z>; HiZ drive
v0x5204360_0 .net "rst", 0 0, o0x7366a5b526d8;  0 drivers
v0x5204430_0 .net "shift", 0 0, v0x52020b0_0;  1 drivers
v0x52044d0_0 .net "shift_cociente", 0 0, v0x5202180_0;  1 drivers
v0x5204570_0 .net "w_out_A", 7 0, v0x51a9b60_0;  1 drivers
v0x5204610_0 .net "w_out_B", 7 0, v0x52005e0_0;  1 drivers
v0x5204700_0 .net "w_out_vAux", 7 0, v0x5203920_0;  1 drivers
v0x52047f0_0 .net "w_residuo", 7 0, v0x5202fb0_0;  1 drivers
v0x5204a10_0 .net "w_residuo_MSB", 0 0, v0x52030a0_0;  1 drivers
v0x5204b00_0 .net "w_zero", 0 0, v0x5201380_0;  1 drivers
S_0x51b9080 .scope module, "Areg" "lsr_A" 2 35, 3 1 0, S_0x51b8d60;
 .timescale -8 -8;
    .port_info 0 /INPUT 1 "clk";
    .port_info 1 /INPUT 1 "LD0";
    .port_info 2 /INPUT 1 "SH0";
    .port_info 3 /INPUT 8 "in_A";
    .port_info 4 /OUTPUT 8 "out_sh_A";
v0x51bbf10_0 .net "LD0", 0 0, v0x5201eb0_0;  alias, 1 drivers
v0x51bc080_0 .net "SH0", 0 0, v0x52020b0_0;  alias, 1 drivers
v0x51a90c0_0 .net "clk", 0 0, o0x7366a5b52078;  alias, 0 drivers
v0x51de1e0_0 .net "in_A", 7 0, o0x7366a5b520a8;  alias, 0 drivers
v0x51a9b60_0 .var "out_sh_A", 7 0;
E_0x51b5970 .event negedge, v0x51a90c0_0;
S_0x5200340 .scope module, "Breg" "Breg" 2 41, 4 1 0, S_0x51b8d60;
 .timescale -8 -8;
    .port_info 0 /INPUT 1 "clk";
    .port_info 1 /INPUT 1 "LD0";
    .port_info 2 /INPUT 8 "in_B";
    .port_info 3 /OUTPUT 8 "out_B";
v0x51ab0f0_0 .net "LD0", 0 0, v0x5201eb0_0;  alias, 1 drivers
v0x51a8380_0 .net "clk", 0 0, o0x7366a5b52078;  alias, 0 drivers
v0x5200540_0 .net "in_B", 7 0, o0x7366a5b521f8;  alias, 0 drivers
v0x52005e0_0 .var "out_B", 7 0;
S_0x5200720 .scope module, "cocienteReg" "lsr_cociente" 2 65, 5 1 0, S_0x51b8d60;
 .timescale -8 -8;
    .port_info 0 /INPUT 1 "clk";
    .port_info 1 /INPUT 1 "LD1";
    .port_info 2 /INPUT 1 "SH1";
    .port_info 3 /INPUT 1 "LD0";
    .port_info 4 /OUTPUT 8 "out_cociente";
v0x52009b0_0 .net "LD0", 0 0, v0x5201eb0_0;  alias, 1 drivers
v0x5200aa0_0 .net "LD1", 0 0, v0x5201fe0_0;  alias, 1 drivers
v0x5200b60_0 .net "SH1", 0 0, v0x5202180_0;  alias, 1 drivers
v0x5200c00_0 .net "clk", 0 0, o0x7366a5b52078;  alias, 0 drivers
v0x5200cf0_0 .var "out_cociente", 7 0;
S_0x5200ec0 .scope module, "cont0" "contador_dec" 2 53, 6 1 0, S_0x51b8d60;
 .timescale -8 -8;
    .port_info 0 /INPUT 1 "clk";
    .port_info 1 /INPUT 1 "LD0";
    .port_info 2 /INPUT 1 "DECI";
    .port_info 3 /OUTPUT 1 "zero";
v0x52010a0_0 .net "DECI", 0 0, v0x5201df0_0;  alias, 1 drivers
v0x5201180_0 .net "LD0", 0 0, v0x5201eb0_0;  alias, 1 drivers
v0x5201240_0 .net "clk", 0 0, o0x7366a5b52078;  alias, 0 drivers
v0x52012e0_0 .var "out", 7 0;
v0x5201380_0 .var "zero", 0 0;
S_0x5201510 .scope module, "control" "div_control" 2 71, 7 1 0, S_0x51b8d60;
 .timescale -8 -8;
    .port_info 0 /INPUT 1 "clk";
    .port_info 1 /INPUT 1 "init";
    .port_info 2 /INPUT 1 "residuo_MSB";
    .port_info 3 /INPUT 1 "zero";
    .port_info 4 /INPUT 1 "rst";
    .port_info 5 /OUTPUT 1 "LD0";
    .port_info 6 /OUTPUT 1 "LD1";
    .port_info 7 /OUTPUT 1 "SH0";
    .port_info 8 /OUTPUT 1 "SH1";
    .port_info 9 /OUTPUT 1 "DECI";
    .port_info 10 /OUTPUT 1 "done";
P_0x5201740 .param/l "CHECK1" 0 7 6, C4<001>;
P_0x5201780 .param/l "CHECK2" 0 7 9, C4<100>;
P_0x52017c0 .param/l "DEC_SHIFT" 0 7 8, C4<011>;
P_0x5201800 .param/l "FINISH" 0 7 11, C4<110>;
P_0x5201840 .param/l "LOAD" 0 7 7, C4<010>;
P_0x5201880 .param/l "SHIFT2" 0 7 10, C4<101>;
P_0x52018c0 .param/l "START" 0 7 5, C4<000>;
v0x5201df0_0 .var "DECI", 0 0;
v0x5201eb0_0 .var "LD0", 0 0;
v0x5201fe0_0 .var "LD1", 0 0;
v0x52020b0_0 .var "SH0", 0 0;
v0x5202180_0 .var "SH1", 0 0;
v0x5202220_0 .net "clk", 0 0, o0x7366a5b52078;  alias, 0 drivers
v0x5202350_0 .var "count", 4 0;
v0x52023f0_0 .var "current_state", 2 0;
v0x5202490_0 .var "done", 0 0;
v0x52025c0_0 .net "init", 0 0, o0x7366a5b52678;  alias, 0 drivers
v0x5202680_0 .net "residuo_MSB", 0 0, v0x52030a0_0;  alias, 1 drivers
v0x5202740_0 .net "rst", 0 0, o0x7366a5b526d8;  alias, 0 drivers
v0x5202800_0 .var "state_name", 308 1;
v0x52028e0_0 .net "zero", 0 0, v0x5201380_0;  alias, 1 drivers
E_0x51b59b0 .event anyedge, v0x52023f0_0;
E_0x519b250 .event posedge, v0x51a90c0_0;
S_0x5202b50 .scope module, "sum_res_comp20" "sum_res_comp2" 2 59, 8 1 0, S_0x51b8d60;
 .timescale -8 -8;
    .port_info 0 /INPUT 8 "in_B";
    .port_info 1 /INPUT 8 "in_vAux";
    .port_info 2 /OUTPUT 8 "residuo";
    .port_info 3 /OUTPUT 1 "residuo_MSB";
v0x5202de0_0 .net "in_B", 7 0, v0x52005e0_0;  alias, 1 drivers
v0x5202ef0_0 .net "in_vAux", 7 0, v0x5203920_0;  alias, 1 drivers
v0x5202fb0_0 .var "residuo", 7 0;
v0x52030a0_0 .var "residuo_MSB", 0 0;
E_0x51e1f80 .event anyedge, v0x5202ef0_0, v0x52005e0_0, v0x5202fb0_0;
S_0x5203200 .scope module, "vAuxReg" "lsr_vAux" 2 47, 9 1 0, S_0x51b8d60;
 .timescale -8 -8;
    .port_info 0 /INPUT 1 "clk";
    .port_info 1 /INPUT 1 "SH0";
    .port_info 2 /INPUT 1 "LD0";
    .port_info 3 /INPUT 1 "LD1";
    .port_info 4 /INPUT 1 "SH1";
    .port_info 5 /INPUT 8 "in_A";
    .port_info 6 /INPUT 8 "residuo";
    .port_info 7 /OUTPUT 8 "out_vAux";
v0x52033e0_0 .net "LD0", 0 0, v0x5201eb0_0;  alias, 1 drivers
v0x52034a0_0 .net "LD1", 0 0, v0x5201fe0_0;  alias, 1 drivers
v0x52035b0_0 .net "SH0", 0 0, v0x52020b0_0;  alias, 1 drivers
v0x52036a0_0 .net "SH1", 0 0, v0x5202180_0;  alias, 1 drivers
v0x5203790_0 .net "clk", 0 0, o0x7366a5b52078;  alias, 0 drivers
v0x5203880_0 .net "in_A", 7 0, v0x51a9b60_0;  alias, 1 drivers
v0x5203920_0 .var "out_vAux", 7 0;
v0x52039c0_0 .net "residuo", 7 0, v0x5202fb0_0;  alias, 1 drivers
S_0x51b8ef0 .scope module, "sum_res_comp2_TB" "sum_res_comp2_TB" 10 4;
 .timescale -8 -8;
v0x5205350_0 .var "in_B", 7 0;
v0x5205430_0 .var "in_vAux", 7 0;
v0x52054d0_0 .net "residuo", 7 0, v0x5205150_0;  1 drivers
v0x5205570_0 .net "residuo_MSB", 0 0, v0x5205210_0;  1 drivers
S_0x5204d40 .scope module, "uut" "sum_res_comp2" 10 16, 8 1 0, S_0x51b8ef0;
 .timescale -8 -8;
    .port_info 0 /INPUT 8 "in_B";
    .port_info 1 /INPUT 8 "in_vAux";
    .port_info 2 /OUTPUT 8 "residuo";
    .port_info 3 /OUTPUT 1 "residuo_MSB";
v0x5204f70_0 .net "in_B", 7 0, v0x5205350_0;  1 drivers
v0x5205070_0 .net "in_vAux", 7 0, v0x5205430_0;  1 drivers
v0x5205150_0 .var "residuo", 7 0;
v0x5205210_0 .var "residuo_MSB", 0 0;
E_0x5204ef0 .event anyedge, v0x5205070_0, v0x5204f70_0, v0x5205150_0;
    .scope S_0x51b9080;
T_0 ;
    %wait E_0x51b5970;
    %load/vec4 v0x51bbf10_0;
    %flag_set/vec4 8;
    %jmp/0xz  T_0.0, 8;
    %load/vec4 v0x51de1e0_0;
    %store/vec4 v0x51a9b60_0, 0, 8;
    %jmp T_0.1;
T_0.0 ;
    %load/vec4 v0x51bc080_0;
    %flag_set/vec4 8;
    %jmp/0xz  T_0.2, 8;
    %load/vec4 v0x51a9b60_0;
    %ix/load 4, 1, 0;
    %flag_set/imm 4, 0;
    %shiftl 4;
    %store/vec4 v0x51a9b60_0, 0, 8;
T_0.2 ;
T_0.1 ;
    %jmp T_0;
    .thread T_0;
    .scope S_0x5200340;
T_1 ;
    %wait E_0x51b5970;
    %load/vec4 v0x51ab0f0_0;
    %flag_set/vec4 8;
    %jmp/0xz  T_1.0, 8;
    %load/vec4 v0x5200540_0;
    %store/vec4 v0x52005e0_0, 0, 8;
T_1.0 ;
    %jmp T_1;
    .thread T_1;
    .scope S_0x5203200;
T_2 ;
    %wait E_0x51b5970;
    %load/vec4 v0x52033e0_0;
    %flag_set/vec4 8;
    %jmp/0xz  T_2.0, 8;
    %pushi/vec4 0, 0, 8;
    %assign/vec4 v0x5203920_0, 0;
T_2.0 ;
    %load/vec4 v0x52034a0_0;
    %flag_set/vec4 8;
    %jmp/0xz  T_2.2, 8;
    %load/vec4 v0x52039c0_0;
    %assign/vec4 v0x5203920_0, 0;
T_2.2 ;
    %load/vec4 v0x52035b0_0;
    %flag_set/vec4 8;
    %jmp/0xz  T_2.4, 8;
    %load/vec4 v0x5203920_0;
    %ix/load 4, 1, 0;
    %flag_set/imm 4, 0;
    %shiftl 4;
    %assign/vec4 v0x5203920_0, 0;
T_2.4 ;
    %load/vec4 v0x52036a0_0;
    %flag_set/vec4 8;
    %jmp/0xz  T_2.6, 8;
    %load/vec4 v0x5203880_0;
    %parti/s 1, 7, 4;
    %ix/load 4, 0, 0;
    %ix/load 5, 0, 0;
    %flag_set/imm 4, 0;
    %assign/vec4/off/d v0x5203920_0, 4, 5;
T_2.6 ;
    %jmp T_2;
    .thread T_2;
    .scope S_0x5200ec0;
T_3 ;
    %wait E_0x51b5970;
    %load/vec4 v0x5201180_0;
    %flag_set/vec4 8;
    %jmp/0xz  T_3.0, 8;
    %pushi/vec4 8, 0, 8;
    %assign/vec4 v0x52012e0_0, 0;
    %jmp T_3.1;
T_3.0 ;
    %load/vec4 v0x52010a0_0;
    %flag_set/vec4 8;
    %jmp/0xz  T_3.2, 8;
    %load/vec4 v0x52012e0_0;
    %subi 1, 0, 8;
    %assign/vec4 v0x52012e0_0, 0;
T_3.2 ;
T_3.1 ;
    %load/vec4 v0x52012e0_0;
    %pad/u 32;
    %pushi/vec4 0, 0, 32;
    %cmp/e;
    %flag_get/vec4 4;
    %cassign/vec4 v0x5201380_0;
    %jmp T_3;
    .thread T_3;
    .scope S_0x5202b50;
T_4 ;
    %wait E_0x51e1f80;
    %load/vec4 v0x5202ef0_0;
    %load/vec4 v0x5202de0_0;
    %sub;
    %assign/vec4 v0x5202fb0_0, 0;
    %load/vec4 v0x5202fb0_0;
    %parti/s 1, 7, 4;
    %assign/vec4 v0x52030a0_0, 0;
    %jmp T_4;
    .thread T_4, $push;
    .scope S_0x5200720;
T_5 ;
    %wait E_0x51b5970;
    %load/vec4 v0x5200aa0_0;
    %flag_set/vec4 8;
    %jmp/0xz  T_5.0, 8;
    %pushi/vec4 1, 0, 1;
    %ix/load 4, 0, 0;
    %ix/load 5, 0, 0;
    %flag_set/imm 4, 0;
    %assign/vec4/off/d v0x5200cf0_0, 4, 5;
    %jmp T_5.1;
T_5.0 ;
    %load/vec4 v0x5200b60_0;
    %flag_set/vec4 8;
    %jmp/0xz  T_5.2, 8;
    %load/vec4 v0x5200cf0_0;
    %ix/load 4, 1, 0;
    %flag_set/imm 4, 0;
    %shiftl 4;
    %assign/vec4 v0x5200cf0_0, 0;
    %jmp T_5.3;
T_5.2 ;
    %load/vec4 v0x52009b0_0;
    %flag_set/vec4 8;
    %jmp/0xz  T_5.4, 8;
    %pushi/vec4 0, 0, 8;
    %assign/vec4 v0x5200cf0_0, 0;
T_5.4 ;
T_5.3 ;
T_5.1 ;
    %jmp T_5;
    .thread T_5;
    .scope S_0x5201510;
T_6 ;
    %wait E_0x519b250;
    %load/vec4 v0x5202740_0;
    %flag_set/vec4 8;
    %jmp/0xz  T_6.0, 8;
    %pushi/vec4 0, 0, 3;
    %store/vec4 v0x52023f0_0, 0, 3;
    %jmp T_6.1;
T_6.0 ;
    %load/vec4 v0x52023f0_0;
    %dup/vec4;
    %pushi/vec4 0, 0, 3;
    %cmp/u;
    %jmp/1 T_6.2, 6;
    %dup/vec4;
    %pushi/vec4 1, 0, 3;
    %cmp/u;
    %jmp/1 T_6.3, 6;
    %dup/vec4;
    %pushi/vec4 2, 0, 3;
    %cmp/u;
    %jmp/1 T_6.4, 6;
    %dup/vec4;
    %pushi/vec4 3, 0, 3;
    %cmp/u;
    %jmp/1 T_6.5, 6;
    %dup/vec4;
    %pushi/vec4 4, 0, 3;
    %cmp/u;
    %jmp/1 T_6.6, 6;
    %dup/vec4;
    %pushi/vec4 5, 0, 3;
    %cmp/u;
    %jmp/1 T_6.7, 6;
    %dup/vec4;
    %pushi/vec4 6, 0, 3;
    %cmp/u;
    %jmp/1 T_6.8, 6;
    %pushi/vec4 0, 0, 3;
    %store/vec4 v0x52023f0_0, 0, 3;
    %jmp T_6.10;
T_6.2 ;
    %load/vec4 v0x52025c0_0;
    %flag_set/vec4 8;
    %jmp/0xz  T_6.11, 8;
    %pushi/vec4 1, 0, 3;
    %store/vec4 v0x52023f0_0, 0, 3;
    %pushi/vec4 0, 0, 5;
    %store/vec4 v0x5202350_0, 0, 5;
    %jmp T_6.12;
T_6.11 ;
    %pushi/vec4 0, 0, 3;
    %store/vec4 v0x52023f0_0, 0, 3;
T_6.12 ;
    %jmp T_6.10;
T_6.3 ;
    %load/vec4 v0x5202680_0;
    %flag_set/vec4 8;
    %jmp/0xz  T_6.13, 8;
    %pushi/vec4 3, 0, 3;
    %store/vec4 v0x52023f0_0, 0, 3;
    %jmp T_6.14;
T_6.13 ;
    %pushi/vec4 2, 0, 3;
    %store/vec4 v0x52023f0_0, 0, 3;
T_6.14 ;
    %jmp T_6.10;
T_6.4 ;
    %pushi/vec4 3, 0, 3;
    %store/vec4 v0x52023f0_0, 0, 3;
    %jmp T_6.10;
T_6.5 ;
    %pushi/vec4 4, 0, 3;
    %store/vec4 v0x52023f0_0, 0, 3;
    %jmp T_6.10;
T_6.6 ;
    %load/vec4 v0x52028e0_0;
    %flag_set/vec4 8;
    %jmp/0xz  T_6.15, 8;
    %pushi/vec4 6, 0, 3;
    %store/vec4 v0x52023f0_0, 0, 3;
    %jmp T_6.16;
T_6.15 ;
    %pushi/vec4 5, 0, 3;
    %store/vec4 v0x52023f0_0, 0, 3;
T_6.16 ;
    %jmp T_6.10;
T_6.7 ;
    %pushi/vec4 1, 0, 3;
    %store/vec4 v0x52023f0_0, 0, 3;
    %jmp T_6.10;
T_6.8 ;
    %load/vec4 v0x5202350_0;
    %addi 1, 0, 5;
    %store/vec4 v0x5202350_0, 0, 5;
    %load/vec4 v0x5202350_0;
    %pad/u 32;
    %cmpi/u 31, 0, 32;
    %flag_or 5, 4; GT is !LE
    %flag_inv 5;
    %flag_mov 8, 5;
    %jmp/0 T_6.17, 8;
    %pushi/vec4 0, 0, 3;
    %jmp/1 T_6.18, 8;
T_6.17 ; End of true expr.
    %pushi/vec4 6, 0, 3;
    %jmp/0 T_6.18, 8;
 ; End of false expr.
    %blend;
T_6.18;
    %store/vec4 v0x52023f0_0, 0, 3;
    %jmp T_6.10;
T_6.10 ;
    %pop/vec4 1;
T_6.1 ;
    %jmp T_6;
    .thread T_6;
    .scope S_0x5201510;
T_7 ;
    %wait E_0x51b59b0;
    %pushi/vec4 0, 0, 1;
    %store/vec4 v0x5201eb0_0, 0, 1;
    %pushi/vec4 0, 0, 1;
    %store/vec4 v0x5201fe0_0, 0, 1;
    %pushi/vec4 0, 0, 1;
    %store/vec4 v0x52020b0_0, 0, 1;
    %pushi/vec4 0, 0, 1;
    %store/vec4 v0x5202180_0, 0, 1;
    %pushi/vec4 0, 0, 1;
    %store/vec4 v0x5201df0_0, 0, 1;
    %pushi/vec4 0, 0, 1;
    %store/vec4 v0x5202490_0, 0, 1;
    %load/vec4 v0x52023f0_0;
    %dup/vec4;
    %pushi/vec4 0, 0, 3;
    %cmp/u;
    %jmp/1 T_7.0, 6;
    %dup/vec4;
    %pushi/vec4 1, 0, 3;
    %cmp/u;
    %jmp/1 T_7.1, 6;
    %dup/vec4;
    %pushi/vec4 2, 0, 3;
    %cmp/u;
    %jmp/1 T_7.2, 6;
    %dup/vec4;
    %pushi/vec4 3, 0, 3;
    %cmp/u;
    %jmp/1 T_7.3, 6;
    %dup/vec4;
    %pushi/vec4 4, 0, 3;
    %cmp/u;
    %jmp/1 T_7.4, 6;
    %dup/vec4;
    %pushi/vec4 5, 0, 3;
    %cmp/u;
    %jmp/1 T_7.5, 6;
    %dup/vec4;
    %pushi/vec4 6, 0, 3;
    %cmp/u;
    %jmp/1 T_7.6, 6;
    %pushi/vec4 0, 0, 1;
    %assign/vec4 v0x5201eb0_0, 0;
    %pushi/vec4 0, 0, 1;
    %assign/vec4 v0x5201fe0_0, 0;
    %pushi/vec4 0, 0, 1;
    %assign/vec4 v0x52020b0_0, 0;
    %pushi/vec4 0, 0, 1;
    %assign/vec4 v0x5202180_0, 0;
    %pushi/vec4 0, 0, 1;
    %assign/vec4 v0x5201df0_0, 0;
    %pushi/vec4 0, 0, 1;
    %assign/vec4 v0x5202490_0, 0;
    %jmp T_7.8;
T_7.0 ;
    %pushi/vec4 1, 0, 1;
    %assign/vec4 v0x5201eb0_0, 0;
    %pushi/vec4 0, 0, 1;
    %assign/vec4 v0x5201fe0_0, 0;
    %pushi/vec4 0, 0, 1;
    %assign/vec4 v0x52020b0_0, 0;
    %pushi/vec4 0, 0, 1;
    %assign/vec4 v0x5202180_0, 0;
    %pushi/vec4 0, 0, 1;
    %assign/vec4 v0x5201df0_0, 0;
    %pushi/vec4 0, 0, 1;
    %assign/vec4 v0x5202490_0, 0;
    %jmp T_7.8;
T_7.1 ;
    %pushi/vec4 0, 0, 1;
    %assign/vec4 v0x5201eb0_0, 0;
    %pushi/vec4 0, 0, 1;
    %assign/vec4 v0x5201fe0_0, 0;
    %pushi/vec4 0, 0, 1;
    %assign/vec4 v0x52020b0_0, 0;
    %pushi/vec4 0, 0, 1;
    %assign/vec4 v0x5202180_0, 0;
    %pushi/vec4 0, 0, 1;
    %assign/vec4 v0x5201df0_0, 0;
    %pushi/vec4 0, 0, 1;
    %assign/vec4 v0x5202490_0, 0;
    %jmp T_7.8;
T_7.2 ;
    %pushi/vec4 0, 0, 1;
    %assign/vec4 v0x5201eb0_0, 0;
    %pushi/vec4 1, 0, 1;
    %assign/vec4 v0x5201fe0_0, 0;
    %pushi/vec4 0, 0, 1;
    %assign/vec4 v0x52020b0_0, 0;
    %pushi/vec4 0, 0, 1;
    %assign/vec4 v0x5202180_0, 0;
    %pushi/vec4 0, 0, 1;
    %assign/vec4 v0x5201df0_0, 0;
    %pushi/vec4 0, 0, 1;
    %assign/vec4 v0x5202490_0, 0;
    %jmp T_7.8;
T_7.3 ;
    %pushi/vec4 0, 0, 1;
    %assign/vec4 v0x5201eb0_0, 0;
    %pushi/vec4 0, 0, 1;
    %assign/vec4 v0x5201fe0_0, 0;
    %pushi/vec4 1, 0, 1;
    %assign/vec4 v0x52020b0_0, 0;
    %pushi/vec4 0, 0, 1;
    %assign/vec4 v0x5202180_0, 0;
    %pushi/vec4 1, 0, 1;
    %assign/vec4 v0x5201df0_0, 0;
    %pushi/vec4 0, 0, 1;
    %assign/vec4 v0x5202490_0, 0;
    %jmp T_7.8;
T_7.4 ;
    %pushi/vec4 0, 0, 1;
    %assign/vec4 v0x5201eb0_0, 0;
    %pushi/vec4 0, 0, 1;
    %assign/vec4 v0x5201fe0_0, 0;
    %pushi/vec4 0, 0, 1;
    %assign/vec4 v0x52020b0_0, 0;
    %pushi/vec4 0, 0, 1;
    %assign/vec4 v0x5202180_0, 0;
    %pushi/vec4 0, 0, 1;
    %assign/vec4 v0x5201df0_0, 0;
    %pushi/vec4 0, 0, 1;
    %assign/vec4 v0x5202490_0, 0;
    %jmp T_7.8;
T_7.5 ;
    %pushi/vec4 0, 0, 1;
    %assign/vec4 v0x5201eb0_0, 0;
    %pushi/vec4 0, 0, 1;
    %assign/vec4 v0x5201fe0_0, 0;
    %pushi/vec4 0, 0, 1;
    %assign/vec4 v0x52020b0_0, 0;
    %pushi/vec4 1, 0, 1;
    %assign/vec4 v0x5202180_0, 0;
    %pushi/vec4 0, 0, 1;
    %assign/vec4 v0x5201df0_0, 0;
    %pushi/vec4 0, 0, 1;
    %assign/vec4 v0x5202490_0, 0;
    %jmp T_7.8;
T_7.6 ;
    %pushi/vec4 0, 0, 1;
    %assign/vec4 v0x5201eb0_0, 0;
    %pushi/vec4 0, 0, 1;
    %assign/vec4 v0x5201fe0_0, 0;
    %pushi/vec4 0, 0, 1;
    %assign/vec4 v0x52020b0_0, 0;
    %pushi/vec4 0, 0, 1;
    %assign/vec4 v0x5202180_0, 0;
    %pushi/vec4 0, 0, 1;
    %assign/vec4 v0x5201df0_0, 0;
    %pushi/vec4 1, 0, 1;
    %assign/vec4 v0x5202490_0, 0;
    %jmp T_7.8;
T_7.8 ;
    %pop/vec4 1;
    %jmp T_7;
    .thread T_7, $push;
    .scope S_0x5201510;
T_8 ;
    %wait E_0x51b59b0;
    %load/vec4 v0x52023f0_0;
    %dup/vec4;
    %pushi/vec4 0, 0, 3;
    %cmp/u;
    %jmp/1 T_8.0, 6;
    %dup/vec4;
    %pushi/vec4 1, 0, 3;
    %cmp/u;
    %jmp/1 T_8.1, 6;
    %dup/vec4;
    %pushi/vec4 2, 0, 3;
    %cmp/u;
    %jmp/1 T_8.2, 6;
    %dup/vec4;
    %pushi/vec4 3, 0, 3;
    %cmp/u;
    %jmp/1 T_8.3, 6;
    %dup/vec4;
    %pushi/vec4 4, 0, 3;
    %cmp/u;
    %jmp/1 T_8.4, 6;
    %dup/vec4;
    %pushi/vec4 5, 0, 3;
    %cmp/u;
    %jmp/1 T_8.5, 6;
    %dup/vec4;
    %pushi/vec4 6, 0, 3;
    %cmp/u;
    %jmp/1 T_8.6, 6;
    %jmp T_8.7;
T_8.0 ;
    %pushi/vec4 2796061348, 0, 301;
    %concati/vec4 84, 0, 7;
    %assign/vec4 v0x5202800_0, 0;
    %jmp T_8.7;
T_8.1 ;
    %pushi/vec4 2257619590, 0, 293;
    %concati/vec4 19249, 0, 15;
    %assign/vec4 v0x5202800_0, 0;
    %jmp T_8.7;
T_8.2 ;
    %pushi/vec4 1280262468, 0, 308;
    %assign/vec4 v0x5202800_0, 0;
    %jmp T_8.7;
T_8.3 ;
    %pushi/vec4 2290779838, 0, 269;
    %concati/vec4 2794492556, 0, 32;
    %concati/vec4 84, 0, 7;
    %assign/vec4 v0x5202800_0, 0;
    %jmp T_8.7;
T_8.4 ;
    %pushi/vec4 2257619590, 0, 293;
    %concati/vec4 19250, 0, 15;
    %assign/vec4 v0x5202800_0, 0;
    %jmp T_8.7;
T_8.5 ;
    %pushi/vec4 2794492556, 0, 293;
    %concati/vec4 21554, 0, 15;
    %assign/vec4 v0x5202800_0, 0;
    %jmp T_8.7;
T_8.6 ;
    %pushi/vec4 2358418578, 0, 293;
    %concati/vec4 21320, 0, 15;
    %assign/vec4 v0x5202800_0, 0;
    %jmp T_8.7;
T_8.7 ;
    %pop/vec4 1;
    %jmp T_8;
    .thread T_8, $push;
    .scope S_0x5204d40;
T_9 ;
    %wait E_0x5204ef0;
    %load/vec4 v0x5205070_0;
    %load/vec4 v0x5204f70_0;
    %sub;
    %assign/vec4 v0x5205150_0, 0;
    %load/vec4 v0x5205150_0;
    %parti/s 1, 7, 4;
    %assign/vec4 v0x5205210_0, 0;
    %jmp T_9;
    .thread T_9, $push;
    .scope S_0x51b8ef0;
T_10 ;
    %vpi_call 10 22 "$dumpfile", "sum_res_comp2_TB.vcd" {0 0 0};
    %vpi_call 10 23 "$dumpvars", 32'sb11111111111111111111111111111111, S_0x51b8ef0 {0 0 0};
    %vpi_call 10 25 "$monitor", "t=%0t in_B=0x%h in_vAux=0x%h residuo=0x%h residuo_MSB=0x%h", $time, v0x5205350_0, v0x5205430_0, v0x52054d0_0, v0x5205570_0 {0 0 0};
    %end;
    .thread T_10;
    .scope S_0x51b8ef0;
T_11 ;
    %pushi/vec4 67, 0, 8;
    %store/vec4 v0x5205350_0, 0, 8;
    %pushi/vec4 0, 0, 8;
    %store/vec4 v0x5205430_0, 0, 8;
    %pushi/vec4 67, 0, 8;
    %store/vec4 v0x5205350_0, 0, 8;
    %pushi/vec4 16, 0, 8;
    %store/vec4 v0x5205430_0, 0, 8;
    %pushi/vec4 67, 0, 8;
    %store/vec4 v0x5205350_0, 0, 8;
    %pushi/vec4 20, 0, 8;
    %store/vec4 v0x5205430_0, 0, 8;
    %pushi/vec4 75, 0, 8;
    %store/vec4 v0x5205350_0, 0, 8;
    %pushi/vec4 20, 0, 8;
    %store/vec4 v0x5205430_0, 0, 8;
    %delay 10000, 0;
    %vpi_call 10 50 "$finish" {0 0 0};
    %end;
    .thread T_11;
# The file index is used to find the file name in the following table.
:file_names 11;
    "N/A";
    "<interactive>";
    "div.v";
    "lsr_A.v";
    "Breg.v";
    "lsr_cociente.v";
    "contador_dec.v";
    "div_control.v";
    "sum_res_comp2.v";
    "lsr_vAux.v";
    "sum_res_comp2_TB.v";
# EOF
