#! /usr/bin/env bash
exec /home/marute/miniconda3/envs/digital/bin/vvp -f "$0" "$@" <<'# EOF'
:ivl_version "13.0 (devel)" "(0_8-6859-gf50cc35d2-dirty)";
:ivl_delay_selection "TYPICAL";
:vpi_time_precision - 8;
:vpi_module "/home/marute/miniconda3/envs/digital/lib/ivl/system.vpi";
:vpi_module "/home/marute/miniconda3/envs/digital/lib/ivl/vhdl_sys.vpi";
:vpi_module "/home/marute/miniconda3/envs/digital/lib/ivl/vhdl_textio.vpi";
:vpi_module "/home/marute/miniconda3/envs/digital/lib/ivl/v2005_math.vpi";
:vpi_module "/home/marute/miniconda3/envs/digital/lib/ivl/va_math.vpi";
S_0x7570570 .scope module, "send_LEDS_TB" "send_LEDS_TB" 2 4;
 .timescale -8 -8;
v0x75a3d50_0 .net "DONE_M", 0 0, v0x759c180_0;  1 drivers
v0x75a3e60_0 .net "DOUT", 0 0, v0x759fb60_0;  1 drivers
v0x75a3fb0_0 .var "INIT_M", 0 0;
v0x75a4050_0 .var "RST_CMD", 0 0;
v0x75a40f0_0 .var "clk", 0 0;
E_0x754d9b0 .event anyedge, v0x759c180_0;
S_0x7563650 .scope module, "uut" "send_LEDS" 2 15, 3 1 0, S_0x7570570;
 .timescale -8 -8;
    .port_info 0 /INPUT 1 "clk";
    .port_info 1 /INPUT 1 "INIT_M";
    .port_info 2 /INPUT 1 "rst";
    .port_info 3 /INPUT 1 "RST_CMD";
    .port_info 4 /OUTPUT 1 "DONE_M";
    .port_info 5 /OUTPUT 1 "DOUT";
v0x75a32d0_0 .net "DONE_M", 0 0, v0x759c180_0;  alias, 1 drivers
v0x75a3390_0 .net "DOUT", 0 0, v0x759fb60_0;  alias, 1 drivers
v0x75a3430_0 .net "INC", 0 0, v0x759c240_0;  1 drivers
v0x75a3520_0 .net "INIT_LED", 0 0, v0x759c2e0_0;  1 drivers
v0x75a35c0_0 .net "INIT_M", 0 0, v0x75a3fb0_0;  1 drivers
v0x75a36b0_0 .net "RST", 0 0, v0x759c470_0;  1 drivers
v0x75a37a0_0 .net "RST_CMD", 0 0, v0x75a4050_0;  1 drivers
v0x75a3840_0 .net "clk", 0 0, v0x75a40f0_0;  1 drivers
o0x7cb97cefd408 .functor BUFZ 1, C4<z>; HiZ drive
v0x75a38e0_0 .net "rst", 0 0, o0x7cb97cefd408;  0 drivers
v0x75a3a10_0 .net "w_DONE_LED", 0 0, v0x75a1b70_0;  1 drivers
v0x75a3ab0_0 .net "w_GRB", 23 0, v0x7565db0_0;  1 drivers
v0x75a3b50_0 .net "w_Z", 0 0, v0x756c9b0_0;  1 drivers
v0x75a3bf0_0 .net "w_addr", 9 0, v0x7568160_0;  1 drivers
S_0x75637e0 .scope module, "comp0" "comp_send_LEDS" 3 34, 4 1 0, S_0x7563650;
 .timescale -8 -8;
    .port_info 0 /INPUT 10 "addr";
    .port_info 1 /OUTPUT 1 "Z";
P_0x75639c0 .param/l "N_LEDS" 0 4 7, C4<0100000000>;
v0x756c9b0_0 .var "Z", 0 0;
v0x75701c0_0 .net "addr", 9 0, v0x7568160_0;  alias, 1 drivers
E_0x7583d20 .event anyedge, v0x75701c0_0;
S_0x759b260 .scope module, "count_addr0" "count_addr" 3 28, 5 1 0, S_0x7563650;
 .timescale -8 -8;
    .port_info 0 /INPUT 1 "clk";
    .port_info 1 /INPUT 1 "RST";
    .port_info 2 /INPUT 1 "INC";
    .port_info 3 /OUTPUT 10 "addr";
v0x75689b0_0 .net "INC", 0 0, v0x759c240_0;  alias, 1 drivers
v0x7567730_0 .net "RST", 0 0, v0x759c470_0;  alias, 1 drivers
v0x7568160_0 .var "addr", 9 0;
v0x757e670_0 .net "clk", 0 0, v0x75a40f0_0;  alias, 1 drivers
E_0x7584530 .event negedge, v0x757e670_0;
S_0x759b540 .scope module, "led_mem0" "led_mem" 3 23, 6 1 0, S_0x7563650;
 .timescale -8 -8;
    .port_info 0 /INPUT 1 "clk";
    .port_info 1 /INPUT 10 "addr";
    .port_info 2 /OUTPUT 24 "GRB";
v0x7565db0_0 .var "GRB", 23 0;
v0x759b780 .array "LED_MEM", 63 0, 23 0;
v0x759b840_0 .net "addr", 9 0, v0x7568160_0;  alias, 1 drivers
v0x759b930_0 .net "clk", 0 0, v0x75a40f0_0;  alias, 1 drivers
S_0x759ba30 .scope module, "send_LEDS_control" "send_LEDS_control" 3 44, 7 1 0, S_0x7563650;
 .timescale -8 -8;
    .port_info 0 /INPUT 1 "clk";
    .port_info 1 /INPUT 1 "INIT_M";
    .port_info 2 /INPUT 1 "DONE_LED";
    .port_info 3 /INPUT 1 "rst";
    .port_info 4 /INPUT 1 "Z";
    .port_info 5 /OUTPUT 1 "INIT_LED";
    .port_info 6 /OUTPUT 1 "RST";
    .port_info 7 /OUTPUT 1 "INC";
    .port_info 8 /OUTPUT 1 "DONE_M";
P_0x7580c80 .param/l "CHECK_ADDR" 0 7 11, C4<110>;
P_0x7580cc0 .param/l "CHECK_DONE" 0 7 9, C4<100>;
P_0x7580d00 .param/l "CHECK_INIT" 0 7 6, C4<001>;
P_0x7580d40 .param/l "FINISH" 0 7 12, C4<111>;
P_0x7580d80 .param/l "INC_COUNT" 0 7 10, C4<101>;
P_0x7580dc0 .param/l "SEND_GRB" 0 7 7, C4<010>;
P_0x7580e00 .param/l "START" 0 7 5, C4<000>;
P_0x7580e40 .param/l "STOP_GRB" 0 7 8, C4<011>;
v0x759c0a0_0 .net "DONE_LED", 0 0, v0x75a1b70_0;  alias, 1 drivers
v0x759c180_0 .var "DONE_M", 0 0;
v0x759c240_0 .var "INC", 0 0;
v0x759c2e0_0 .var "INIT_LED", 0 0;
v0x759c380_0 .net "INIT_M", 0 0, v0x75a3fb0_0;  alias, 1 drivers
v0x759c470_0 .var "RST", 0 0;
v0x759c510_0 .net "Z", 0 0, v0x756c9b0_0;  alias, 1 drivers
v0x759c5e0_0 .net "clk", 0 0, v0x75a40f0_0;  alias, 1 drivers
v0x759c6d0_0 .var "count", 4 0;
v0x759c770_0 .var "current_state", 2 0;
v0x759c850_0 .net "rst", 0 0, o0x7cb97cefd408;  alias, 0 drivers
v0x759c910_0 .var "state_name", 95 1;
E_0x759bfe0 .event anyedge, v0x759c770_0;
E_0x759c040 .event posedge, v0x757e670_0;
S_0x759cb10 .scope module, "ws2812" "ws2812" 3 39, 8 1 0, S_0x7563650;
 .timescale -8 -8;
    .port_info 0 /INPUT 1 "clk";
    .port_info 1 /INPUT 1 "INIT";
    .port_info 2 /INPUT 24 "GRB";
    .port_info 3 /INPUT 1 "RST_CMD";
    .port_info 4 /INPUT 1 "rst";
    .port_info 5 /OUTPUT 1 "DONE";
    .port_info 6 /OUTPUT 1 "DOUT";
v0x75a2660_0 .net "DEC", 0 0, v0x75a1ab0_0;  1 drivers
v0x75a2720_0 .net "DONE", 0 0, v0x75a1b70_0;  alias, 1 drivers
v0x75a2830_0 .net "DONE_T", 0 0, v0x759fa80_0;  1 drivers
v0x75a28d0_0 .net "DOUT", 0 0, v0x759fb60_0;  alias, 1 drivers
v0x75a29c0_0 .net "GRB", 23 0, v0x7565db0_0;  alias, 1 drivers
v0x75a2b00_0 .net "INIT", 0 0, v0x759c2e0_0;  alias, 1 drivers
v0x75a2bf0_0 .net "INIT_T", 0 0, v0x75a1da0_0;  1 drivers
v0x75a2c90_0 .net "LD", 0 0, v0x75a1ee0_0;  1 drivers
L_0x7cb97ceb4018 .functor BUFT 1, C4<0>, C4<0>, C4<0>, C4<0>;
v0x75a2d30_0 .net "RST_CMD", 0 0, L_0x7cb97ceb4018;  1 drivers
v0x75a2dd0_0 .net "SH", 0 0, v0x75a1fd0_0;  1 drivers
v0x75a2ec0_0 .net "clk", 0 0, v0x75a40f0_0;  alias, 1 drivers
v0x75a2f60_0 .net "rst", 0 0, o0x7cb97cefd408;  alias, 0 drivers
v0x75a3090_0 .net "w_MSB", 0 0, v0x759d9f0_0;  1 drivers
v0x75a3130_0 .net "w_Z", 0 0, v0x759d250_0;  1 drivers
S_0x759ce20 .scope module, "count_ws2812" "count_ws2812" 8 31, 9 1 0, S_0x759cb10;
 .timescale -8 -8;
    .port_info 0 /INPUT 1 "clk";
    .port_info 1 /INPUT 1 "LD";
    .port_info 2 /INPUT 1 "DEC";
    .port_info 3 /OUTPUT 1 "Z";
v0x759d0b0_0 .net "DEC", 0 0, v0x75a1ab0_0;  alias, 1 drivers
v0x759d190_0 .net "LD", 0 0, v0x75a1ee0_0;  alias, 1 drivers
v0x759d250_0 .var "Z", 0 0;
v0x759d2f0_0 .net "clk", 0 0, v0x75a40f0_0;  alias, 1 drivers
v0x759d390_0 .var "out", 4 0;
S_0x759d540 .scope module, "grb_lsr" "GRB_lsr" 8 25, 10 1 0, S_0x759cb10;
 .timescale -8 -8;
    .port_info 0 /INPUT 1 "clk";
    .port_info 1 /INPUT 1 "LD";
    .port_info 2 /INPUT 1 "SH";
    .port_info 3 /INPUT 24 "GRB";
    .port_info 4 /OUTPUT 1 "MSB";
v0x759d740_0 .net "GRB", 23 0, v0x7565db0_0;  alias, 1 drivers
v0x759d830_0 .var "GRB_aux", 23 0;
v0x759d8f0_0 .net "LD", 0 0, v0x75a1ee0_0;  alias, 1 drivers
v0x759d9f0_0 .var "MSB", 0 0;
v0x759da90_0 .net "SH", 0 0, v0x75a1fd0_0;  alias, 1 drivers
v0x759db80_0 .net "clk", 0 0, v0x75a40f0_0;  alias, 1 drivers
S_0x759dd50 .scope module, "timer" "timer" 8 37, 11 1 0, S_0x759cb10;
 .timescale -8 -8;
    .port_info 0 /INPUT 1 "clk";
    .port_info 1 /INPUT 1 "INIT_T";
    .port_info 2 /INPUT 1 "RST_CMD";
    .port_info 3 /INPUT 1 "rst";
    .port_info 4 /INPUT 1 "MSB";
    .port_info 5 /OUTPUT 1 "DOUT";
    .port_info 6 /OUTPUT 1 "DONE_T";
v0x75a0740_0 .net "DONE_T", 0 0, v0x759fa80_0;  alias, 1 drivers
v0x75a0830_0 .net "DOUT", 0 0, v0x759fb60_0;  alias, 1 drivers
v0x75a0900_0 .net "INC", 0 0, v0x759fc20_0;  1 drivers
v0x75a09d0_0 .net "INIT_T", 0 0, v0x75a1da0_0;  alias, 1 drivers
v0x75a0a70_0 .net "MSB", 0 0, v0x759d9f0_0;  alias, 1 drivers
v0x75a0bb0_0 .net "RST", 0 0, v0x759feb0_0;  1 drivers
v0x75a0ca0_0 .net "RST_CMD", 0 0, L_0x7cb97ceb4018;  alias, 1 drivers
v0x75a0d40_0 .net "SEL_TIM", 1 0, v0x75a0020_0;  1 drivers
v0x75a0e30_0 .net "clk", 0 0, v0x75a40f0_0;  alias, 1 drivers
v0x75a0f60_0 .net "rst", 0 0, o0x7cb97cefd408;  alias, 0 drivers
v0x75a1000_0 .net "w_Z", 0 0, v0x759e290_0;  1 drivers
v0x75a10f0_0 .net "w_count_out", 12 0, v0x759eab0_0;  1 drivers
v0x75a11e0_0 .net "w_data2transfer", 12 0, v0x759f180_0;  1 drivers
S_0x759e010 .scope module, "comp_timer" "comp_timer" 11 32, 12 1 0, S_0x759dd50;
 .timescale -8 -8;
    .port_info 0 /INPUT 13 "count_out";
    .port_info 1 /INPUT 13 "data2transfer";
    .port_info 2 /OUTPUT 1 "Z";
v0x759e290_0 .var "Z", 0 0;
v0x759e370_0 .net "count_out", 12 0, v0x759eab0_0;  alias, 1 drivers
v0x759e450_0 .net "data2transfer", 12 0, v0x759f180_0;  alias, 1 drivers
E_0x759e210 .event anyedge, v0x759e370_0, v0x759e450_0;
S_0x759e5c0 .scope module, "count_out" "count_out" 11 20, 13 1 0, S_0x759dd50;
 .timescale -8 -8;
    .port_info 0 /INPUT 1 "clk";
    .port_info 1 /INPUT 1 "RST";
    .port_info 2 /INPUT 1 "INC";
    .port_info 3 /OUTPUT 13 "count_out";
v0x759e860_0 .net "INC", 0 0, v0x759fc20_0;  alias, 1 drivers
v0x759e920_0 .net "RST", 0 0, v0x759feb0_0;  alias, 1 drivers
v0x759e9e0_0 .net "clk", 0 0, v0x75a40f0_0;  alias, 1 drivers
v0x759eab0_0 .var "count_out", 12 0;
S_0x759ec10 .scope module, "mux0" "mux" 11 26, 14 1 0, S_0x759dd50;
 .timescale -8 -8;
    .port_info 0 /INPUT 2 "SEL_TIM";
    .port_info 1 /OUTPUT 13 "data2transfer";
P_0x7571690 .param/l "PER" 0 14 10, C4<11>;
P_0x75716d0 .param/l "RES" 0 14 9, C4<10>;
P_0x7571710 .param/l "T0H" 0 14 7, C4<00>;
P_0x7571750 .param/l "T1H" 0 14 8, C4<01>;
v0x759f080_0 .net "SEL_TIM", 1 0, v0x75a0020_0;  alias, 1 drivers
v0x759f180_0 .var "data2transfer", 12 0;
E_0x759f000 .event anyedge, v0x759f080_0;
S_0x759f2b0 .scope module, "timer_control" "timer_control" 11 38, 15 1 0, S_0x759dd50;
 .timescale -8 -8;
    .port_info 0 /INPUT 1 "clk";
    .port_info 1 /INPUT 1 "INIT_T";
    .port_info 2 /INPUT 1 "rst";
    .port_info 3 /INPUT 1 "MSB";
    .port_info 4 /INPUT 1 "RST_CMD";
    .port_info 5 /INPUT 1 "Z";
    .port_info 6 /OUTPUT 1 "RST";
    .port_info 7 /OUTPUT 1 "INC";
    .port_info 8 /OUTPUT 2 "SEL_TIM";
    .port_info 9 /OUTPUT 1 "DOUT";
    .port_info 10 /OUTPUT 1 "DONE_T";
P_0x759f490 .param/l "CHECK_DATA" 0 15 7, C4<010>;
P_0x759f4d0 .param/l "FINISH" 0 15 12, C4<111>;
P_0x759f510 .param/l "INC_COUNT_PER" 0 15 11, C4<110>;
P_0x759f550 .param/l "RESET_COUNT" 0 15 6, C4<001>;
P_0x759f590 .param/l "SEND_0" 0 15 8, C4<011>;
P_0x759f5d0 .param/l "SEND_1" 0 15 9, C4<100>;
P_0x759f610 .param/l "SEND_RST" 0 15 10, C4<101>;
P_0x759f650 .param/l "START" 0 15 5, C4<000>;
v0x759fa80_0 .var "DONE_T", 0 0;
v0x759fb60_0 .var "DOUT", 0 0;
v0x759fc20_0 .var "INC", 0 0;
v0x759fd20_0 .net "INIT_T", 0 0, v0x75a1da0_0;  alias, 1 drivers
v0x759fdc0_0 .net "MSB", 0 0, v0x759d9f0_0;  alias, 1 drivers
v0x759feb0_0 .var "RST", 0 0;
v0x759ff80_0 .net "RST_CMD", 0 0, L_0x7cb97ceb4018;  alias, 1 drivers
v0x75a0020_0 .var "SEL_TIM", 1 0;
v0x75a00f0_0 .net "Z", 0 0, v0x759e290_0;  alias, 1 drivers
v0x75a0250_0 .net "clk", 0 0, v0x75a40f0_0;  alias, 1 drivers
v0x75a02f0_0 .var "count", 4 0;
v0x75a0390_0 .var "current_state", 2 0;
v0x75a0450_0 .net "rst", 0 0, o0x7cb97cefd408;  alias, 0 drivers
v0x75a0520_0 .var "state_name", 95 1;
E_0x759fa20 .event anyedge, v0x75a0390_0;
S_0x75a13b0 .scope module, "ws2812_control" "ws2812_control" 8 43, 16 1 0, S_0x759cb10;
 .timescale -8 -8;
    .port_info 0 /INPUT 1 "clk";
    .port_info 1 /INPUT 1 "INIT";
    .port_info 2 /INPUT 1 "rst";
    .port_info 3 /INPUT 1 "DONE_T";
    .port_info 4 /INPUT 1 "Z";
    .port_info 5 /OUTPUT 1 "LD";
    .port_info 6 /OUTPUT 1 "INIT_T";
    .port_info 7 /OUTPUT 1 "DEC";
    .port_info 8 /OUTPUT 1 "SH";
    .port_info 9 /OUTPUT 1 "DONE";
P_0x75a1590 .param/l "CHECK_COUNT" 0 16 10, C4<101>;
P_0x75a15d0 .param/l "CHECK_TIMER" 0 16 8, C4<011>;
P_0x75a1610 .param/l "DEC_SHIFT" 0 16 9, C4<100>;
P_0x75a1650 .param/l "FINISH" 0 16 11, C4<110>;
P_0x75a1690 .param/l "INIT_TIMER" 0 16 7, C4<010>;
P_0x75a16d0 .param/l "LOAD" 0 16 6, C4<001>;
P_0x75a1710 .param/l "START" 0 16 5, C4<000>;
v0x75a1ab0_0 .var "DEC", 0 0;
v0x75a1b70_0 .var "DONE", 0 0;
v0x75a1c10_0 .net "DONE_T", 0 0, v0x759fa80_0;  alias, 1 drivers
v0x75a1d00_0 .net "INIT", 0 0, v0x759c2e0_0;  alias, 1 drivers
v0x75a1da0_0 .var "INIT_T", 0 0;
v0x75a1ee0_0 .var "LD", 0 0;
v0x75a1fd0_0 .var "SH", 0 0;
v0x75a2070_0 .net "Z", 0 0, v0x759d250_0;  alias, 1 drivers
v0x75a2110_0 .net "clk", 0 0, v0x75a40f0_0;  alias, 1 drivers
v0x75a2240_0 .var "count", 4 0;
v0x75a22e0_0 .var "current_state", 2 0;
v0x75a2380_0 .net "rst", 0 0, o0x7cb97cefd408;  alias, 0 drivers
v0x75a2420_0 .var "state_name", 95 1;
E_0x759dee0 .event anyedge, v0x75a22e0_0;
    .scope S_0x759b540;
T_0 ;
    %vpi_call 6 11 "$readmemh", "led_green.hex", v0x759b780 {0 0 0};
    %end;
    .thread T_0;
    .scope S_0x759b540;
T_1 ;
    %wait E_0x7584530;
    %ix/getv 4, v0x759b840_0;
    %load/vec4a v0x759b780, 4;
    %store/vec4 v0x7565db0_0, 0, 24;
    %jmp T_1;
    .thread T_1;
    .scope S_0x759b260;
T_2 ;
    %wait E_0x7584530;
    %load/vec4 v0x7567730_0;
    %flag_set/vec4 8;
    %jmp/0xz  T_2.0, 8;
    %pushi/vec4 0, 0, 10;
    %store/vec4 v0x7568160_0, 0, 10;
    %jmp T_2.1;
T_2.0 ;
    %load/vec4 v0x75689b0_0;
    %flag_set/vec4 8;
    %jmp/0xz  T_2.2, 8;
    %load/vec4 v0x7568160_0;
    %addi 1, 0, 10;
    %store/vec4 v0x7568160_0, 0, 10;
T_2.2 ;
T_2.1 ;
    %jmp T_2;
    .thread T_2;
    .scope S_0x75637e0;
T_3 ;
    %wait E_0x7583d20;
    %load/vec4 v0x75701c0_0;
    %cmpi/e 256, 0, 10;
    %jmp/0xz  T_3.0, 4;
    %pushi/vec4 1, 0, 1;
    %store/vec4 v0x756c9b0_0, 0, 1;
    %jmp T_3.1;
T_3.0 ;
    %pushi/vec4 0, 0, 1;
    %store/vec4 v0x756c9b0_0, 0, 1;
T_3.1 ;
    %jmp T_3;
    .thread T_3, $push;
    .scope S_0x759d540;
T_4 ;
    %wait E_0x7584530;
    %load/vec4 v0x759d8f0_0;
    %flag_set/vec4 8;
    %jmp/0xz  T_4.0, 8;
    %load/vec4 v0x759d740_0;
    %store/vec4 v0x759d830_0, 0, 24;
    %jmp T_4.1;
T_4.0 ;
    %load/vec4 v0x759da90_0;
    %flag_set/vec4 8;
    %jmp/0xz  T_4.2, 8;
    %load/vec4 v0x759d830_0;
    %ix/load 4, 1, 0;
    %flag_set/imm 4, 0;
    %shiftl 4;
    %store/vec4 v0x759d830_0, 0, 24;
T_4.2 ;
T_4.1 ;
    %load/vec4 v0x759d830_0;
    %parti/s 1, 23, 6;
    %store/vec4 v0x759d9f0_0, 0, 1;
    %jmp T_4;
    .thread T_4;
    .scope S_0x759ce20;
T_5 ;
    %wait E_0x7584530;
    %load/vec4 v0x759d190_0;
    %flag_set/vec4 8;
    %jmp/0xz  T_5.0, 8;
    %pushi/vec4 24, 0, 5;
    %store/vec4 v0x759d390_0, 0, 5;
    %jmp T_5.1;
T_5.0 ;
    %load/vec4 v0x759d0b0_0;
    %flag_set/vec4 8;
    %jmp/0xz  T_5.2, 8;
    %load/vec4 v0x759d390_0;
    %subi 1, 0, 5;
    %store/vec4 v0x759d390_0, 0, 5;
T_5.2 ;
T_5.1 ;
    %load/vec4 v0x759d390_0;
    %pad/u 32;
    %pushi/vec4 0, 0, 32;
    %cmp/e;
    %flag_get/vec4 4;
    %store/vec4 v0x759d250_0, 0, 1;
    %jmp T_5;
    .thread T_5;
    .scope S_0x759e5c0;
T_6 ;
    %wait E_0x7584530;
    %load/vec4 v0x759e920_0;
    %flag_set/vec4 8;
    %jmp/0xz  T_6.0, 8;
    %pushi/vec4 0, 0, 13;
    %store/vec4 v0x759eab0_0, 0, 13;
    %jmp T_6.1;
T_6.0 ;
    %load/vec4 v0x759e860_0;
    %flag_set/vec4 8;
    %jmp/0xz  T_6.2, 8;
    %load/vec4 v0x759eab0_0;
    %addi 1, 0, 13;
    %store/vec4 v0x759eab0_0, 0, 13;
T_6.2 ;
T_6.1 ;
    %jmp T_6;
    .thread T_6;
    .scope S_0x759ec10;
T_7 ;
    %wait E_0x759f000;
    %load/vec4 v0x759f080_0;
    %dup/vec4;
    %pushi/vec4 0, 0, 2;
    %cmp/u;
    %jmp/1 T_7.0, 6;
    %dup/vec4;
    %pushi/vec4 1, 0, 2;
    %cmp/u;
    %jmp/1 T_7.1, 6;
    %dup/vec4;
    %pushi/vec4 3, 0, 2;
    %cmp/u;
    %jmp/1 T_7.2, 6;
    %dup/vec4;
    %pushi/vec4 2, 0, 2;
    %cmp/u;
    %jmp/1 T_7.3, 6;
    %jmp T_7.4;
T_7.0 ;
    %pushi/vec4 10, 0, 13;
    %assign/vec4 v0x759f180_0, 0;
    %jmp T_7.4;
T_7.1 ;
    %pushi/vec4 20, 0, 13;
    %assign/vec4 v0x759f180_0, 0;
    %jmp T_7.4;
T_7.2 ;
    %pushi/vec4 31, 0, 13;
    %assign/vec4 v0x759f180_0, 0;
    %jmp T_7.4;
T_7.3 ;
    %pushi/vec4 1250, 0, 13;
    %assign/vec4 v0x759f180_0, 0;
    %jmp T_7.4;
T_7.4 ;
    %pop/vec4 1;
    %jmp T_7;
    .thread T_7, $push;
    .scope S_0x759e010;
T_8 ;
    %wait E_0x759e210;
    %load/vec4 v0x759e370_0;
    %load/vec4 v0x759e450_0;
    %cmp/e;
    %jmp/0xz  T_8.0, 4;
    %pushi/vec4 1, 0, 1;
    %assign/vec4 v0x759e290_0, 0;
    %jmp T_8.1;
T_8.0 ;
    %pushi/vec4 0, 0, 1;
    %assign/vec4 v0x759e290_0, 0;
T_8.1 ;
    %jmp T_8;
    .thread T_8, $push;
    .scope S_0x759f2b0;
T_9 ;
    %wait E_0x759c040;
    %load/vec4 v0x75a0450_0;
    %flag_set/vec4 8;
    %jmp/0xz  T_9.0, 8;
    %pushi/vec4 0, 0, 3;
    %store/vec4 v0x75a0390_0, 0, 3;
    %jmp T_9.1;
T_9.0 ;
    %load/vec4 v0x75a0390_0;
    %dup/vec4;
    %pushi/vec4 0, 0, 3;
    %cmp/u;
    %jmp/1 T_9.2, 6;
    %dup/vec4;
    %pushi/vec4 1, 0, 3;
    %cmp/u;
    %jmp/1 T_9.3, 6;
    %dup/vec4;
    %pushi/vec4 2, 0, 3;
    %cmp/u;
    %jmp/1 T_9.4, 6;
    %dup/vec4;
    %pushi/vec4 5, 0, 3;
    %cmp/u;
    %jmp/1 T_9.5, 6;
    %dup/vec4;
    %pushi/vec4 3, 0, 3;
    %cmp/u;
    %jmp/1 T_9.6, 6;
    %dup/vec4;
    %pushi/vec4 4, 0, 3;
    %cmp/u;
    %jmp/1 T_9.7, 6;
    %dup/vec4;
    %pushi/vec4 6, 0, 3;
    %cmp/u;
    %jmp/1 T_9.8, 6;
    %dup/vec4;
    %pushi/vec4 7, 0, 3;
    %cmp/u;
    %jmp/1 T_9.9, 6;
    %pushi/vec4 0, 0, 3;
    %store/vec4 v0x75a0390_0, 0, 3;
    %jmp T_9.11;
T_9.2 ;
    %load/vec4 v0x759fd20_0;
    %flag_set/vec4 8;
    %jmp/0xz  T_9.12, 8;
    %pushi/vec4 1, 0, 3;
    %store/vec4 v0x75a0390_0, 0, 3;
    %pushi/vec4 0, 0, 5;
    %store/vec4 v0x75a02f0_0, 0, 5;
    %jmp T_9.13;
T_9.12 ;
    %pushi/vec4 0, 0, 3;
    %store/vec4 v0x75a0390_0, 0, 3;
T_9.13 ;
    %jmp T_9.11;
T_9.3 ;
    %pushi/vec4 2, 0, 3;
    %store/vec4 v0x75a0390_0, 0, 3;
    %jmp T_9.11;
T_9.4 ;
    %load/vec4 v0x759ff80_0;
    %flag_set/vec4 8;
    %jmp/0xz  T_9.14, 8;
    %pushi/vec4 5, 0, 3;
    %store/vec4 v0x75a0390_0, 0, 3;
    %jmp T_9.15;
T_9.14 ;
    %load/vec4 v0x759fdc0_0;
    %flag_set/vec4 8;
    %jmp/0xz  T_9.16, 8;
    %pushi/vec4 4, 0, 3;
    %store/vec4 v0x75a0390_0, 0, 3;
    %jmp T_9.17;
T_9.16 ;
    %pushi/vec4 3, 0, 3;
    %store/vec4 v0x75a0390_0, 0, 3;
T_9.17 ;
T_9.15 ;
    %jmp T_9.11;
T_9.5 ;
    %load/vec4 v0x75a00f0_0;
    %flag_set/vec4 8;
    %jmp/0xz  T_9.18, 8;
    %pushi/vec4 7, 0, 3;
    %store/vec4 v0x75a0390_0, 0, 3;
    %jmp T_9.19;
T_9.18 ;
    %pushi/vec4 5, 0, 3;
    %store/vec4 v0x75a0390_0, 0, 3;
T_9.19 ;
    %jmp T_9.11;
T_9.6 ;
    %load/vec4 v0x75a00f0_0;
    %flag_set/vec4 8;
    %jmp/0xz  T_9.20, 8;
    %pushi/vec4 6, 0, 3;
    %store/vec4 v0x75a0390_0, 0, 3;
    %jmp T_9.21;
T_9.20 ;
    %pushi/vec4 3, 0, 3;
    %store/vec4 v0x75a0390_0, 0, 3;
T_9.21 ;
    %jmp T_9.11;
T_9.7 ;
    %load/vec4 v0x75a00f0_0;
    %flag_set/vec4 8;
    %jmp/0xz  T_9.22, 8;
    %pushi/vec4 6, 0, 3;
    %store/vec4 v0x75a0390_0, 0, 3;
    %jmp T_9.23;
T_9.22 ;
    %pushi/vec4 4, 0, 3;
    %store/vec4 v0x75a0390_0, 0, 3;
T_9.23 ;
    %jmp T_9.11;
T_9.8 ;
    %load/vec4 v0x75a00f0_0;
    %flag_set/vec4 8;
    %jmp/0xz  T_9.24, 8;
    %pushi/vec4 7, 0, 3;
    %store/vec4 v0x75a0390_0, 0, 3;
    %jmp T_9.25;
T_9.24 ;
    %pushi/vec4 6, 0, 3;
    %store/vec4 v0x75a0390_0, 0, 3;
T_9.25 ;
    %jmp T_9.11;
T_9.9 ;
    %load/vec4 v0x75a02f0_0;
    %addi 1, 0, 5;
    %store/vec4 v0x75a02f0_0, 0, 5;
    %load/vec4 v0x75a02f0_0;
    %pad/u 32;
    %cmpi/e 1, 0, 32;
    %flag_mov 8, 4;
    %jmp/0 T_9.26, 8;
    %pushi/vec4 0, 0, 3;
    %jmp/1 T_9.27, 8;
T_9.26 ; End of true expr.
    %pushi/vec4 7, 0, 3;
    %jmp/0 T_9.27, 8;
 ; End of false expr.
    %blend;
T_9.27;
    %store/vec4 v0x75a0390_0, 0, 3;
    %jmp T_9.11;
T_9.11 ;
    %pop/vec4 1;
T_9.1 ;
    %jmp T_9;
    .thread T_9;
    .scope S_0x759f2b0;
T_10 ;
    %wait E_0x759fa20;
    %load/vec4 v0x75a0390_0;
    %dup/vec4;
    %pushi/vec4 0, 0, 3;
    %cmp/u;
    %jmp/1 T_10.0, 6;
    %dup/vec4;
    %pushi/vec4 1, 0, 3;
    %cmp/u;
    %jmp/1 T_10.1, 6;
    %dup/vec4;
    %pushi/vec4 2, 0, 3;
    %cmp/u;
    %jmp/1 T_10.2, 6;
    %dup/vec4;
    %pushi/vec4 3, 0, 3;
    %cmp/u;
    %jmp/1 T_10.3, 6;
    %dup/vec4;
    %pushi/vec4 4, 0, 3;
    %cmp/u;
    %jmp/1 T_10.4, 6;
    %dup/vec4;
    %pushi/vec4 5, 0, 3;
    %cmp/u;
    %jmp/1 T_10.5, 6;
    %dup/vec4;
    %pushi/vec4 6, 0, 3;
    %cmp/u;
    %jmp/1 T_10.6, 6;
    %dup/vec4;
    %pushi/vec4 7, 0, 3;
    %cmp/u;
    %jmp/1 T_10.7, 6;
    %pushi/vec4 0, 0, 1;
    %store/vec4 v0x759fb60_0, 0, 1;
    %pushi/vec4 0, 0, 1;
    %store/vec4 v0x759feb0_0, 0, 1;
    %pushi/vec4 0, 0, 1;
    %store/vec4 v0x759fc20_0, 0, 1;
    %pushi/vec4 0, 0, 2;
    %store/vec4 v0x75a0020_0, 0, 2;
    %pushi/vec4 0, 0, 1;
    %store/vec4 v0x759fa80_0, 0, 1;
    %jmp T_10.9;
T_10.0 ;
    %pushi/vec4 0, 0, 1;
    %store/vec4 v0x759fb60_0, 0, 1;
    %pushi/vec4 0, 0, 1;
    %store/vec4 v0x759feb0_0, 0, 1;
    %pushi/vec4 0, 0, 1;
    %store/vec4 v0x759fc20_0, 0, 1;
    %pushi/vec4 0, 0, 2;
    %store/vec4 v0x75a0020_0, 0, 2;
    %pushi/vec4 0, 0, 1;
    %store/vec4 v0x759fa80_0, 0, 1;
    %jmp T_10.9;
T_10.1 ;
    %pushi/vec4 0, 0, 1;
    %store/vec4 v0x759fb60_0, 0, 1;
    %pushi/vec4 1, 0, 1;
    %store/vec4 v0x759feb0_0, 0, 1;
    %pushi/vec4 0, 0, 1;
    %store/vec4 v0x759fc20_0, 0, 1;
    %pushi/vec4 0, 0, 2;
    %store/vec4 v0x75a0020_0, 0, 2;
    %pushi/vec4 0, 0, 1;
    %store/vec4 v0x759fa80_0, 0, 1;
    %jmp T_10.9;
T_10.2 ;
    %pushi/vec4 0, 0, 1;
    %store/vec4 v0x759fb60_0, 0, 1;
    %pushi/vec4 0, 0, 1;
    %store/vec4 v0x759feb0_0, 0, 1;
    %pushi/vec4 0, 0, 1;
    %store/vec4 v0x759fc20_0, 0, 1;
    %pushi/vec4 0, 0, 2;
    %store/vec4 v0x75a0020_0, 0, 2;
    %pushi/vec4 0, 0, 1;
    %store/vec4 v0x759fa80_0, 0, 1;
    %jmp T_10.9;
T_10.3 ;
    %pushi/vec4 1, 0, 1;
    %store/vec4 v0x759fb60_0, 0, 1;
    %pushi/vec4 0, 0, 1;
    %store/vec4 v0x759feb0_0, 0, 1;
    %pushi/vec4 1, 0, 1;
    %store/vec4 v0x759fc20_0, 0, 1;
    %pushi/vec4 0, 0, 2;
    %store/vec4 v0x75a0020_0, 0, 2;
    %pushi/vec4 0, 0, 1;
    %store/vec4 v0x759fa80_0, 0, 1;
    %jmp T_10.9;
T_10.4 ;
    %pushi/vec4 1, 0, 1;
    %store/vec4 v0x759fb60_0, 0, 1;
    %pushi/vec4 0, 0, 1;
    %store/vec4 v0x759feb0_0, 0, 1;
    %pushi/vec4 1, 0, 1;
    %store/vec4 v0x759fc20_0, 0, 1;
    %pushi/vec4 1, 0, 2;
    %store/vec4 v0x75a0020_0, 0, 2;
    %pushi/vec4 0, 0, 1;
    %store/vec4 v0x759fa80_0, 0, 1;
    %jmp T_10.9;
T_10.5 ;
    %pushi/vec4 0, 0, 1;
    %store/vec4 v0x759fb60_0, 0, 1;
    %pushi/vec4 0, 0, 1;
    %store/vec4 v0x759feb0_0, 0, 1;
    %pushi/vec4 1, 0, 1;
    %store/vec4 v0x759fc20_0, 0, 1;
    %pushi/vec4 2, 0, 2;
    %store/vec4 v0x75a0020_0, 0, 2;
    %pushi/vec4 0, 0, 1;
    %store/vec4 v0x759fa80_0, 0, 1;
    %jmp T_10.9;
T_10.6 ;
    %pushi/vec4 0, 0, 1;
    %store/vec4 v0x759fb60_0, 0, 1;
    %pushi/vec4 0, 0, 1;
    %store/vec4 v0x759feb0_0, 0, 1;
    %pushi/vec4 1, 0, 1;
    %store/vec4 v0x759fc20_0, 0, 1;
    %pushi/vec4 3, 0, 2;
    %store/vec4 v0x75a0020_0, 0, 2;
    %pushi/vec4 0, 0, 1;
    %store/vec4 v0x759fa80_0, 0, 1;
    %jmp T_10.9;
T_10.7 ;
    %pushi/vec4 0, 0, 1;
    %store/vec4 v0x759fb60_0, 0, 1;
    %pushi/vec4 0, 0, 1;
    %store/vec4 v0x759feb0_0, 0, 1;
    %pushi/vec4 0, 0, 1;
    %store/vec4 v0x759fc20_0, 0, 1;
    %pushi/vec4 0, 0, 2;
    %store/vec4 v0x75a0020_0, 0, 2;
    %pushi/vec4 1, 0, 1;
    %store/vec4 v0x759fa80_0, 0, 1;
    %jmp T_10.9;
T_10.9 ;
    %pop/vec4 1;
    %jmp T_10;
    .thread T_10, $push;
    .scope S_0x759f2b0;
T_11 ;
    %wait E_0x759fa20;
    %load/vec4 v0x75a0390_0;
    %dup/vec4;
    %pushi/vec4 0, 0, 3;
    %cmp/u;
    %jmp/1 T_11.0, 6;
    %dup/vec4;
    %pushi/vec4 1, 0, 3;
    %cmp/u;
    %jmp/1 T_11.1, 6;
    %dup/vec4;
    %pushi/vec4 2, 0, 3;
    %cmp/u;
    %jmp/1 T_11.2, 6;
    %dup/vec4;
    %pushi/vec4 3, 0, 3;
    %cmp/u;
    %jmp/1 T_11.3, 6;
    %dup/vec4;
    %pushi/vec4 4, 0, 3;
    %cmp/u;
    %jmp/1 T_11.4, 6;
    %dup/vec4;
    %pushi/vec4 5, 0, 3;
    %cmp/u;
    %jmp/1 T_11.5, 6;
    %dup/vec4;
    %pushi/vec4 6, 0, 3;
    %cmp/u;
    %jmp/1 T_11.6, 6;
    %dup/vec4;
    %pushi/vec4 7, 0, 3;
    %cmp/u;
    %jmp/1 T_11.7, 6;
    %jmp T_11.8;
T_11.0 ;
    %pushi/vec4 2796061348, 0, 88;
    %concati/vec4 84, 0, 7;
    %store/vec4 v0x75a0520_0, 0, 95;
    %jmp T_11.8;
T_11.1 ;
    %pushi/vec4 2760550026, 0, 40;
    %concati/vec4 2831058590, 0, 32;
    %concati/vec4 5590612, 0, 23;
    %store/vec4 v0x75a0520_0, 0, 95;
    %jmp T_11.8;
T_11.2 ;
    %pushi/vec4 2257619590, 0, 48;
    %concati/vec4 2529069186, 0, 32;
    %concati/vec4 21569, 0, 15;
    %store/vec4 v0x75a0520_0, 0, 95;
    %jmp T_11.8;
T_11.3 ;
    %pushi/vec4 2794101896, 0, 80;
    %concati/vec4 24368, 0, 15;
    %store/vec4 v0x75a0520_0, 0, 95;
    %jmp T_11.8;
T_11.4 ;
    %pushi/vec4 2794101896, 0, 80;
    %concati/vec4 24369, 0, 15;
    %store/vec4 v0x75a0520_0, 0, 95;
    %jmp T_11.8;
T_11.5 ;
    %pushi/vec4 2794101896, 0, 64;
    %concati/vec4 1599230804, 0, 31;
    %store/vec4 v0x75a0520_0, 0, 95;
    %jmp T_11.8;
T_11.6 ;
    %pushi/vec4 2626076294, 0, 32;
    %concati/vec4 2661981352, 0, 32;
    %concati/vec4 1599096146, 0, 31;
    %store/vec4 v0x75a0520_0, 0, 95;
    %jmp T_11.8;
T_11.7 ;
    %pushi/vec4 2358418578, 0, 80;
    %concati/vec4 21320, 0, 15;
    %store/vec4 v0x75a0520_0, 0, 95;
    %jmp T_11.8;
T_11.8 ;
    %pop/vec4 1;
    %jmp T_11;
    .thread T_11, $push;
    .scope S_0x75a13b0;
T_12 ;
    %wait E_0x759c040;
    %load/vec4 v0x75a2380_0;
    %flag_set/vec4 8;
    %jmp/0xz  T_12.0, 8;
    %pushi/vec4 0, 0, 3;
    %store/vec4 v0x75a22e0_0, 0, 3;
    %jmp T_12.1;
T_12.0 ;
    %load/vec4 v0x75a22e0_0;
    %dup/vec4;
    %pushi/vec4 0, 0, 3;
    %cmp/u;
    %jmp/1 T_12.2, 6;
    %dup/vec4;
    %pushi/vec4 1, 0, 3;
    %cmp/u;
    %jmp/1 T_12.3, 6;
    %dup/vec4;
    %pushi/vec4 2, 0, 3;
    %cmp/u;
    %jmp/1 T_12.4, 6;
    %dup/vec4;
    %pushi/vec4 3, 0, 3;
    %cmp/u;
    %jmp/1 T_12.5, 6;
    %dup/vec4;
    %pushi/vec4 4, 0, 3;
    %cmp/u;
    %jmp/1 T_12.6, 6;
    %dup/vec4;
    %pushi/vec4 5, 0, 3;
    %cmp/u;
    %jmp/1 T_12.7, 6;
    %dup/vec4;
    %pushi/vec4 6, 0, 3;
    %cmp/u;
    %jmp/1 T_12.8, 6;
    %pushi/vec4 0, 0, 3;
    %store/vec4 v0x75a22e0_0, 0, 3;
    %jmp T_12.10;
T_12.2 ;
    %load/vec4 v0x75a1d00_0;
    %flag_set/vec4 8;
    %jmp/0xz  T_12.11, 8;
    %pushi/vec4 1, 0, 3;
    %store/vec4 v0x75a22e0_0, 0, 3;
    %pushi/vec4 0, 0, 5;
    %store/vec4 v0x75a2240_0, 0, 5;
    %jmp T_12.12;
T_12.11 ;
    %pushi/vec4 0, 0, 3;
    %store/vec4 v0x75a22e0_0, 0, 3;
T_12.12 ;
    %jmp T_12.10;
T_12.3 ;
    %pushi/vec4 2, 0, 3;
    %store/vec4 v0x75a22e0_0, 0, 3;
    %jmp T_12.10;
T_12.4 ;
    %pushi/vec4 3, 0, 3;
    %store/vec4 v0x75a22e0_0, 0, 3;
    %jmp T_12.10;
T_12.5 ;
    %load/vec4 v0x75a1c10_0;
    %flag_set/vec4 8;
    %jmp/0xz  T_12.13, 8;
    %pushi/vec4 4, 0, 3;
    %store/vec4 v0x75a22e0_0, 0, 3;
    %jmp T_12.14;
T_12.13 ;
    %pushi/vec4 3, 0, 3;
    %store/vec4 v0x75a22e0_0, 0, 3;
T_12.14 ;
    %jmp T_12.10;
T_12.6 ;
    %pushi/vec4 5, 0, 3;
    %store/vec4 v0x75a22e0_0, 0, 3;
    %jmp T_12.10;
T_12.7 ;
    %load/vec4 v0x75a2070_0;
    %flag_set/vec4 8;
    %jmp/0xz  T_12.15, 8;
    %pushi/vec4 6, 0, 3;
    %store/vec4 v0x75a22e0_0, 0, 3;
    %jmp T_12.16;
T_12.15 ;
    %pushi/vec4 2, 0, 3;
    %store/vec4 v0x75a22e0_0, 0, 3;
T_12.16 ;
    %jmp T_12.10;
T_12.8 ;
    %load/vec4 v0x75a2240_0;
    %addi 1, 0, 5;
    %store/vec4 v0x75a2240_0, 0, 5;
    %load/vec4 v0x75a2240_0;
    %pad/u 32;
    %cmpi/u 1, 0, 32;
    %flag_or 5, 4; GT is !LE
    %flag_inv 5;
    %flag_mov 8, 5;
    %jmp/0 T_12.17, 8;
    %pushi/vec4 0, 0, 3;
    %jmp/1 T_12.18, 8;
T_12.17 ; End of true expr.
    %pushi/vec4 6, 0, 3;
    %jmp/0 T_12.18, 8;
 ; End of false expr.
    %blend;
T_12.18;
    %store/vec4 v0x75a22e0_0, 0, 3;
    %jmp T_12.10;
T_12.10 ;
    %pop/vec4 1;
T_12.1 ;
    %jmp T_12;
    .thread T_12;
    .scope S_0x75a13b0;
T_13 ;
    %wait E_0x759dee0;
    %load/vec4 v0x75a22e0_0;
    %dup/vec4;
    %pushi/vec4 0, 0, 3;
    %cmp/u;
    %jmp/1 T_13.0, 6;
    %dup/vec4;
    %pushi/vec4 1, 0, 3;
    %cmp/u;
    %jmp/1 T_13.1, 6;
    %dup/vec4;
    %pushi/vec4 2, 0, 3;
    %cmp/u;
    %jmp/1 T_13.2, 6;
    %dup/vec4;
    %pushi/vec4 3, 0, 3;
    %cmp/u;
    %jmp/1 T_13.3, 6;
    %dup/vec4;
    %pushi/vec4 4, 0, 3;
    %cmp/u;
    %jmp/1 T_13.4, 6;
    %dup/vec4;
    %pushi/vec4 5, 0, 3;
    %cmp/u;
    %jmp/1 T_13.5, 6;
    %dup/vec4;
    %pushi/vec4 6, 0, 3;
    %cmp/u;
    %jmp/1 T_13.6, 6;
    %pushi/vec4 0, 0, 1;
    %store/vec4 v0x75a1ee0_0, 0, 1;
    %pushi/vec4 0, 0, 1;
    %store/vec4 v0x75a1da0_0, 0, 1;
    %pushi/vec4 0, 0, 1;
    %store/vec4 v0x75a1ab0_0, 0, 1;
    %pushi/vec4 0, 0, 1;
    %store/vec4 v0x75a1fd0_0, 0, 1;
    %pushi/vec4 0, 0, 1;
    %store/vec4 v0x75a1b70_0, 0, 1;
    %jmp T_13.8;
T_13.0 ;
    %pushi/vec4 0, 0, 1;
    %store/vec4 v0x75a1ee0_0, 0, 1;
    %pushi/vec4 0, 0, 1;
    %store/vec4 v0x75a1da0_0, 0, 1;
    %pushi/vec4 0, 0, 1;
    %store/vec4 v0x75a1ab0_0, 0, 1;
    %pushi/vec4 0, 0, 1;
    %store/vec4 v0x75a1fd0_0, 0, 1;
    %pushi/vec4 0, 0, 1;
    %store/vec4 v0x75a1b70_0, 0, 1;
    %jmp T_13.8;
T_13.1 ;
    %pushi/vec4 1, 0, 1;
    %store/vec4 v0x75a1ee0_0, 0, 1;
    %pushi/vec4 0, 0, 1;
    %store/vec4 v0x75a1da0_0, 0, 1;
    %pushi/vec4 0, 0, 1;
    %store/vec4 v0x75a1ab0_0, 0, 1;
    %pushi/vec4 0, 0, 1;
    %store/vec4 v0x75a1fd0_0, 0, 1;
    %pushi/vec4 0, 0, 1;
    %store/vec4 v0x75a1b70_0, 0, 1;
    %jmp T_13.8;
T_13.2 ;
    %pushi/vec4 0, 0, 1;
    %store/vec4 v0x75a1ee0_0, 0, 1;
    %pushi/vec4 1, 0, 1;
    %store/vec4 v0x75a1da0_0, 0, 1;
    %pushi/vec4 0, 0, 1;
    %store/vec4 v0x75a1ab0_0, 0, 1;
    %pushi/vec4 0, 0, 1;
    %store/vec4 v0x75a1fd0_0, 0, 1;
    %pushi/vec4 0, 0, 1;
    %store/vec4 v0x75a1b70_0, 0, 1;
    %jmp T_13.8;
T_13.3 ;
    %pushi/vec4 0, 0, 1;
    %store/vec4 v0x75a1ee0_0, 0, 1;
    %pushi/vec4 0, 0, 1;
    %store/vec4 v0x75a1da0_0, 0, 1;
    %pushi/vec4 0, 0, 1;
    %store/vec4 v0x75a1ab0_0, 0, 1;
    %pushi/vec4 0, 0, 1;
    %store/vec4 v0x75a1fd0_0, 0, 1;
    %pushi/vec4 0, 0, 1;
    %store/vec4 v0x75a1b70_0, 0, 1;
    %jmp T_13.8;
T_13.4 ;
    %pushi/vec4 0, 0, 1;
    %store/vec4 v0x75a1ee0_0, 0, 1;
    %pushi/vec4 0, 0, 1;
    %store/vec4 v0x75a1da0_0, 0, 1;
    %pushi/vec4 1, 0, 1;
    %store/vec4 v0x75a1ab0_0, 0, 1;
    %pushi/vec4 1, 0, 1;
    %store/vec4 v0x75a1fd0_0, 0, 1;
    %pushi/vec4 0, 0, 1;
    %store/vec4 v0x75a1b70_0, 0, 1;
    %jmp T_13.8;
T_13.5 ;
    %pushi/vec4 0, 0, 1;
    %store/vec4 v0x75a1ee0_0, 0, 1;
    %pushi/vec4 0, 0, 1;
    %store/vec4 v0x75a1da0_0, 0, 1;
    %pushi/vec4 0, 0, 1;
    %store/vec4 v0x75a1ab0_0, 0, 1;
    %pushi/vec4 0, 0, 1;
    %store/vec4 v0x75a1fd0_0, 0, 1;
    %pushi/vec4 0, 0, 1;
    %store/vec4 v0x75a1b70_0, 0, 1;
    %jmp T_13.8;
T_13.6 ;
    %pushi/vec4 0, 0, 1;
    %store/vec4 v0x75a1ee0_0, 0, 1;
    %pushi/vec4 0, 0, 1;
    %store/vec4 v0x75a1da0_0, 0, 1;
    %pushi/vec4 0, 0, 1;
    %store/vec4 v0x75a1ab0_0, 0, 1;
    %pushi/vec4 0, 0, 1;
    %store/vec4 v0x75a1fd0_0, 0, 1;
    %pushi/vec4 1, 0, 1;
    %store/vec4 v0x75a1b70_0, 0, 1;
    %jmp T_13.8;
T_13.8 ;
    %pop/vec4 1;
    %jmp T_13;
    .thread T_13, $push;
    .scope S_0x75a13b0;
T_14 ;
    %wait E_0x759dee0;
    %load/vec4 v0x75a22e0_0;
    %dup/vec4;
    %pushi/vec4 0, 0, 3;
    %cmp/u;
    %jmp/1 T_14.0, 6;
    %dup/vec4;
    %pushi/vec4 1, 0, 3;
    %cmp/u;
    %jmp/1 T_14.1, 6;
    %dup/vec4;
    %pushi/vec4 2, 0, 3;
    %cmp/u;
    %jmp/1 T_14.2, 6;
    %dup/vec4;
    %pushi/vec4 3, 0, 3;
    %cmp/u;
    %jmp/1 T_14.3, 6;
    %dup/vec4;
    %pushi/vec4 4, 0, 3;
    %cmp/u;
    %jmp/1 T_14.4, 6;
    %dup/vec4;
    %pushi/vec4 5, 0, 3;
    %cmp/u;
    %jmp/1 T_14.5, 6;
    %dup/vec4;
    %pushi/vec4 6, 0, 3;
    %cmp/u;
    %jmp/1 T_14.6, 6;
    %jmp T_14.7;
T_14.0 ;
    %pushi/vec4 2796061348, 0, 88;
    %concati/vec4 84, 0, 7;
    %store/vec4 v0x75a2420_0, 0, 95;
    %jmp T_14.7;
T_14.1 ;
    %pushi/vec4 1280262468, 0, 95;
    %store/vec4 v0x75a2420_0, 0, 95;
    %jmp T_14.7;
T_14.2 ;
    %pushi/vec4 2459734696, 0, 48;
    %concati/vec4 3198718618, 0, 32;
    %concati/vec4 17746, 0, 15;
    %store/vec4 v0x75a2420_0, 0, 95;
    %jmp T_14.7;
T_14.3 ;
    %pushi/vec4 2257619590, 0, 40;
    %concati/vec4 2529077394, 0, 32;
    %concati/vec4 5064018, 0, 23;
    %store/vec4 v0x75a2420_0, 0, 95;
    %jmp T_14.7;
T_14.4 ;
    %pushi/vec4 2290779838, 0, 56;
    %concati/vec4 2794492556, 0, 32;
    %concati/vec4 84, 0, 7;
    %store/vec4 v0x75a2420_0, 0, 95;
    %jmp T_14.7;
T_14.5 ;
    %pushi/vec4 2257619590, 0, 40;
    %concati/vec4 2529068702, 0, 32;
    %concati/vec4 5590612, 0, 23;
    %store/vec4 v0x75a2420_0, 0, 95;
    %jmp T_14.7;
T_14.6 ;
    %pushi/vec4 2358418578, 0, 80;
    %concati/vec4 21320, 0, 15;
    %store/vec4 v0x75a2420_0, 0, 95;
    %jmp T_14.7;
T_14.7 ;
    %pop/vec4 1;
    %jmp T_14;
    .thread T_14, $push;
    .scope S_0x759ba30;
T_15 ;
    %wait E_0x759c040;
    %load/vec4 v0x759c850_0;
    %flag_set/vec4 8;
    %jmp/0xz  T_15.0, 8;
    %pushi/vec4 0, 0, 3;
    %store/vec4 v0x759c770_0, 0, 3;
    %jmp T_15.1;
T_15.0 ;
    %load/vec4 v0x759c770_0;
    %dup/vec4;
    %pushi/vec4 0, 0, 3;
    %cmp/u;
    %jmp/1 T_15.2, 6;
    %dup/vec4;
    %pushi/vec4 1, 0, 3;
    %cmp/u;
    %jmp/1 T_15.3, 6;
    %dup/vec4;
    %pushi/vec4 2, 0, 3;
    %cmp/u;
    %jmp/1 T_15.4, 6;
    %dup/vec4;
    %pushi/vec4 3, 0, 3;
    %cmp/u;
    %jmp/1 T_15.5, 6;
    %dup/vec4;
    %pushi/vec4 4, 0, 3;
    %cmp/u;
    %jmp/1 T_15.6, 6;
    %dup/vec4;
    %pushi/vec4 5, 0, 3;
    %cmp/u;
    %jmp/1 T_15.7, 6;
    %dup/vec4;
    %pushi/vec4 6, 0, 3;
    %cmp/u;
    %jmp/1 T_15.8, 6;
    %dup/vec4;
    %pushi/vec4 7, 0, 3;
    %cmp/u;
    %jmp/1 T_15.9, 6;
    %pushi/vec4 0, 0, 3;
    %store/vec4 v0x759c770_0, 0, 3;
    %jmp T_15.11;
T_15.2 ;
    %pushi/vec4 1, 0, 3;
    %store/vec4 v0x759c770_0, 0, 3;
    %jmp T_15.11;
T_15.3 ;
    %load/vec4 v0x759c380_0;
    %flag_set/vec4 8;
    %jmp/0xz  T_15.12, 8;
    %pushi/vec4 2, 0, 3;
    %store/vec4 v0x759c770_0, 0, 3;
    %pushi/vec4 0, 0, 5;
    %store/vec4 v0x759c6d0_0, 0, 5;
    %jmp T_15.13;
T_15.12 ;
    %pushi/vec4 1, 0, 3;
    %store/vec4 v0x759c770_0, 0, 3;
T_15.13 ;
    %jmp T_15.11;
T_15.4 ;
    %pushi/vec4 3, 0, 3;
    %store/vec4 v0x759c770_0, 0, 3;
    %jmp T_15.11;
T_15.5 ;
    %pushi/vec4 4, 0, 3;
    %store/vec4 v0x759c770_0, 0, 3;
    %jmp T_15.11;
T_15.6 ;
    %load/vec4 v0x759c0a0_0;
    %flag_set/vec4 8;
    %jmp/0xz  T_15.14, 8;
    %pushi/vec4 5, 0, 3;
    %store/vec4 v0x759c770_0, 0, 3;
    %jmp T_15.15;
T_15.14 ;
    %pushi/vec4 4, 0, 3;
    %store/vec4 v0x759c770_0, 0, 3;
T_15.15 ;
    %jmp T_15.11;
T_15.7 ;
    %pushi/vec4 6, 0, 3;
    %store/vec4 v0x759c770_0, 0, 3;
    %jmp T_15.11;
T_15.8 ;
    %load/vec4 v0x759c510_0;
    %flag_set/vec4 8;
    %jmp/0xz  T_15.16, 8;
    %pushi/vec4 7, 0, 3;
    %store/vec4 v0x759c770_0, 0, 3;
    %jmp T_15.17;
T_15.16 ;
    %pushi/vec4 2, 0, 3;
    %store/vec4 v0x759c770_0, 0, 3;
T_15.17 ;
    %jmp T_15.11;
T_15.9 ;
    %load/vec4 v0x759c6d0_0;
    %addi 1, 0, 5;
    %store/vec4 v0x759c6d0_0, 0, 5;
    %load/vec4 v0x759c6d0_0;
    %pad/u 32;
    %cmpi/u 28, 0, 32;
    %flag_or 5, 4; GT is !LE
    %flag_inv 5;
    %flag_mov 8, 5;
    %jmp/0 T_15.18, 8;
    %pushi/vec4 0, 0, 3;
    %jmp/1 T_15.19, 8;
T_15.18 ; End of true expr.
    %pushi/vec4 7, 0, 3;
    %jmp/0 T_15.19, 8;
 ; End of false expr.
    %blend;
T_15.19;
    %store/vec4 v0x759c770_0, 0, 3;
    %jmp T_15.11;
T_15.11 ;
    %pop/vec4 1;
T_15.1 ;
    %jmp T_15;
    .thread T_15;
    .scope S_0x759ba30;
T_16 ;
    %wait E_0x759bfe0;
    %load/vec4 v0x759c770_0;
    %dup/vec4;
    %pushi/vec4 0, 0, 3;
    %cmp/u;
    %jmp/1 T_16.0, 6;
    %dup/vec4;
    %pushi/vec4 1, 0, 3;
    %cmp/u;
    %jmp/1 T_16.1, 6;
    %dup/vec4;
    %pushi/vec4 2, 0, 3;
    %cmp/u;
    %jmp/1 T_16.2, 6;
    %dup/vec4;
    %pushi/vec4 3, 0, 3;
    %cmp/u;
    %jmp/1 T_16.3, 6;
    %dup/vec4;
    %pushi/vec4 4, 0, 3;
    %cmp/u;
    %jmp/1 T_16.4, 6;
    %dup/vec4;
    %pushi/vec4 5, 0, 3;
    %cmp/u;
    %jmp/1 T_16.5, 6;
    %dup/vec4;
    %pushi/vec4 6, 0, 3;
    %cmp/u;
    %jmp/1 T_16.6, 6;
    %dup/vec4;
    %pushi/vec4 7, 0, 3;
    %cmp/u;
    %jmp/1 T_16.7, 6;
    %pushi/vec4 0, 0, 1;
    %store/vec4 v0x759c2e0_0, 0, 1;
    %pushi/vec4 0, 0, 1;
    %store/vec4 v0x759c470_0, 0, 1;
    %pushi/vec4 0, 0, 1;
    %store/vec4 v0x759c240_0, 0, 1;
    %pushi/vec4 0, 0, 1;
    %store/vec4 v0x759c180_0, 0, 1;
    %jmp T_16.9;
T_16.0 ;
    %pushi/vec4 0, 0, 1;
    %store/vec4 v0x759c2e0_0, 0, 1;
    %pushi/vec4 1, 0, 1;
    %store/vec4 v0x759c470_0, 0, 1;
    %pushi/vec4 0, 0, 1;
    %store/vec4 v0x759c240_0, 0, 1;
    %pushi/vec4 0, 0, 1;
    %store/vec4 v0x759c180_0, 0, 1;
    %jmp T_16.9;
T_16.1 ;
    %pushi/vec4 0, 0, 1;
    %store/vec4 v0x759c2e0_0, 0, 1;
    %pushi/vec4 0, 0, 1;
    %store/vec4 v0x759c470_0, 0, 1;
    %pushi/vec4 0, 0, 1;
    %store/vec4 v0x759c240_0, 0, 1;
    %pushi/vec4 0, 0, 1;
    %store/vec4 v0x759c180_0, 0, 1;
    %jmp T_16.9;
T_16.2 ;
    %pushi/vec4 1, 0, 1;
    %store/vec4 v0x759c2e0_0, 0, 1;
    %pushi/vec4 0, 0, 1;
    %store/vec4 v0x759c470_0, 0, 1;
    %pushi/vec4 0, 0, 1;
    %store/vec4 v0x759c240_0, 0, 1;
    %pushi/vec4 0, 0, 1;
    %store/vec4 v0x759c180_0, 0, 1;
    %jmp T_16.9;
T_16.3 ;
    %pushi/vec4 0, 0, 1;
    %store/vec4 v0x759c2e0_0, 0, 1;
    %pushi/vec4 0, 0, 1;
    %store/vec4 v0x759c470_0, 0, 1;
    %pushi/vec4 0, 0, 1;
    %store/vec4 v0x759c240_0, 0, 1;
    %pushi/vec4 0, 0, 1;
    %store/vec4 v0x759c180_0, 0, 1;
    %jmp T_16.9;
T_16.4 ;
    %pushi/vec4 0, 0, 1;
    %store/vec4 v0x759c2e0_0, 0, 1;
    %pushi/vec4 0, 0, 1;
    %store/vec4 v0x759c470_0, 0, 1;
    %pushi/vec4 0, 0, 1;
    %store/vec4 v0x759c240_0, 0, 1;
    %pushi/vec4 0, 0, 1;
    %store/vec4 v0x759c180_0, 0, 1;
    %jmp T_16.9;
T_16.5 ;
    %pushi/vec4 0, 0, 1;
    %store/vec4 v0x759c2e0_0, 0, 1;
    %pushi/vec4 0, 0, 1;
    %store/vec4 v0x759c470_0, 0, 1;
    %pushi/vec4 1, 0, 1;
    %store/vec4 v0x759c240_0, 0, 1;
    %pushi/vec4 0, 0, 1;
    %store/vec4 v0x759c180_0, 0, 1;
    %jmp T_16.9;
T_16.6 ;
    %pushi/vec4 0, 0, 1;
    %store/vec4 v0x759c2e0_0, 0, 1;
    %pushi/vec4 0, 0, 1;
    %store/vec4 v0x759c470_0, 0, 1;
    %pushi/vec4 0, 0, 1;
    %store/vec4 v0x759c240_0, 0, 1;
    %pushi/vec4 0, 0, 1;
    %store/vec4 v0x759c180_0, 0, 1;
    %jmp T_16.9;
T_16.7 ;
    %pushi/vec4 0, 0, 1;
    %store/vec4 v0x759c2e0_0, 0, 1;
    %pushi/vec4 0, 0, 1;
    %store/vec4 v0x759c470_0, 0, 1;
    %pushi/vec4 0, 0, 1;
    %store/vec4 v0x759c240_0, 0, 1;
    %pushi/vec4 1, 0, 1;
    %store/vec4 v0x759c180_0, 0, 1;
    %jmp T_16.9;
T_16.9 ;
    %pop/vec4 1;
    %jmp T_16;
    .thread T_16, $push;
    .scope S_0x759ba30;
T_17 ;
    %wait E_0x759bfe0;
    %load/vec4 v0x759c770_0;
    %dup/vec4;
    %pushi/vec4 0, 0, 3;
    %cmp/u;
    %jmp/1 T_17.0, 6;
    %dup/vec4;
    %pushi/vec4 1, 0, 3;
    %cmp/u;
    %jmp/1 T_17.1, 6;
    %dup/vec4;
    %pushi/vec4 2, 0, 3;
    %cmp/u;
    %jmp/1 T_17.2, 6;
    %dup/vec4;
    %pushi/vec4 3, 0, 3;
    %cmp/u;
    %jmp/1 T_17.3, 6;
    %dup/vec4;
    %pushi/vec4 4, 0, 3;
    %cmp/u;
    %jmp/1 T_17.4, 6;
    %dup/vec4;
    %pushi/vec4 5, 0, 3;
    %cmp/u;
    %jmp/1 T_17.5, 6;
    %dup/vec4;
    %pushi/vec4 6, 0, 3;
    %cmp/u;
    %jmp/1 T_17.6, 6;
    %dup/vec4;
    %pushi/vec4 7, 0, 3;
    %cmp/u;
    %jmp/1 T_17.7, 6;
    %jmp T_17.8;
T_17.0 ;
    %pushi/vec4 2796061348, 0, 88;
    %concati/vec4 84, 0, 7;
    %store/vec4 v0x759c910_0, 0, 95;
    %jmp T_17.8;
T_17.1 ;
    %pushi/vec4 2257619590, 0, 48;
    %concati/vec4 2529071772, 0, 32;
    %concati/vec4 18772, 0, 15;
    %store/vec4 v0x759c910_0, 0, 95;
    %jmp T_17.8;
T_17.2 ;
    %pushi/vec4 2794101896, 0, 64;
    %concati/vec4 1598509634, 0, 31;
    %store/vec4 v0x759c910_0, 0, 95;
    %jmp T_17.8;
T_17.3 ;
    %pushi/vec4 2796068512, 0, 64;
    %concati/vec4 1598509634, 0, 31;
    %store/vec4 v0x759c910_0, 0, 95;
    %jmp T_17.8;
T_17.4 ;
    %pushi/vec4 2257619590, 0, 48;
    %concati/vec4 2529069214, 0, 32;
    %concati/vec4 20037, 0, 15;
    %store/vec4 v0x759c910_0, 0, 95;
    %jmp T_17.8;
T_17.5 ;
    %pushi/vec4 2459731646, 0, 56;
    %concati/vec4 2258545308, 0, 32;
    %concati/vec4 84, 0, 7;
    %store/vec4 v0x759c910_0, 0, 95;
    %jmp T_17.8;
T_17.6 ;
    %pushi/vec4 2257619590, 0, 48;
    %concati/vec4 2529067656, 0, 32;
    %concati/vec4 17490, 0, 15;
    %store/vec4 v0x759c910_0, 0, 95;
    %jmp T_17.8;
T_17.7 ;
    %pushi/vec4 2358418578, 0, 80;
    %concati/vec4 21320, 0, 15;
    %store/vec4 v0x759c910_0, 0, 95;
    %jmp T_17.8;
T_17.8 ;
    %pop/vec4 1;
    %jmp T_17;
    .thread T_17, $push;
    .scope S_0x7570570;
T_18 ;
    %pushi/vec4 0, 0, 1;
    %store/vec4 v0x75a40f0_0, 0, 1;
    %end;
    .thread T_18;
    .scope S_0x7570570;
T_19 ;
    %delay 2, 0;
    %load/vec4 v0x75a40f0_0;
    %inv;
    %store/vec4 v0x75a40f0_0, 0, 1;
    %jmp T_19;
    .thread T_19;
    .scope S_0x7570570;
T_20 ;
    %vpi_call 2 28 "$dumpfile", "send_LEDS_TB.vcd" {0 0 0};
    %vpi_call 2 29 "$dumpvars", 32'sb11111111111111111111111111111111, S_0x7570570 {0 0 0};
    %vpi_call 2 31 "$monitor", "t=%0t, DOUT =0x%h", $time, v0x75a3e60_0 {0 0 0};
    %end;
    .thread T_20;
    .scope S_0x7570570;
T_21 ;
    %pushi/vec4 0, 0, 1;
    %store/vec4 v0x75a3fb0_0, 0, 1;
    %pushi/vec4 0, 0, 1;
    %store/vec4 v0x75a4050_0, 0, 1;
    %wait E_0x7584530;
    %wait E_0x759c040;
    %pushi/vec4 1, 0, 1;
    %store/vec4 v0x75a3fb0_0, 0, 1;
    %wait E_0x7584530;
    %wait E_0x759c040;
    %wait E_0x7584530;
    %wait E_0x759c040;
    %pushi/vec4 0, 0, 1;
    %store/vec4 v0x75a3fb0_0, 0, 1;
    %wait E_0x7584530;
    %wait E_0x759c040;
T_21.0 ;
    %load/vec4 v0x75a3d50_0;
    %pad/u 32;
    %pushi/vec4 1, 0, 32;
    %cmp/e;
    %flag_get/vec4 4;
    %cmpi/ne 1, 0, 1;
    %jmp/0xz T_21.1, 6;
    %wait E_0x754d9b0;
    %jmp T_21.0;
T_21.1 ;
    %delay 50, 0;
    %pushi/vec4 1, 0, 1;
    %store/vec4 v0x75a3fb0_0, 0, 1;
    %pushi/vec4 1, 0, 1;
    %store/vec4 v0x75a4050_0, 0, 1;
    %wait E_0x7584530;
    %wait E_0x759c040;
    %pushi/vec4 0, 0, 1;
    %store/vec4 v0x75a3fb0_0, 0, 1;
    %pushi/vec4 0, 0, 1;
    %store/vec4 v0x75a4050_0, 0, 1;
    %wait E_0x7584530;
    %wait E_0x759c040;
    %vpi_call 2 71 "$finish" {0 0 0};
    %end;
    .thread T_21;
# The file index is used to find the file name in the following table.
:file_names 17;
    "N/A";
    "<interactive>";
    "send_LEDS_TB.v";
    "send_LEDS.v";
    "comp_send_LEDS.v";
    "count_addr.v";
    "led_mem.v";
    "send_LEDS_control.v";
    "ws2812.v";
    "count_ws2812.v";
    "GRB_lsr.v";
    "timer.v";
    "comp_timer.v";
    "count_out.v";
    "mux.v";
    "timer_control.v";
    "ws2812_control.v";
# EOF
