#! /usr/bin/env bash
exec /home/marute/miniconda3/envs/digital/bin/vvp -f "$0" "$@" <<'# EOF'
:ivl_version "13.0 (devel)" "(0_8-6859-gf50cc35d2-dirty)";
:ivl_delay_selection "TYPICAL";
:vpi_time_precision - 8;
:vpi_module "/home/marute/miniconda3/envs/digital/lib/ivl/system.vpi";
:vpi_module "/home/marute/miniconda3/envs/digital/lib/ivl/vhdl_sys.vpi";
:vpi_module "/home/marute/miniconda3/envs/digital/lib/ivl/vhdl_textio.vpi";
:vpi_module "/home/marute/miniconda3/envs/digital/lib/ivl/v2005_math.vpi";
:vpi_module "/home/marute/miniconda3/envs/digital/lib/ivl/va_math.vpi";
S_0x2ccc9a70 .scope module, "bcd2bin_TB" "bcd2bin_TB" 2 4;
 .timescale -8 -8;
v0x2cd016b0_0 .var "A_bcd", 11 0;
v0x2cd017e0_0 .net "A_bin", 7 0, v0x2ccfe8a0_0;  1 drivers
v0x2cd018f0_0 .var "clk", 0 0;
v0x2cd01990_0 .net "done", 0 0, v0x2ccfdf60_0;  1 drivers
v0x2cd01a30_0 .var "init", 0 0;
v0x2cd01b70_0 .var "rst", 0 0;
E_0x2cca1440 .event anyedge, v0x2ccfdf60_0;
S_0x2ccc9c00 .scope module, "uut" "bcd2bin_top" 2 17, 3 1 0, S_0x2ccc9a70;
 .timescale -8 -8;
    .port_info 0 /INPUT 1 "clk";
    .port_info 1 /INPUT 1 "init";
    .port_info 2 /INPUT 1 "rst";
    .port_info 3 /INPUT 12 "A_bcd";
    .port_info 4 /OUTPUT 8 "A_bin";
    .port_info 5 /OUTPUT 1 "done";
v0x2cd00300_0 .net "A_bcd", 11 0, v0x2cd016b0_0;  1 drivers
v0x2cd003c0_0 .net "A_bin", 7 0, v0x2ccfe8a0_0;  alias, 1 drivers
v0x2cd00490_0 .net "DEC", 0 0, v0x2ccfd6a0_0;  1 drivers
v0x2cd005b0_0 .net "clk", 0 0, v0x2cd018f0_0;  1 drivers
v0x2cd00650_0 .net "done", 0 0, v0x2ccfdf60_0;  alias, 1 drivers
v0x2cd00740_0 .net "init", 0 0, v0x2cd01a30_0;  1 drivers
v0x2cd007e0_0 .net "load_hundreds", 0 0, v0x2ccfda30_0;  1 drivers
v0x2cd008d0_0 .net "load_ones", 0 0, v0x2ccfd8a0_0;  1 drivers
v0x2cd009c0_0 .net "load_reset", 0 0, v0x2ccfd800_0;  1 drivers
v0x2cd00af0_0 .net "load_tens", 0 0, v0x2ccfd940_0;  1 drivers
v0x2cd00b90_0 .net "rst", 0 0, v0x2cd01b70_0;  1 drivers
v0x2cd00c30_0 .net "shift", 0 0, v0x2ccfdb70_0;  1 drivers
v0x2cd00d20_0 .net "w_H", 0 0, v0x2cce00a0_0;  1 drivers
v0x2cd00e10_0 .net "w_O", 0 0, v0x2cc9d970_0;  1 drivers
v0x2cd00f00_0 .net "w_T", 0 0, v0x2cc9d470_0;  1 drivers
v0x2cd00ff0_0 .net "w_Z", 0 0, v0x2ccfca40_0;  1 drivers
v0x2cd010e0_0 .net "w_bcd_hundreds", 3 0, v0x2ccfedd0_0;  1 drivers
v0x2cd01180_0 .net "w_bcd_ones", 3 0, v0x2ccfeea0_0;  1 drivers
v0x2cd01220_0 .net "w_bcd_tens", 3 0, v0x2ccfef70_0;  1 drivers
v0x2cd012c0_0 .net "w_hundreds_comp2", 3 0, v0x2ccff900_0;  1 drivers
v0x2cd013b0_0 .net "w_ones_comp2", 3 0, v0x2ccffd60_0;  1 drivers
v0x2cd014a0_0 .net "w_tens_comp2", 3 0, v0x2cd00200_0;  1 drivers
S_0x2ccb2190 .scope module, "comp_hundreds" "comp" 3 48, 4 1 0, S_0x2ccc9c00;
 .timescale -8 -8;
    .port_info 0 /INPUT 4 "bcd";
    .port_info 1 /OUTPUT 1 "Y";
v0x2cce00a0_0 .var "Y", 0 0;
v0x2cce0290_0 .net "bcd", 3 0, v0x2ccfedd0_0;  alias, 1 drivers
E_0x2cc8c230 .event anyedge, v0x2cce0290_0;
S_0x2ccfc040 .scope module, "comp_ones" "comp" 3 38, 4 1 0, S_0x2ccc9c00;
 .timescale -8 -8;
    .port_info 0 /INPUT 4 "bcd";
    .port_info 1 /OUTPUT 1 "Y";
v0x2cc9d970_0 .var "Y", 0 0;
v0x2cc9de70_0 .net "bcd", 3 0, v0x2ccfeea0_0;  alias, 1 drivers
E_0x2cce0940 .event anyedge, v0x2cc9de70_0;
S_0x2ccfc390 .scope module, "comp_tens" "comp" 3 43, 4 1 0, S_0x2ccc9c00;
 .timescale -8 -8;
    .port_info 0 /INPUT 4 "bcd";
    .port_info 1 /OUTPUT 1 "Y";
v0x2cc9d470_0 .var "Y", 0 0;
v0x2cc9a9e0_0 .net "bcd", 3 0, v0x2ccfef70_0;  alias, 1 drivers
E_0x2ccfc5c0 .event anyedge, v0x2cc9a9e0_0;
S_0x2ccfc700 .scope module, "cont0" "contador_dec" 3 53, 5 1 0, S_0x2ccc9c00;
 .timescale -8 -8;
    .port_info 0 /INPUT 1 "clk";
    .port_info 1 /INPUT 1 "LD0";
    .port_info 2 /INPUT 1 "DECI";
    .port_info 3 /OUTPUT 1 "Z";
v0x2ccd7250_0 .net "DECI", 0 0, v0x2ccfd6a0_0;  alias, 1 drivers
v0x2ccfc980_0 .net "LD0", 0 0, v0x2ccfd800_0;  alias, 1 drivers
v0x2ccfca40_0 .var "Z", 0 0;
v0x2ccfcae0_0 .net "clk", 0 0, v0x2cd018f0_0;  alias, 1 drivers
v0x2ccfcba0_0 .var "out", 7 0;
E_0x2ccfc8e0 .event posedge, v0x2ccfcae0_0;
S_0x2ccfcd50 .scope module, "control" "bin2bcd_control" 3 73, 6 1 0, S_0x2ccc9c00;
 .timescale -8 -8;
    .port_info 0 /INPUT 1 "clk";
    .port_info 1 /INPUT 1 "init";
    .port_info 2 /INPUT 1 "rst";
    .port_info 3 /INPUT 1 "O";
    .port_info 4 /INPUT 1 "T";
    .port_info 5 /INPUT 1 "H";
    .port_info 6 /INPUT 1 "Z";
    .port_info 7 /OUTPUT 1 "done";
    .port_info 8 /OUTPUT 1 "LD0";
    .port_info 9 /OUTPUT 1 "LD1";
    .port_info 10 /OUTPUT 1 "LD2";
    .port_info 11 /OUTPUT 1 "LD3";
    .port_info 12 /OUTPUT 1 "DEC";
    .port_info 13 /OUTPUT 1 "SH";
P_0x2ccfcf80 .param/l "CHECK" 0 6 7, C4<0010>;
P_0x2ccfcfc0 .param/l "DEC_I" 0 6 11, C4<0110>;
P_0x2ccfd000 .param/l "FCHECK" 0 6 12, C4<0111>;
P_0x2ccfd040 .param/l "FINISH" 0 6 13, C4<1000>;
P_0x2ccfd080 .param/l "LOAD_H" 0 6 10, C4<0101>;
P_0x2ccfd0c0 .param/l "LOAD_O" 0 6 8, C4<0011>;
P_0x2ccfd100 .param/l "LOAD_T" 0 6 9, C4<0100>;
P_0x2ccfd140 .param/l "SHIFT" 0 6 6, C4<0001>;
P_0x2ccfd180 .param/l "START" 0 6 5, C4<0000>;
v0x2ccfd6a0_0 .var "DEC", 0 0;
v0x2ccfd760_0 .net "H", 0 0, v0x2cce00a0_0;  alias, 1 drivers
v0x2ccfd800_0 .var "LD0", 0 0;
v0x2ccfd8a0_0 .var "LD1", 0 0;
v0x2ccfd940_0 .var "LD2", 0 0;
v0x2ccfda30_0 .var "LD3", 0 0;
v0x2ccfdad0_0 .net "O", 0 0, v0x2cc9d970_0;  alias, 1 drivers
v0x2ccfdb70_0 .var "SH", 0 0;
v0x2ccfdc10_0 .net "T", 0 0, v0x2cc9d470_0;  alias, 1 drivers
v0x2ccfdcb0_0 .net "Z", 0 0, v0x2ccfca40_0;  alias, 1 drivers
v0x2ccfdd50_0 .net "clk", 0 0, v0x2cd018f0_0;  alias, 1 drivers
v0x2ccfde20_0 .var "count", 4 0;
v0x2ccfdec0_0 .var "current_state", 3 0;
v0x2ccfdf60_0 .var "done", 0 0;
v0x2ccfe020_0 .net "init", 0 0, v0x2cd01a30_0;  alias, 1 drivers
v0x2ccfe0e0_0 .net "rst", 0 0, v0x2cd01b70_0;  alias, 1 drivers
v0x2ccfe1a0_0 .var "state_name", 320 1;
E_0x2ccfd5e0 .event anyedge, v0x2ccfdec0_0;
E_0x2ccfd640 .event negedge, v0x2ccfcae0_0;
S_0x2ccfe440 .scope module, "lsr0" "lsr_A_res" 3 33, 7 1 0, S_0x2ccc9c00;
 .timescale -8 -8;
    .port_info 0 /INPUT 1 "clk";
    .port_info 1 /INPUT 12 "A_bcd";
    .port_info 2 /INPUT 4 "ones_comp2";
    .port_info 3 /INPUT 4 "tens_comp2";
    .port_info 4 /INPUT 4 "hundreds_comp2";
    .port_info 5 /INPUT 1 "LD0";
    .port_info 6 /INPUT 1 "LD1";
    .port_info 7 /INPUT 1 "LD2";
    .port_info 8 /INPUT 1 "LD3";
    .port_info 9 /INPUT 1 "SH";
    .port_info 10 /OUTPUT 4 "bcd_ones";
    .port_info 11 /OUTPUT 4 "bcd_tens";
    .port_info 12 /OUTPUT 4 "bcd_hundreds";
    .port_info 13 /OUTPUT 8 "A_bin";
v0x2ccfe7a0_0 .net "A_bcd", 11 0, v0x2cd016b0_0;  alias, 1 drivers
v0x2ccfe8a0_0 .var "A_bin", 7 0;
v0x2ccfe980_0 .net "LD0", 0 0, v0x2ccfd800_0;  alias, 1 drivers
v0x2ccfeaa0_0 .net "LD1", 0 0, v0x2ccfd8a0_0;  alias, 1 drivers
v0x2ccfeb40_0 .net "LD2", 0 0, v0x2ccfd940_0;  alias, 1 drivers
v0x2ccfec30_0 .net "LD3", 0 0, v0x2ccfda30_0;  alias, 1 drivers
v0x2ccfed00_0 .net "SH", 0 0, v0x2ccfdb70_0;  alias, 1 drivers
v0x2ccfedd0_0 .var "bcd_hundreds", 3 0;
v0x2ccfeea0_0 .var "bcd_ones", 3 0;
v0x2ccfef70_0 .var "bcd_tens", 3 0;
v0x2ccff040_0 .net "clk", 0 0, v0x2cd018f0_0;  alias, 1 drivers
v0x2ccff0e0_0 .net "hundreds_comp2", 3 0, v0x2ccff900_0;  alias, 1 drivers
v0x2ccff180_0 .net "ones_comp2", 3 0, v0x2ccffd60_0;  alias, 1 drivers
v0x2ccff220_0 .var "temp_A_bcd", 11 0;
v0x2ccff2e0_0 .net "tens_comp2", 3 0, v0x2cd00200_0;  alias, 1 drivers
S_0x2ccff580 .scope module, "sum_comp2_hundreds" "sum_comp2" 3 58, 8 1 0, S_0x2ccc9c00;
 .timescale -8 -8;
    .port_info 0 /INPUT 4 "in_bcd";
    .port_info 1 /OUTPUT 4 "out_bcd";
v0x2ccff7d0_0 .net "in_bcd", 3 0, v0x2ccfedd0_0;  alias, 1 drivers
v0x2ccff900_0 .var "out_bcd", 3 0;
S_0x2ccffa00 .scope module, "sum_comp2_ones" "sum_comp2" 3 68, 8 1 0, S_0x2ccc9c00;
 .timescale -8 -8;
    .port_info 0 /INPUT 4 "in_bcd";
    .port_info 1 /OUTPUT 4 "out_bcd";
v0x2ccffc30_0 .net "in_bcd", 3 0, v0x2ccfeea0_0;  alias, 1 drivers
v0x2ccffd60_0 .var "out_bcd", 3 0;
S_0x2ccffe60 .scope module, "sum_comp2_tens" "sum_comp2" 3 63, 8 1 0, S_0x2ccc9c00;
 .timescale -8 -8;
    .port_info 0 /INPUT 4 "in_bcd";
    .port_info 1 /OUTPUT 4 "out_bcd";
v0x2cd000d0_0 .net "in_bcd", 3 0, v0x2ccfef70_0;  alias, 1 drivers
v0x2cd00200_0 .var "out_bcd", 3 0;
    .scope S_0x2ccfe440;
T_0 ;
    %wait E_0x2ccfc8e0;
    %load/vec4 v0x2ccfe980_0;
    %flag_set/vec4 8;
    %jmp/0xz  T_0.0, 8;
    %pushi/vec4 0, 0, 8;
    %store/vec4 v0x2ccfe8a0_0, 0, 8;
    %load/vec4 v0x2ccfe7a0_0;
    %store/vec4 v0x2ccff220_0, 0, 12;
    %jmp T_0.1;
T_0.0 ;
    %load/vec4 v0x2ccfeaa0_0;
    %flag_set/vec4 8;
    %jmp/0xz  T_0.2, 8;
    %load/vec4 v0x2ccff180_0;
    %ix/load 4, 0, 0;
    %flag_set/imm 4, 0;
    %store/vec4 v0x2ccff220_0, 4, 4;
    %jmp T_0.3;
T_0.2 ;
    %load/vec4 v0x2ccfeb40_0;
    %flag_set/vec4 8;
    %jmp/0xz  T_0.4, 8;
    %load/vec4 v0x2ccff2e0_0;
    %ix/load 4, 4, 0;
    %flag_set/imm 4, 0;
    %store/vec4 v0x2ccff220_0, 4, 4;
    %jmp T_0.5;
T_0.4 ;
    %load/vec4 v0x2ccfec30_0;
    %flag_set/vec4 8;
    %jmp/0xz  T_0.6, 8;
    %load/vec4 v0x2ccff0e0_0;
    %ix/load 4, 8, 0;
    %flag_set/imm 4, 0;
    %store/vec4 v0x2ccff220_0, 4, 4;
    %jmp T_0.7;
T_0.6 ;
    %load/vec4 v0x2ccfed00_0;
    %flag_set/vec4 8;
    %jmp/0xz  T_0.8, 8;
    %load/vec4 v0x2ccff220_0;
    %parti/s 1, 0, 2;
    %load/vec4 v0x2ccfe8a0_0;
    %parti/s 7, 1, 2;
    %concat/vec4; draw_concat_vec4
    %store/vec4 v0x2ccfe8a0_0, 0, 8;
    %load/vec4 v0x2ccff220_0;
    %ix/load 4, 1, 0;
    %flag_set/imm 4, 0;
    %shiftr 4;
    %store/vec4 v0x2ccff220_0, 0, 12;
T_0.8 ;
T_0.7 ;
T_0.5 ;
T_0.3 ;
T_0.1 ;
    %load/vec4 v0x2ccff220_0;
    %parti/s 4, 0, 2;
    %store/vec4 v0x2ccfeea0_0, 0, 4;
    %load/vec4 v0x2ccff220_0;
    %parti/s 4, 4, 4;
    %store/vec4 v0x2ccfef70_0, 0, 4;
    %load/vec4 v0x2ccff220_0;
    %parti/s 4, 8, 5;
    %store/vec4 v0x2ccfedd0_0, 0, 4;
    %jmp T_0;
    .thread T_0;
    .scope S_0x2ccfc040;
T_1 ;
    %wait E_0x2cce0940;
    %load/vec4 v0x2cc9de70_0;
    %pad/u 32;
    %cmpi/u 8, 0, 32;
    %flag_inv 5; GE is !LT
    %jmp/0xz  T_1.0, 5;
    %pushi/vec4 1, 0, 1;
    %store/vec4 v0x2cc9d970_0, 0, 1;
    %jmp T_1.1;
T_1.0 ;
    %pushi/vec4 0, 0, 1;
    %store/vec4 v0x2cc9d970_0, 0, 1;
T_1.1 ;
    %jmp T_1;
    .thread T_1, $push;
    .scope S_0x2ccfc390;
T_2 ;
    %wait E_0x2ccfc5c0;
    %load/vec4 v0x2cc9a9e0_0;
    %pad/u 32;
    %cmpi/u 8, 0, 32;
    %flag_inv 5; GE is !LT
    %jmp/0xz  T_2.0, 5;
    %pushi/vec4 1, 0, 1;
    %store/vec4 v0x2cc9d470_0, 0, 1;
    %jmp T_2.1;
T_2.0 ;
    %pushi/vec4 0, 0, 1;
    %store/vec4 v0x2cc9d470_0, 0, 1;
T_2.1 ;
    %jmp T_2;
    .thread T_2, $push;
    .scope S_0x2ccb2190;
T_3 ;
    %wait E_0x2cc8c230;
    %load/vec4 v0x2cce0290_0;
    %pad/u 32;
    %cmpi/u 8, 0, 32;
    %flag_inv 5; GE is !LT
    %jmp/0xz  T_3.0, 5;
    %pushi/vec4 1, 0, 1;
    %store/vec4 v0x2cce00a0_0, 0, 1;
    %jmp T_3.1;
T_3.0 ;
    %pushi/vec4 0, 0, 1;
    %store/vec4 v0x2cce00a0_0, 0, 1;
T_3.1 ;
    %jmp T_3;
    .thread T_3, $push;
    .scope S_0x2ccfc700;
T_4 ;
    %wait E_0x2ccfc8e0;
    %load/vec4 v0x2ccfc980_0;
    %flag_set/vec4 8;
    %jmp/0xz  T_4.0, 8;
    %pushi/vec4 8, 0, 8;
    %assign/vec4 v0x2ccfcba0_0, 0;
    %jmp T_4.1;
T_4.0 ;
    %load/vec4 v0x2ccd7250_0;
    %flag_set/vec4 8;
    %jmp/0xz  T_4.2, 8;
    %load/vec4 v0x2ccfcba0_0;
    %subi 1, 0, 8;
    %assign/vec4 v0x2ccfcba0_0, 0;
T_4.2 ;
T_4.1 ;
    %load/vec4 v0x2ccfcba0_0;
    %pad/u 32;
    %pushi/vec4 0, 0, 32;
    %cmp/e;
    %flag_get/vec4 4;
    %store/vec4 v0x2ccfca40_0, 0, 1;
    %jmp T_4;
    .thread T_4;
    .scope S_0x2ccff580;
T_5 ;
    %wait E_0x2cc8c230;
    %load/vec4 v0x2ccff7d0_0;
    %subi 3, 0, 4;
    %store/vec4 v0x2ccff900_0, 0, 4;
    %jmp T_5;
    .thread T_5, $push;
    .scope S_0x2ccffe60;
T_6 ;
    %wait E_0x2ccfc5c0;
    %load/vec4 v0x2cd000d0_0;
    %subi 3, 0, 4;
    %store/vec4 v0x2cd00200_0, 0, 4;
    %jmp T_6;
    .thread T_6, $push;
    .scope S_0x2ccffa00;
T_7 ;
    %wait E_0x2cce0940;
    %load/vec4 v0x2ccffc30_0;
    %subi 3, 0, 4;
    %store/vec4 v0x2ccffd60_0, 0, 4;
    %jmp T_7;
    .thread T_7, $push;
    .scope S_0x2ccfcd50;
T_8 ;
    %wait E_0x2ccfd640;
    %load/vec4 v0x2ccfe0e0_0;
    %flag_set/vec4 8;
    %jmp/0xz  T_8.0, 8;
    %pushi/vec4 0, 0, 4;
    %store/vec4 v0x2ccfdec0_0, 0, 4;
    %jmp T_8.1;
T_8.0 ;
    %load/vec4 v0x2ccfdec0_0;
    %dup/vec4;
    %pushi/vec4 0, 0, 4;
    %cmp/u;
    %jmp/1 T_8.2, 6;
    %dup/vec4;
    %pushi/vec4 1, 0, 4;
    %cmp/u;
    %jmp/1 T_8.3, 6;
    %dup/vec4;
    %pushi/vec4 2, 0, 4;
    %cmp/u;
    %jmp/1 T_8.4, 6;
    %dup/vec4;
    %pushi/vec4 3, 0, 4;
    %cmp/u;
    %jmp/1 T_8.5, 6;
    %dup/vec4;
    %pushi/vec4 4, 0, 4;
    %cmp/u;
    %jmp/1 T_8.6, 6;
    %dup/vec4;
    %pushi/vec4 5, 0, 4;
    %cmp/u;
    %jmp/1 T_8.7, 6;
    %dup/vec4;
    %pushi/vec4 6, 0, 4;
    %cmp/u;
    %jmp/1 T_8.8, 6;
    %dup/vec4;
    %pushi/vec4 7, 0, 4;
    %cmp/u;
    %jmp/1 T_8.9, 6;
    %dup/vec4;
    %pushi/vec4 8, 0, 4;
    %cmp/u;
    %jmp/1 T_8.10, 6;
    %pushi/vec4 0, 0, 4;
    %store/vec4 v0x2ccfdec0_0, 0, 4;
    %jmp T_8.12;
T_8.2 ;
    %load/vec4 v0x2ccfe020_0;
    %flag_set/vec4 8;
    %jmp/0xz  T_8.13, 8;
    %pushi/vec4 1, 0, 4;
    %store/vec4 v0x2ccfdec0_0, 0, 4;
    %pushi/vec4 0, 0, 5;
    %store/vec4 v0x2ccfde20_0, 0, 5;
    %jmp T_8.14;
T_8.13 ;
    %pushi/vec4 0, 0, 4;
    %store/vec4 v0x2ccfdec0_0, 0, 4;
T_8.14 ;
    %jmp T_8.12;
T_8.3 ;
    %pushi/vec4 2, 0, 4;
    %store/vec4 v0x2ccfdec0_0, 0, 4;
    %jmp T_8.12;
T_8.4 ;
    %load/vec4 v0x2ccfdad0_0;
    %flag_set/vec4 8;
    %jmp/0xz  T_8.15, 8;
    %pushi/vec4 3, 0, 4;
    %store/vec4 v0x2ccfdec0_0, 0, 4;
    %jmp T_8.16;
T_8.15 ;
    %load/vec4 v0x2ccfdc10_0;
    %flag_set/vec4 8;
    %jmp/0xz  T_8.17, 8;
    %pushi/vec4 4, 0, 4;
    %store/vec4 v0x2ccfdec0_0, 0, 4;
    %jmp T_8.18;
T_8.17 ;
    %load/vec4 v0x2ccfd760_0;
    %flag_set/vec4 8;
    %jmp/0xz  T_8.19, 8;
    %pushi/vec4 5, 0, 4;
    %store/vec4 v0x2ccfdec0_0, 0, 4;
    %jmp T_8.20;
T_8.19 ;
    %pushi/vec4 6, 0, 4;
    %store/vec4 v0x2ccfdec0_0, 0, 4;
T_8.20 ;
T_8.18 ;
T_8.16 ;
    %jmp T_8.12;
T_8.5 ;
    %pushi/vec4 6, 0, 4;
    %store/vec4 v0x2ccfdec0_0, 0, 4;
    %jmp T_8.12;
T_8.6 ;
    %pushi/vec4 6, 0, 4;
    %store/vec4 v0x2ccfdec0_0, 0, 4;
    %jmp T_8.12;
T_8.7 ;
    %pushi/vec4 6, 0, 4;
    %store/vec4 v0x2ccfdec0_0, 0, 4;
    %jmp T_8.12;
T_8.8 ;
    %pushi/vec4 7, 0, 4;
    %store/vec4 v0x2ccfdec0_0, 0, 4;
    %jmp T_8.12;
T_8.9 ;
    %load/vec4 v0x2ccfdcb0_0;
    %flag_set/vec4 8;
    %jmp/0xz  T_8.21, 8;
    %pushi/vec4 8, 0, 4;
    %store/vec4 v0x2ccfdec0_0, 0, 4;
    %jmp T_8.22;
T_8.21 ;
    %pushi/vec4 1, 0, 4;
    %store/vec4 v0x2ccfdec0_0, 0, 4;
T_8.22 ;
    %jmp T_8.12;
T_8.10 ;
    %load/vec4 v0x2ccfde20_0;
    %addi 1, 0, 5;
    %store/vec4 v0x2ccfde20_0, 0, 5;
    %load/vec4 v0x2ccfde20_0;
    %pad/u 32;
    %cmpi/u 28, 0, 32;
    %flag_or 5, 4; GT is !LE
    %flag_inv 5;
    %flag_mov 8, 5;
    %jmp/0 T_8.23, 8;
    %pushi/vec4 0, 0, 4;
    %jmp/1 T_8.24, 8;
T_8.23 ; End of true expr.
    %pushi/vec4 8, 0, 4;
    %jmp/0 T_8.24, 8;
 ; End of false expr.
    %blend;
T_8.24;
    %store/vec4 v0x2ccfdec0_0, 0, 4;
    %jmp T_8.12;
T_8.12 ;
    %pop/vec4 1;
T_8.1 ;
    %jmp T_8;
    .thread T_8;
    .scope S_0x2ccfcd50;
T_9 ;
    %wait E_0x2ccfd5e0;
    %load/vec4 v0x2ccfdec0_0;
    %dup/vec4;
    %pushi/vec4 0, 0, 4;
    %cmp/u;
    %jmp/1 T_9.0, 6;
    %dup/vec4;
    %pushi/vec4 1, 0, 4;
    %cmp/u;
    %jmp/1 T_9.1, 6;
    %dup/vec4;
    %pushi/vec4 2, 0, 4;
    %cmp/u;
    %jmp/1 T_9.2, 6;
    %dup/vec4;
    %pushi/vec4 3, 0, 4;
    %cmp/u;
    %jmp/1 T_9.3, 6;
    %dup/vec4;
    %pushi/vec4 4, 0, 4;
    %cmp/u;
    %jmp/1 T_9.4, 6;
    %dup/vec4;
    %pushi/vec4 5, 0, 4;
    %cmp/u;
    %jmp/1 T_9.5, 6;
    %dup/vec4;
    %pushi/vec4 6, 0, 4;
    %cmp/u;
    %jmp/1 T_9.6, 6;
    %dup/vec4;
    %pushi/vec4 7, 0, 4;
    %cmp/u;
    %jmp/1 T_9.7, 6;
    %dup/vec4;
    %pushi/vec4 8, 0, 4;
    %cmp/u;
    %jmp/1 T_9.8, 6;
    %pushi/vec4 0, 0, 1;
    %assign/vec4 v0x2ccfd800_0, 0;
    %pushi/vec4 0, 0, 1;
    %assign/vec4 v0x2ccfd8a0_0, 0;
    %pushi/vec4 0, 0, 1;
    %assign/vec4 v0x2ccfd940_0, 0;
    %pushi/vec4 0, 0, 1;
    %assign/vec4 v0x2ccfda30_0, 0;
    %pushi/vec4 0, 0, 1;
    %assign/vec4 v0x2ccfd6a0_0, 0;
    %pushi/vec4 0, 0, 1;
    %assign/vec4 v0x2ccfdb70_0, 0;
    %pushi/vec4 0, 0, 1;
    %assign/vec4 v0x2ccfdf60_0, 0;
    %jmp T_9.10;
T_9.0 ;
    %pushi/vec4 1, 0, 1;
    %assign/vec4 v0x2ccfd800_0, 0;
    %pushi/vec4 0, 0, 1;
    %assign/vec4 v0x2ccfd8a0_0, 0;
    %pushi/vec4 0, 0, 1;
    %assign/vec4 v0x2ccfd940_0, 0;
    %pushi/vec4 0, 0, 1;
    %assign/vec4 v0x2ccfda30_0, 0;
    %pushi/vec4 0, 0, 1;
    %assign/vec4 v0x2ccfdb70_0, 0;
    %pushi/vec4 0, 0, 1;
    %assign/vec4 v0x2ccfd6a0_0, 0;
    %pushi/vec4 0, 0, 1;
    %assign/vec4 v0x2ccfdf60_0, 0;
    %jmp T_9.10;
T_9.1 ;
    %pushi/vec4 0, 0, 1;
    %assign/vec4 v0x2ccfd800_0, 0;
    %pushi/vec4 0, 0, 1;
    %assign/vec4 v0x2ccfd8a0_0, 0;
    %pushi/vec4 0, 0, 1;
    %assign/vec4 v0x2ccfd940_0, 0;
    %pushi/vec4 0, 0, 1;
    %assign/vec4 v0x2ccfda30_0, 0;
    %pushi/vec4 1, 0, 1;
    %assign/vec4 v0x2ccfdb70_0, 0;
    %pushi/vec4 0, 0, 1;
    %assign/vec4 v0x2ccfd6a0_0, 0;
    %pushi/vec4 0, 0, 1;
    %assign/vec4 v0x2ccfdf60_0, 0;
    %jmp T_9.10;
T_9.2 ;
    %pushi/vec4 0, 0, 1;
    %assign/vec4 v0x2ccfd800_0, 0;
    %pushi/vec4 0, 0, 1;
    %assign/vec4 v0x2ccfd8a0_0, 0;
    %pushi/vec4 0, 0, 1;
    %assign/vec4 v0x2ccfd940_0, 0;
    %pushi/vec4 0, 0, 1;
    %assign/vec4 v0x2ccfda30_0, 0;
    %pushi/vec4 0, 0, 1;
    %assign/vec4 v0x2ccfdb70_0, 0;
    %pushi/vec4 0, 0, 1;
    %assign/vec4 v0x2ccfd6a0_0, 0;
    %pushi/vec4 0, 0, 1;
    %assign/vec4 v0x2ccfdf60_0, 0;
    %jmp T_9.10;
T_9.3 ;
    %pushi/vec4 0, 0, 1;
    %assign/vec4 v0x2ccfd800_0, 0;
    %pushi/vec4 1, 0, 1;
    %assign/vec4 v0x2ccfd8a0_0, 0;
    %pushi/vec4 0, 0, 1;
    %assign/vec4 v0x2ccfd940_0, 0;
    %pushi/vec4 0, 0, 1;
    %assign/vec4 v0x2ccfda30_0, 0;
    %pushi/vec4 0, 0, 1;
    %assign/vec4 v0x2ccfdb70_0, 0;
    %pushi/vec4 0, 0, 1;
    %assign/vec4 v0x2ccfd6a0_0, 0;
    %pushi/vec4 0, 0, 1;
    %assign/vec4 v0x2ccfdf60_0, 0;
    %jmp T_9.10;
T_9.4 ;
    %pushi/vec4 0, 0, 1;
    %assign/vec4 v0x2ccfd800_0, 0;
    %pushi/vec4 0, 0, 1;
    %assign/vec4 v0x2ccfd8a0_0, 0;
    %pushi/vec4 1, 0, 1;
    %assign/vec4 v0x2ccfd940_0, 0;
    %pushi/vec4 0, 0, 1;
    %assign/vec4 v0x2ccfda30_0, 0;
    %pushi/vec4 0, 0, 1;
    %assign/vec4 v0x2ccfdb70_0, 0;
    %pushi/vec4 0, 0, 1;
    %assign/vec4 v0x2ccfd6a0_0, 0;
    %pushi/vec4 0, 0, 1;
    %assign/vec4 v0x2ccfdf60_0, 0;
    %jmp T_9.10;
T_9.5 ;
    %pushi/vec4 0, 0, 1;
    %assign/vec4 v0x2ccfd800_0, 0;
    %pushi/vec4 0, 0, 1;
    %assign/vec4 v0x2ccfd8a0_0, 0;
    %pushi/vec4 0, 0, 1;
    %assign/vec4 v0x2ccfd940_0, 0;
    %pushi/vec4 1, 0, 1;
    %assign/vec4 v0x2ccfda30_0, 0;
    %pushi/vec4 0, 0, 1;
    %assign/vec4 v0x2ccfdb70_0, 0;
    %pushi/vec4 0, 0, 1;
    %assign/vec4 v0x2ccfd6a0_0, 0;
    %pushi/vec4 0, 0, 1;
    %assign/vec4 v0x2ccfdf60_0, 0;
    %jmp T_9.10;
T_9.6 ;
    %pushi/vec4 0, 0, 1;
    %assign/vec4 v0x2ccfd800_0, 0;
    %pushi/vec4 0, 0, 1;
    %assign/vec4 v0x2ccfd8a0_0, 0;
    %pushi/vec4 0, 0, 1;
    %assign/vec4 v0x2ccfd940_0, 0;
    %pushi/vec4 0, 0, 1;
    %assign/vec4 v0x2ccfda30_0, 0;
    %pushi/vec4 0, 0, 1;
    %assign/vec4 v0x2ccfdb70_0, 0;
    %pushi/vec4 1, 0, 1;
    %assign/vec4 v0x2ccfd6a0_0, 0;
    %pushi/vec4 0, 0, 1;
    %assign/vec4 v0x2ccfdf60_0, 0;
    %jmp T_9.10;
T_9.7 ;
    %pushi/vec4 0, 0, 1;
    %assign/vec4 v0x2ccfd800_0, 0;
    %pushi/vec4 0, 0, 1;
    %assign/vec4 v0x2ccfd8a0_0, 0;
    %pushi/vec4 0, 0, 1;
    %assign/vec4 v0x2ccfd940_0, 0;
    %pushi/vec4 0, 0, 1;
    %assign/vec4 v0x2ccfda30_0, 0;
    %pushi/vec4 0, 0, 1;
    %assign/vec4 v0x2ccfdb70_0, 0;
    %pushi/vec4 0, 0, 1;
    %assign/vec4 v0x2ccfd6a0_0, 0;
    %pushi/vec4 0, 0, 1;
    %assign/vec4 v0x2ccfdf60_0, 0;
    %jmp T_9.10;
T_9.8 ;
    %pushi/vec4 0, 0, 1;
    %assign/vec4 v0x2ccfd800_0, 0;
    %pushi/vec4 0, 0, 1;
    %assign/vec4 v0x2ccfd8a0_0, 0;
    %pushi/vec4 0, 0, 1;
    %assign/vec4 v0x2ccfd940_0, 0;
    %pushi/vec4 0, 0, 1;
    %assign/vec4 v0x2ccfda30_0, 0;
    %pushi/vec4 0, 0, 1;
    %assign/vec4 v0x2ccfdb70_0, 0;
    %pushi/vec4 0, 0, 1;
    %assign/vec4 v0x2ccfd6a0_0, 0;
    %pushi/vec4 1, 0, 1;
    %assign/vec4 v0x2ccfdf60_0, 0;
    %jmp T_9.10;
T_9.10 ;
    %pop/vec4 1;
    %jmp T_9;
    .thread T_9, $push;
    .scope S_0x2ccfcd50;
T_10 ;
    %wait E_0x2ccfd5e0;
    %load/vec4 v0x2ccfdec0_0;
    %dup/vec4;
    %pushi/vec4 0, 0, 4;
    %cmp/u;
    %jmp/1 T_10.0, 6;
    %dup/vec4;
    %pushi/vec4 1, 0, 4;
    %cmp/u;
    %jmp/1 T_10.1, 6;
    %dup/vec4;
    %pushi/vec4 2, 0, 4;
    %cmp/u;
    %jmp/1 T_10.2, 6;
    %dup/vec4;
    %pushi/vec4 3, 0, 4;
    %cmp/u;
    %jmp/1 T_10.3, 6;
    %dup/vec4;
    %pushi/vec4 4, 0, 4;
    %cmp/u;
    %jmp/1 T_10.4, 6;
    %dup/vec4;
    %pushi/vec4 5, 0, 4;
    %cmp/u;
    %jmp/1 T_10.5, 6;
    %dup/vec4;
    %pushi/vec4 6, 0, 4;
    %cmp/u;
    %jmp/1 T_10.6, 6;
    %dup/vec4;
    %pushi/vec4 7, 0, 4;
    %cmp/u;
    %jmp/1 T_10.7, 6;
    %dup/vec4;
    %pushi/vec4 8, 0, 4;
    %cmp/u;
    %jmp/1 T_10.8, 6;
    %jmp T_10.9;
T_10.0 ;
    %pushi/vec4 0, 0, 32; draw_string_vec4
    %pushi/vec4 0, 0, 32; draw_string_vec4
    %concat/vec4; draw_string_vec4
    %pushi/vec4 0, 0, 32; draw_string_vec4
    %concat/vec4; draw_string_vec4
    %pushi/vec4 0, 0, 32; draw_string_vec4
    %concat/vec4; draw_string_vec4
    %pushi/vec4 0, 0, 32; draw_string_vec4
    %concat/vec4; draw_string_vec4
    %pushi/vec4 0, 0, 32; draw_string_vec4
    %concat/vec4; draw_string_vec4
    %pushi/vec4 0, 0, 32; draw_string_vec4
    %concat/vec4; draw_string_vec4
    %pushi/vec4 0, 0, 32; draw_string_vec4
    %concat/vec4; draw_string_vec4
    %pushi/vec4 83, 0, 32; draw_string_vec4
    %concat/vec4; draw_string_vec4
    %pushi/vec4 1413567060, 0, 32; draw_string_vec4
    %concat/vec4; draw_string_vec4
    %store/vec4 v0x2ccfe1a0_0, 0, 320;
    %jmp T_10.9;
T_10.1 ;
    %pushi/vec4 0, 0, 32; draw_string_vec4
    %pushi/vec4 0, 0, 32; draw_string_vec4
    %concat/vec4; draw_string_vec4
    %pushi/vec4 0, 0, 32; draw_string_vec4
    %concat/vec4; draw_string_vec4
    %pushi/vec4 0, 0, 32; draw_string_vec4
    %concat/vec4; draw_string_vec4
    %pushi/vec4 0, 0, 32; draw_string_vec4
    %concat/vec4; draw_string_vec4
    %pushi/vec4 0, 0, 32; draw_string_vec4
    %concat/vec4; draw_string_vec4
    %pushi/vec4 0, 0, 32; draw_string_vec4
    %concat/vec4; draw_string_vec4
    %pushi/vec4 0, 0, 32; draw_string_vec4
    %concat/vec4; draw_string_vec4
    %pushi/vec4 83, 0, 32; draw_string_vec4
    %concat/vec4; draw_string_vec4
    %pushi/vec4 1212761684, 0, 32; draw_string_vec4
    %concat/vec4; draw_string_vec4
    %store/vec4 v0x2ccfe1a0_0, 0, 320;
    %jmp T_10.9;
T_10.2 ;
    %pushi/vec4 0, 0, 32; draw_string_vec4
    %pushi/vec4 0, 0, 32; draw_string_vec4
    %concat/vec4; draw_string_vec4
    %pushi/vec4 0, 0, 32; draw_string_vec4
    %concat/vec4; draw_string_vec4
    %pushi/vec4 0, 0, 32; draw_string_vec4
    %concat/vec4; draw_string_vec4
    %pushi/vec4 0, 0, 32; draw_string_vec4
    %concat/vec4; draw_string_vec4
    %pushi/vec4 0, 0, 32; draw_string_vec4
    %concat/vec4; draw_string_vec4
    %pushi/vec4 0, 0, 32; draw_string_vec4
    %concat/vec4; draw_string_vec4
    %pushi/vec4 0, 0, 32; draw_string_vec4
    %concat/vec4; draw_string_vec4
    %pushi/vec4 67, 0, 32; draw_string_vec4
    %concat/vec4; draw_string_vec4
    %pushi/vec4 1212498763, 0, 32; draw_string_vec4
    %concat/vec4; draw_string_vec4
    %store/vec4 v0x2ccfe1a0_0, 0, 320;
    %jmp T_10.9;
T_10.3 ;
    %pushi/vec4 0, 0, 32; draw_string_vec4
    %pushi/vec4 0, 0, 32; draw_string_vec4
    %concat/vec4; draw_string_vec4
    %pushi/vec4 0, 0, 32; draw_string_vec4
    %concat/vec4; draw_string_vec4
    %pushi/vec4 0, 0, 32; draw_string_vec4
    %concat/vec4; draw_string_vec4
    %pushi/vec4 0, 0, 32; draw_string_vec4
    %concat/vec4; draw_string_vec4
    %pushi/vec4 0, 0, 32; draw_string_vec4
    %concat/vec4; draw_string_vec4
    %pushi/vec4 0, 0, 32; draw_string_vec4
    %concat/vec4; draw_string_vec4
    %pushi/vec4 0, 0, 32; draw_string_vec4
    %concat/vec4; draw_string_vec4
    %pushi/vec4 19535, 0, 32; draw_string_vec4
    %concat/vec4; draw_string_vec4
    %pushi/vec4 1094999887, 0, 32; draw_string_vec4
    %concat/vec4; draw_string_vec4
    %store/vec4 v0x2ccfe1a0_0, 0, 320;
    %jmp T_10.9;
T_10.4 ;
    %pushi/vec4 0, 0, 32; draw_string_vec4
    %pushi/vec4 0, 0, 32; draw_string_vec4
    %concat/vec4; draw_string_vec4
    %pushi/vec4 0, 0, 32; draw_string_vec4
    %concat/vec4; draw_string_vec4
    %pushi/vec4 0, 0, 32; draw_string_vec4
    %concat/vec4; draw_string_vec4
    %pushi/vec4 0, 0, 32; draw_string_vec4
    %concat/vec4; draw_string_vec4
    %pushi/vec4 0, 0, 32; draw_string_vec4
    %concat/vec4; draw_string_vec4
    %pushi/vec4 0, 0, 32; draw_string_vec4
    %concat/vec4; draw_string_vec4
    %pushi/vec4 0, 0, 32; draw_string_vec4
    %concat/vec4; draw_string_vec4
    %pushi/vec4 19535, 0, 32; draw_string_vec4
    %concat/vec4; draw_string_vec4
    %pushi/vec4 1094999892, 0, 32; draw_string_vec4
    %concat/vec4; draw_string_vec4
    %store/vec4 v0x2ccfe1a0_0, 0, 320;
    %jmp T_10.9;
T_10.5 ;
    %pushi/vec4 0, 0, 32; draw_string_vec4
    %pushi/vec4 0, 0, 32; draw_string_vec4
    %concat/vec4; draw_string_vec4
    %pushi/vec4 0, 0, 32; draw_string_vec4
    %concat/vec4; draw_string_vec4
    %pushi/vec4 0, 0, 32; draw_string_vec4
    %concat/vec4; draw_string_vec4
    %pushi/vec4 0, 0, 32; draw_string_vec4
    %concat/vec4; draw_string_vec4
    %pushi/vec4 0, 0, 32; draw_string_vec4
    %concat/vec4; draw_string_vec4
    %pushi/vec4 0, 0, 32; draw_string_vec4
    %concat/vec4; draw_string_vec4
    %pushi/vec4 0, 0, 32; draw_string_vec4
    %concat/vec4; draw_string_vec4
    %pushi/vec4 19535, 0, 32; draw_string_vec4
    %concat/vec4; draw_string_vec4
    %pushi/vec4 1094999880, 0, 32; draw_string_vec4
    %concat/vec4; draw_string_vec4
    %store/vec4 v0x2ccfe1a0_0, 0, 320;
    %jmp T_10.9;
T_10.6 ;
    %pushi/vec4 0, 0, 32; draw_string_vec4
    %pushi/vec4 0, 0, 32; draw_string_vec4
    %concat/vec4; draw_string_vec4
    %pushi/vec4 0, 0, 32; draw_string_vec4
    %concat/vec4; draw_string_vec4
    %pushi/vec4 0, 0, 32; draw_string_vec4
    %concat/vec4; draw_string_vec4
    %pushi/vec4 0, 0, 32; draw_string_vec4
    %concat/vec4; draw_string_vec4
    %pushi/vec4 0, 0, 32; draw_string_vec4
    %concat/vec4; draw_string_vec4
    %pushi/vec4 0, 0, 32; draw_string_vec4
    %concat/vec4; draw_string_vec4
    %pushi/vec4 0, 0, 32; draw_string_vec4
    %concat/vec4; draw_string_vec4
    %pushi/vec4 68, 0, 32; draw_string_vec4
    %concat/vec4; draw_string_vec4
    %pushi/vec4 1162043209, 0, 32; draw_string_vec4
    %concat/vec4; draw_string_vec4
    %store/vec4 v0x2ccfe1a0_0, 0, 320;
    %jmp T_10.9;
T_10.7 ;
    %pushi/vec4 0, 0, 32; draw_string_vec4
    %pushi/vec4 0, 0, 32; draw_string_vec4
    %concat/vec4; draw_string_vec4
    %pushi/vec4 0, 0, 32; draw_string_vec4
    %concat/vec4; draw_string_vec4
    %pushi/vec4 0, 0, 32; draw_string_vec4
    %concat/vec4; draw_string_vec4
    %pushi/vec4 0, 0, 32; draw_string_vec4
    %concat/vec4; draw_string_vec4
    %pushi/vec4 0, 0, 32; draw_string_vec4
    %concat/vec4; draw_string_vec4
    %pushi/vec4 0, 0, 32; draw_string_vec4
    %concat/vec4; draw_string_vec4
    %pushi/vec4 0, 0, 32; draw_string_vec4
    %concat/vec4; draw_string_vec4
    %pushi/vec4 17987, 0, 32; draw_string_vec4
    %concat/vec4; draw_string_vec4
    %pushi/vec4 1212498763, 0, 32; draw_string_vec4
    %concat/vec4; draw_string_vec4
    %store/vec4 v0x2ccfe1a0_0, 0, 320;
    %jmp T_10.9;
T_10.8 ;
    %pushi/vec4 0, 0, 32; draw_string_vec4
    %pushi/vec4 0, 0, 32; draw_string_vec4
    %concat/vec4; draw_string_vec4
    %pushi/vec4 0, 0, 32; draw_string_vec4
    %concat/vec4; draw_string_vec4
    %pushi/vec4 0, 0, 32; draw_string_vec4
    %concat/vec4; draw_string_vec4
    %pushi/vec4 0, 0, 32; draw_string_vec4
    %concat/vec4; draw_string_vec4
    %pushi/vec4 0, 0, 32; draw_string_vec4
    %concat/vec4; draw_string_vec4
    %pushi/vec4 0, 0, 32; draw_string_vec4
    %concat/vec4; draw_string_vec4
    %pushi/vec4 0, 0, 32; draw_string_vec4
    %concat/vec4; draw_string_vec4
    %pushi/vec4 17993, 0, 32; draw_string_vec4
    %concat/vec4; draw_string_vec4
    %pushi/vec4 1313428296, 0, 32; draw_string_vec4
    %concat/vec4; draw_string_vec4
    %store/vec4 v0x2ccfe1a0_0, 0, 320;
    %jmp T_10.9;
T_10.9 ;
    %pop/vec4 1;
    %jmp T_10;
    .thread T_10, $push;
    .scope S_0x2ccc9a70;
T_11 ;
    %pushi/vec4 0, 0, 1;
    %store/vec4 v0x2cd018f0_0, 0, 1;
    %end;
    .thread T_11;
    .scope S_0x2ccc9a70;
T_12 ;
    %delay 1, 0;
    %load/vec4 v0x2cd018f0_0;
    %inv;
    %store/vec4 v0x2cd018f0_0, 0, 1;
    %jmp T_12;
    .thread T_12;
    .scope S_0x2ccc9a70;
T_13 ;
    %vpi_call 2 33 "$dumpfile", "bcd2bin_TB.vcd" {0 0 0};
    %vpi_call 2 34 "$dumpvars", 32'sb11111111111111111111111111111111, S_0x2ccc9a70 {0 0 0};
    %vpi_call 2 36 "$monitor", "t=%0t A_bcd=0x%h A_bin=0x%h done=%b", $time, v0x2cd016b0_0, v0x2cd017e0_0, v0x2cd01990_0 {0 0 0};
    %end;
    .thread T_13;
    .scope S_0x2ccc9a70;
T_14 ;
    %wait E_0x2ccfd640;
    %wait E_0x2ccfc8e0;
    %pushi/vec4 0, 0, 12;
    %store/vec4 v0x2cd016b0_0, 0, 12;
    %pushi/vec4 0, 0, 1;
    %store/vec4 v0x2cd01a30_0, 0, 1;
    %pushi/vec4 0, 0, 1;
    %store/vec4 v0x2cd01b70_0, 0, 1;
    %wait E_0x2ccfd640;
    %wait E_0x2ccfc8e0;
    %pushi/vec4 579, 0, 12;
    %store/vec4 v0x2cd016b0_0, 0, 12;
    %wait E_0x2ccfd640;
    %wait E_0x2ccfc8e0;
    %pushi/vec4 1, 0, 1;
    %store/vec4 v0x2cd01b70_0, 0, 1;
    %wait E_0x2ccfd640;
    %wait E_0x2ccfc8e0;
    %pushi/vec4 0, 0, 1;
    %store/vec4 v0x2cd01b70_0, 0, 1;
    %wait E_0x2ccfd640;
    %wait E_0x2ccfc8e0;
    %pushi/vec4 1, 0, 1;
    %store/vec4 v0x2cd01a30_0, 0, 1;
    %wait E_0x2ccfd640;
    %wait E_0x2ccfc8e0;
    %pushi/vec4 0, 0, 1;
    %store/vec4 v0x2cd01a30_0, 0, 1;
T_14.0 ;
    %load/vec4 v0x2cd01990_0;
    %pad/u 32;
    %pushi/vec4 1, 0, 32;
    %cmp/e;
    %flag_get/vec4 4;
    %cmpi/ne 1, 0, 1;
    %jmp/0xz T_14.1, 6;
    %wait E_0x2cca1440;
    %jmp T_14.0;
T_14.1 ;
    %delay 1000, 0;
    %vpi_call 2 77 "$finish" {0 0 0};
    %end;
    .thread T_14;
# The file index is used to find the file name in the following table.
:file_names 9;
    "N/A";
    "<interactive>";
    "bcd2bin_TB.v";
    "bcd2bin_top.v";
    "comp.v";
    "contador_dec.v";
    "bcd2bin_control.v";
    "lsr_A_res.v";
    "sum_comp2.v";
# EOF
