
 /----------------------------------------------------------------------------\
 |                                                                            |
 |  yosys -- Yosys Open SYnthesis Suite                                       |
 |                                                                            |
 |  Copyright (C) 2012 - 2020  Claire Xenia Wolf <claire@yosyshq.com>         |
 |                                                                            |
 |  Permission to use, copy, modify, and/or distribute this software for any  |
 |  purpose with or without fee is hereby granted, provided that the above    |
 |  copyright notice and this permission notice appear in all copies.         |
 |                                                                            |
 |  THE SOFTWARE IS PROVIDED "AS IS" AND THE AUTHOR DISCLAIMS ALL WARRANTIES  |
 |  WITH REGARD TO THIS SOFTWARE INCLUDING ALL IMPLIED WARRANTIES OF          |
 |  MERCHANTABILITY AND FITNESS. IN NO EVENT SHALL THE AUTHOR BE LIABLE FOR   |
 |  ANY SPECIAL, DIRECT, INDIRECT, OR CONSEQUENTIAL DAMAGES OR ANY DAMAGES    |
 |  WHATSOEVER RESULTING FROM LOSS OF USE, DATA OR PROFITS, WHETHER IN AN     |
 |  ACTION OF CONTRACT, NEGLIGENCE OR OTHER TORTIOUS ACTION, ARISING OUT OF   |
 |  OR IN CONNECTION WITH THE USE OR PERFORMANCE OF THIS SOFTWARE.            |
 |                                                                            |
 \----------------------------------------------------------------------------/

 Yosys 0.33+6 (git sha1 41b34a193, x86_64-conda-linux-gnu-cc 11.2.0 -fvisibility-inlines-hidden -fmessage-length=0 -march=nocona -mtune=haswell -ftree-vectorize -fPIC -fstack-protector-strong -fno-plt -O2 -ffunction-sections -fdebug-prefix-map=/root/conda-eda/conda-eda/workdir/conda-env/conda-bld/yosys_1694128612374/work=/usr/local/src/conda/yosys-0.33_7_g41b34a193 -fdebug-prefix-map=/home/marute/miniconda3/envs/digital=/usr/local/src/conda-prefix -fPIC -Os -fno-merge-constants)


-- Parsing `sum_res_comp2.v' using frontend ` -vlog2k' --

1. Executing Verilog-2005 frontend: sum_res_comp2.v
Parsing Verilog input from `sum_res_comp2.v' to AST representation.
Storing AST representation for module `$abstract\sum_res_comp2'.
Successfully finished Verilog frontend.

-- Parsing `lsr_raiz.v' using frontend ` -vlog2k' --

2. Executing Verilog-2005 frontend: lsr_raiz.v
Parsing Verilog input from `lsr_raiz.v' to AST representation.
Storing AST representation for module `$abstract\lsr_raiz'.
Successfully finished Verilog frontend.

-- Parsing `lsr2_rParcial.v' using frontend ` -vlog2k' --

3. Executing Verilog-2005 frontend: lsr2_rParcial.v
Parsing Verilog input from `lsr2_rParcial.v' to AST representation.
Storing AST representation for module `$abstract\lsr2_rParcial'.
Successfully finished Verilog frontend.

-- Parsing `contador_dec.v' using frontend ` -vlog2k' --

4. Executing Verilog-2005 frontend: contador_dec.v
Parsing Verilog input from `contador_dec.v' to AST representation.
Storing AST representation for module `$abstract\contador_dec'.
Successfully finished Verilog frontend.

-- Parsing `root_control.v' using frontend ` -vlog2k' --

5. Executing Verilog-2005 frontend: root_control.v
Parsing Verilog input from `root_control.v' to AST representation.
Storing AST representation for module `$abstract\root_control'.
Successfully finished Verilog frontend.

-- Parsing `lsr2_vAux_A.v' using frontend ` -vlog2k' --

6. Executing Verilog-2005 frontend: lsr2_vAux_A.v
Parsing Verilog input from `lsr2_vAux_A.v' to AST representation.
Storing AST representation for module `$abstract\lsr2_vAux_A'.
Successfully finished Verilog frontend.

-- Parsing `root_top.v' using frontend ` -vlog2k' --

7. Executing Verilog-2005 frontend: root_top.v
Parsing Verilog input from `root_top.v' to AST representation.
Storing AST representation for module `$abstract\root_top'.
Successfully finished Verilog frontend.

-- Running command `synth_ecp5 -top root_top -json root_top.json; write_verilog -attr2comment root_top_synth.v' --

8. Executing SYNTH_ECP5 pass.

8.1. Executing Verilog-2005 frontend: /home/marute/miniconda3/envs/digital/bin/../share/yosys/ecp5/cells_sim.v
Parsing Verilog input from `/home/marute/miniconda3/envs/digital/bin/../share/yosys/ecp5/cells_sim.v' to AST representation.
Generating RTLIL representation for module `\LUT4'.
Generating RTLIL representation for module `\$__ABC9_LUT5'.
Generating RTLIL representation for module `\$__ABC9_LUT6'.
Generating RTLIL representation for module `\$__ABC9_LUT7'.
Generating RTLIL representation for module `\L6MUX21'.
Generating RTLIL representation for module `\CCU2C'.
Generating RTLIL representation for module `\TRELLIS_RAM16X2'.
Generating RTLIL representation for module `\PFUMX'.
Generating RTLIL representation for module `\TRELLIS_DPR16X4'.
Generating RTLIL representation for module `\DPR16X4C'.
Generating RTLIL representation for module `\LUT2'.
Generating RTLIL representation for module `\TRELLIS_FF'.
Generating RTLIL representation for module `\TRELLIS_IO'.
Generating RTLIL representation for module `\INV'.
Generating RTLIL representation for module `\TRELLIS_COMB'.
Generating RTLIL representation for module `\DP16KD'.
Generating RTLIL representation for module `\FD1P3AX'.
Generating RTLIL representation for module `\FD1P3AY'.
Generating RTLIL representation for module `\FD1P3BX'.
Generating RTLIL representation for module `\FD1P3DX'.
Generating RTLIL representation for module `\FD1P3IX'.
Generating RTLIL representation for module `\FD1P3JX'.
Generating RTLIL representation for module `\FD1S3AX'.
Generating RTLIL representation for module `\FD1S3AY'.
Generating RTLIL representation for module `\FD1S3BX'.
Generating RTLIL representation for module `\FD1S3DX'.
Generating RTLIL representation for module `\FD1S3IX'.
Generating RTLIL representation for module `\FD1S3JX'.
Generating RTLIL representation for module `\IFS1P3BX'.
Generating RTLIL representation for module `\IFS1P3DX'.
Generating RTLIL representation for module `\IFS1P3IX'.
Generating RTLIL representation for module `\IFS1P3JX'.
Generating RTLIL representation for module `\OFS1P3BX'.
Generating RTLIL representation for module `\OFS1P3DX'.
Generating RTLIL representation for module `\OFS1P3IX'.
Generating RTLIL representation for module `\OFS1P3JX'.
Generating RTLIL representation for module `\IB'.
Generating RTLIL representation for module `\IBPU'.
Generating RTLIL representation for module `\IBPD'.
Generating RTLIL representation for module `\OB'.
Generating RTLIL representation for module `\OBZ'.
Generating RTLIL representation for module `\OBZPU'.
Generating RTLIL representation for module `\OBZPD'.
Generating RTLIL representation for module `\OBCO'.
Generating RTLIL representation for module `\BB'.
Generating RTLIL representation for module `\BBPU'.
Generating RTLIL representation for module `\BBPD'.
Generating RTLIL representation for module `\ILVDS'.
Generating RTLIL representation for module `\OLVDS'.
Successfully finished Verilog frontend.

8.2. Executing Verilog-2005 frontend: /home/marute/miniconda3/envs/digital/bin/../share/yosys/ecp5/cells_bb.v
Parsing Verilog input from `/home/marute/miniconda3/envs/digital/bin/../share/yosys/ecp5/cells_bb.v' to AST representation.
Generating RTLIL representation for module `\MULT18X18D'.
Generating RTLIL representation for module `\ALU54B'.
Generating RTLIL representation for module `\EHXPLLL'.
Generating RTLIL representation for module `\DTR'.
Generating RTLIL representation for module `\OSCG'.
Generating RTLIL representation for module `\USRMCLK'.
Generating RTLIL representation for module `\JTAGG'.
Generating RTLIL representation for module `\DELAYF'.
Generating RTLIL representation for module `\DELAYG'.
Generating RTLIL representation for module `\IDDRX1F'.
Generating RTLIL representation for module `\IDDRX2F'.
Generating RTLIL representation for module `\IDDR71B'.
Generating RTLIL representation for module `\IDDRX2DQA'.
Generating RTLIL representation for module `\ODDRX1F'.
Generating RTLIL representation for module `\ODDRX2F'.
Generating RTLIL representation for module `\ODDR71B'.
Generating RTLIL representation for module `\OSHX2A'.
Generating RTLIL representation for module `\ODDRX2DQA'.
Generating RTLIL representation for module `\ODDRX2DQSB'.
Generating RTLIL representation for module `\TSHX2DQA'.
Generating RTLIL representation for module `\TSHX2DQSA'.
Generating RTLIL representation for module `\DQSBUFM'.
Generating RTLIL representation for module `\DDRDLLA'.
Generating RTLIL representation for module `\DLLDELD'.
Generating RTLIL representation for module `\CLKDIVF'.
Generating RTLIL representation for module `\ECLKSYNCB'.
Generating RTLIL representation for module `\ECLKBRIDGECS'.
Generating RTLIL representation for module `\DCCA'.
Generating RTLIL representation for module `\DCSC'.
Generating RTLIL representation for module `\DCUA'.
Generating RTLIL representation for module `\EXTREFB'.
Generating RTLIL representation for module `\PCSCLKDIV'.
Generating RTLIL representation for module `\PUR'.
Generating RTLIL representation for module `\GSR'.
Generating RTLIL representation for module `\SGSR'.
Generating RTLIL representation for module `\PDPW16KD'.
Successfully finished Verilog frontend.

8.3. Executing HIERARCHY pass (managing design hierarchy).

8.4. Executing AST frontend in derive mode using pre-parsed AST for module `\root_top'.
Generating RTLIL representation for module `\root_top'.

8.4.1. Analyzing design hierarchy..
Top module:  \root_top

8.4.2. Executing AST frontend in derive mode using pre-parsed AST for module `\root_control'.
Generating RTLIL representation for module `\root_control'.

8.4.3. Executing AST frontend in derive mode using pre-parsed AST for module `\sum_res_comp2'.
Generating RTLIL representation for module `\sum_res_comp2'.

8.4.4. Executing AST frontend in derive mode using pre-parsed AST for module `\contador_dec'.
Generating RTLIL representation for module `\contador_dec'.

8.4.5. Executing AST frontend in derive mode using pre-parsed AST for module `\lsr_raiz'.
Generating RTLIL representation for module `\lsr_raiz'.

8.4.6. Executing AST frontend in derive mode using pre-parsed AST for module `\lsr2_rParcial'.
Generating RTLIL representation for module `\lsr2_rParcial'.

8.4.7. Executing AST frontend in derive mode using pre-parsed AST for module `\lsr2_vAux_A'.
Generating RTLIL representation for module `\lsr2_vAux_A'.

8.4.8. Analyzing design hierarchy..
Top module:  \root_top
Used module:     \root_control
Used module:     \sum_res_comp2
Used module:     \contador_dec
Used module:     \lsr_raiz
Used module:     \lsr2_rParcial
Used module:     \lsr2_vAux_A

8.4.9. Analyzing design hierarchy..
Top module:  \root_top
Used module:     \root_control
Used module:     \sum_res_comp2
Used module:     \contador_dec
Used module:     \lsr_raiz
Used module:     \lsr2_rParcial
Used module:     \lsr2_vAux_A
Removing unused module `$abstract\root_top'.
Removing unused module `$abstract\lsr2_vAux_A'.
Removing unused module `$abstract\root_control'.
Removing unused module `$abstract\contador_dec'.
Removing unused module `$abstract\lsr2_rParcial'.
Removing unused module `$abstract\lsr_raiz'.
Removing unused module `$abstract\sum_res_comp2'.
Removed 7 unused modules.

8.5. Executing PROC pass (convert processes to netlists).

8.5.1. Executing PROC_CLEAN pass (remove empty switches from decision trees).
Found and cleaned up 1 empty switch in `\TRELLIS_DPR16X4.$proc$/home/marute/miniconda3/envs/digital/bin/../share/yosys/ecp5/cells_sim.v:213$117'.
Cleaned up 1 empty switch.

8.5.2. Executing PROC_RMDEAD pass (remove dead branches from decision trees).
Marked 1 switch rules as full_case in process $proc$/home/marute/miniconda3/envs/digital/bin/../share/yosys/ecp5/cells_sim.v:350$224 in module TRELLIS_FF.
Marked 1 switch rules as full_case in process $proc$/home/marute/miniconda3/envs/digital/bin/../share/yosys/ecp5/cells_sim.v:285$176 in module DPR16X4C.
Marked 1 switch rules as full_case in process $proc$/home/marute/miniconda3/envs/digital/bin/../share/yosys/ecp5/cells_sim.v:221$118 in module TRELLIS_DPR16X4.
Marked 3 switch rules as full_case in process $proc$lsr2_vAux_A.v:16$239 in module lsr2_vAux_A.
Marked 3 switch rules as full_case in process $proc$lsr2_rParcial.v:11$238 in module lsr2_rParcial.
Marked 3 switch rules as full_case in process $proc$lsr_raiz.v:11$236 in module lsr_raiz.
Marked 2 switch rules as full_case in process $proc$contador_dec.v:14$233 in module contador_dec.
Removed 1 dead cases from process $proc$root_control.v:101$230 in module root_control.
Marked 1 switch rules as full_case in process $proc$root_control.v:101$230 in module root_control.
Removed 1 dead cases from process $proc$root_control.v:39$226 in module root_control.
Marked 5 switch rules as full_case in process $proc$root_control.v:39$226 in module root_control.
Removed a total of 2 dead cases.

8.5.3. Executing PROC_PRUNE pass (remove redundant assignments in processes).
Removed 0 redundant assignments.
Promoted 57 assignments to connections.

8.5.4. Executing PROC_INIT pass (extract init attributes).
Found init rule in `\TRELLIS_FF.$proc$/home/marute/miniconda3/envs/digital/bin/../share/yosys/ecp5/cells_sim.v:0$225'.
  Set init value: \Q = 1'0

8.5.5. Executing PROC_ARST pass (detect async resets in processes).

8.5.6. Executing PROC_ROM pass (convert switches to ROMs).
Converted 1 switch.

8.5.7. Executing PROC_MUX pass (convert decision trees to multiplexers).
Creating decoders for process `\TRELLIS_FF.$proc$/home/marute/miniconda3/envs/digital/bin/../share/yosys/ecp5/cells_sim.v:0$225'.
Creating decoders for process `\TRELLIS_FF.$proc$/home/marute/miniconda3/envs/digital/bin/../share/yosys/ecp5/cells_sim.v:350$224'.
     1/1: $0\Q[0:0]
Creating decoders for process `\DPR16X4C.$proc$/home/marute/miniconda3/envs/digital/bin/../share/yosys/ecp5/cells_sim.v:0$199'.
Creating decoders for process `\DPR16X4C.$proc$/home/marute/miniconda3/envs/digital/bin/../share/yosys/ecp5/cells_sim.v:285$176'.
     1/3: $1$memwr$\ram$/home/marute/miniconda3/envs/digital/bin/../share/yosys/ecp5/cells_sim.v:287$175_EN[3:0]$182
     2/3: $1$memwr$\ram$/home/marute/miniconda3/envs/digital/bin/../share/yosys/ecp5/cells_sim.v:287$175_DATA[3:0]$181
     3/3: $1$memwr$\ram$/home/marute/miniconda3/envs/digital/bin/../share/yosys/ecp5/cells_sim.v:287$175_ADDR[3:0]$180
Creating decoders for process `\TRELLIS_DPR16X4.$proc$/home/marute/miniconda3/envs/digital/bin/../share/yosys/ecp5/cells_sim.v:0$142'.
Creating decoders for process `\TRELLIS_DPR16X4.$proc$/home/marute/miniconda3/envs/digital/bin/../share/yosys/ecp5/cells_sim.v:221$118'.
     1/3: $1$memwr$\mem$/home/marute/miniconda3/envs/digital/bin/../share/yosys/ecp5/cells_sim.v:223$116_EN[3:0]$124
     2/3: $1$memwr$\mem$/home/marute/miniconda3/envs/digital/bin/../share/yosys/ecp5/cells_sim.v:223$116_DATA[3:0]$123
     3/3: $1$memwr$\mem$/home/marute/miniconda3/envs/digital/bin/../share/yosys/ecp5/cells_sim.v:223$116_ADDR[3:0]$122
Creating decoders for process `\TRELLIS_DPR16X4.$proc$/home/marute/miniconda3/envs/digital/bin/../share/yosys/ecp5/cells_sim.v:213$117'.
Creating decoders for process `\lsr2_vAux_A.$proc$lsr2_vAux_A.v:16$239'.
     1/5: $3\v_Aux[7:0]
     2/5: $2\A_shift[7:0]
     3/5: $2\v_Aux[7:0]
     4/5: $1\A_shift[7:0]
     5/5: $1\v_Aux[7:0]
Creating decoders for process `\lsr2_rParcial.$proc$lsr2_rParcial.v:11$238'.
     1/3: $3\out_rParcial[7:0]
     2/3: $2\out_rParcial[7:0]
     3/3: $1\out_rParcial[7:0]
Creating decoders for process `\lsr_raiz.$proc$lsr_raiz.v:11$236'.
     1/3: $3\raiz[7:0]
     2/3: $2\raiz[7:0]
     3/3: $1\raiz[7:0]
Creating decoders for process `\contador_dec.$proc$contador_dec.v:14$233'.
     1/3: $2\zero[0:0]
     2/3: $1\zero[0:0]
     3/3: $0\out[7:0]
Creating decoders for process `\sum_res_comp2.$proc$sum_res_comp2.v:11$231'.
Creating decoders for process `\root_control.$proc$root_control.v:101$230'.
     1/1: { $1\done[0:0] $1\DEC[0:0] $1\SH1[0:0] $1\SH0[0:0] $1\LDRes[0:0] $1\LD[0:0] }
Creating decoders for process `\root_control.$proc$root_control.v:39$226'.
     1/8: $5\current_state[2:0]
     2/8: $4\current_state[2:0]
     3/8: $3\count[4:0]
     4/8: $3\current_state[2:0]
     5/8: $2\count[4:0]
     6/8: $2\current_state[2:0]
     7/8: $1\current_state[2:0]
     8/8: $1\count[4:0]

8.5.8. Executing PROC_DLATCH pass (convert process syncs to latches).
No latch inferred for signal `\sum_res_comp2.\residuo' from process `\sum_res_comp2.$proc$sum_res_comp2.v:11$231'.
No latch inferred for signal `\sum_res_comp2.\residuo_MSB' from process `\sum_res_comp2.$proc$sum_res_comp2.v:11$231'.
No latch inferred for signal `\root_control.\done' from process `\root_control.$proc$root_control.v:101$230'.
No latch inferred for signal `\root_control.\DEC' from process `\root_control.$proc$root_control.v:101$230'.
No latch inferred for signal `\root_control.\LD' from process `\root_control.$proc$root_control.v:101$230'.
No latch inferred for signal `\root_control.\SH0' from process `\root_control.$proc$root_control.v:101$230'.
No latch inferred for signal `\root_control.\LDRes' from process `\root_control.$proc$root_control.v:101$230'.
No latch inferred for signal `\root_control.\SH1' from process `\root_control.$proc$root_control.v:101$230'.

8.5.9. Executing PROC_DFF pass (convert process syncs to FFs).
Creating register for signal `\TRELLIS_FF.\Q' using process `\TRELLIS_FF.$proc$/home/marute/miniconda3/envs/digital/bin/../share/yosys/ecp5/cells_sim.v:350$224'.
  created $dff cell `$procdff$429' with positive edge clock.
Creating register for signal `\DPR16X4C.\i' using process `\DPR16X4C.$proc$/home/marute/miniconda3/envs/digital/bin/../share/yosys/ecp5/cells_sim.v:0$199'.
  created direct connection (no actual register cell created).
Creating register for signal `\DPR16X4C.$memwr$\ram$/home/marute/miniconda3/envs/digital/bin/../share/yosys/ecp5/cells_sim.v:281$160_EN' using process `\DPR16X4C.$proc$/home/marute/miniconda3/envs/digital/bin/../share/yosys/ecp5/cells_sim.v:0$199'.
  created direct connection (no actual register cell created).
Creating register for signal `\DPR16X4C.$memwr$\ram$/home/marute/miniconda3/envs/digital/bin/../share/yosys/ecp5/cells_sim.v:281$161_EN' using process `\DPR16X4C.$proc$/home/marute/miniconda3/envs/digital/bin/../share/yosys/ecp5/cells_sim.v:0$199'.
  created direct connection (no actual register cell created).
Creating register for signal `\DPR16X4C.$memwr$\ram$/home/marute/miniconda3/envs/digital/bin/../share/yosys/ecp5/cells_sim.v:281$162_EN' using process `\DPR16X4C.$proc$/home/marute/miniconda3/envs/digital/bin/../share/yosys/ecp5/cells_sim.v:0$199'.
  created direct connection (no actual register cell created).
Creating register for signal `\DPR16X4C.$memwr$\ram$/home/marute/miniconda3/envs/digital/bin/../share/yosys/ecp5/cells_sim.v:281$163_EN' using process `\DPR16X4C.$proc$/home/marute/miniconda3/envs/digital/bin/../share/yosys/ecp5/cells_sim.v:0$199'.
  created direct connection (no actual register cell created).
Creating register for signal `\DPR16X4C.$memwr$\ram$/home/marute/miniconda3/envs/digital/bin/../share/yosys/ecp5/cells_sim.v:281$164_EN' using process `\DPR16X4C.$proc$/home/marute/miniconda3/envs/digital/bin/../share/yosys/ecp5/cells_sim.v:0$199'.
  created direct connection (no actual register cell created).
Creating register for signal `\DPR16X4C.$memwr$\ram$/home/marute/miniconda3/envs/digital/bin/../share/yosys/ecp5/cells_sim.v:281$165_EN' using process `\DPR16X4C.$proc$/home/marute/miniconda3/envs/digital/bin/../share/yosys/ecp5/cells_sim.v:0$199'.
  created direct connection (no actual register cell created).
Creating register for signal `\DPR16X4C.$memwr$\ram$/home/marute/miniconda3/envs/digital/bin/../share/yosys/ecp5/cells_sim.v:281$166_EN' using process `\DPR16X4C.$proc$/home/marute/miniconda3/envs/digital/bin/../share/yosys/ecp5/cells_sim.v:0$199'.
  created direct connection (no actual register cell created).
Creating register for signal `\DPR16X4C.$memwr$\ram$/home/marute/miniconda3/envs/digital/bin/../share/yosys/ecp5/cells_sim.v:281$167_EN' using process `\DPR16X4C.$proc$/home/marute/miniconda3/envs/digital/bin/../share/yosys/ecp5/cells_sim.v:0$199'.
  created direct connection (no actual register cell created).
Creating register for signal `\DPR16X4C.$memwr$\ram$/home/marute/miniconda3/envs/digital/bin/../share/yosys/ecp5/cells_sim.v:281$168_EN' using process `\DPR16X4C.$proc$/home/marute/miniconda3/envs/digital/bin/../share/yosys/ecp5/cells_sim.v:0$199'.
  created direct connection (no actual register cell created).
Creating register for signal `\DPR16X4C.$memwr$\ram$/home/marute/miniconda3/envs/digital/bin/../share/yosys/ecp5/cells_sim.v:281$169_EN' using process `\DPR16X4C.$proc$/home/marute/miniconda3/envs/digital/bin/../share/yosys/ecp5/cells_sim.v:0$199'.
  created direct connection (no actual register cell created).
Creating register for signal `\DPR16X4C.$memwr$\ram$/home/marute/miniconda3/envs/digital/bin/../share/yosys/ecp5/cells_sim.v:281$170_EN' using process `\DPR16X4C.$proc$/home/marute/miniconda3/envs/digital/bin/../share/yosys/ecp5/cells_sim.v:0$199'.
  created direct connection (no actual register cell created).
Creating register for signal `\DPR16X4C.$memwr$\ram$/home/marute/miniconda3/envs/digital/bin/../share/yosys/ecp5/cells_sim.v:281$171_EN' using process `\DPR16X4C.$proc$/home/marute/miniconda3/envs/digital/bin/../share/yosys/ecp5/cells_sim.v:0$199'.
  created direct connection (no actual register cell created).
Creating register for signal `\DPR16X4C.$memwr$\ram$/home/marute/miniconda3/envs/digital/bin/../share/yosys/ecp5/cells_sim.v:281$172_EN' using process `\DPR16X4C.$proc$/home/marute/miniconda3/envs/digital/bin/../share/yosys/ecp5/cells_sim.v:0$199'.
  created direct connection (no actual register cell created).
Creating register for signal `\DPR16X4C.$memwr$\ram$/home/marute/miniconda3/envs/digital/bin/../share/yosys/ecp5/cells_sim.v:281$173_EN' using process `\DPR16X4C.$proc$/home/marute/miniconda3/envs/digital/bin/../share/yosys/ecp5/cells_sim.v:0$199'.
  created direct connection (no actual register cell created).
Creating register for signal `\DPR16X4C.$memwr$\ram$/home/marute/miniconda3/envs/digital/bin/../share/yosys/ecp5/cells_sim.v:281$174_EN' using process `\DPR16X4C.$proc$/home/marute/miniconda3/envs/digital/bin/../share/yosys/ecp5/cells_sim.v:0$199'.
  created direct connection (no actual register cell created).
Creating register for signal `\DPR16X4C.$memwr$\ram$/home/marute/miniconda3/envs/digital/bin/../share/yosys/ecp5/cells_sim.v:287$175_ADDR' using process `\DPR16X4C.$proc$/home/marute/miniconda3/envs/digital/bin/../share/yosys/ecp5/cells_sim.v:285$176'.
  created $dff cell `$procdff$430' with positive edge clock.
Creating register for signal `\DPR16X4C.$memwr$\ram$/home/marute/miniconda3/envs/digital/bin/../share/yosys/ecp5/cells_sim.v:287$175_DATA' using process `\DPR16X4C.$proc$/home/marute/miniconda3/envs/digital/bin/../share/yosys/ecp5/cells_sim.v:285$176'.
  created $dff cell `$procdff$431' with positive edge clock.
Creating register for signal `\DPR16X4C.$memwr$\ram$/home/marute/miniconda3/envs/digital/bin/../share/yosys/ecp5/cells_sim.v:287$175_EN' using process `\DPR16X4C.$proc$/home/marute/miniconda3/envs/digital/bin/../share/yosys/ecp5/cells_sim.v:285$176'.
  created $dff cell `$procdff$432' with positive edge clock.
Creating register for signal `\TRELLIS_DPR16X4.\i' using process `\TRELLIS_DPR16X4.$proc$/home/marute/miniconda3/envs/digital/bin/../share/yosys/ecp5/cells_sim.v:0$142'.
  created direct connection (no actual register cell created).
Creating register for signal `\TRELLIS_DPR16X4.$memwr$\mem$/home/marute/miniconda3/envs/digital/bin/../share/yosys/ecp5/cells_sim.v:207$100_EN' using process `\TRELLIS_DPR16X4.$proc$/home/marute/miniconda3/envs/digital/bin/../share/yosys/ecp5/cells_sim.v:0$142'.
  created direct connection (no actual register cell created).
Creating register for signal `\TRELLIS_DPR16X4.$memwr$\mem$/home/marute/miniconda3/envs/digital/bin/../share/yosys/ecp5/cells_sim.v:207$101_EN' using process `\TRELLIS_DPR16X4.$proc$/home/marute/miniconda3/envs/digital/bin/../share/yosys/ecp5/cells_sim.v:0$142'.
  created direct connection (no actual register cell created).
Creating register for signal `\TRELLIS_DPR16X4.$memwr$\mem$/home/marute/miniconda3/envs/digital/bin/../share/yosys/ecp5/cells_sim.v:207$102_EN' using process `\TRELLIS_DPR16X4.$proc$/home/marute/miniconda3/envs/digital/bin/../share/yosys/ecp5/cells_sim.v:0$142'.
  created direct connection (no actual register cell created).
Creating register for signal `\TRELLIS_DPR16X4.$memwr$\mem$/home/marute/miniconda3/envs/digital/bin/../share/yosys/ecp5/cells_sim.v:207$103_EN' using process `\TRELLIS_DPR16X4.$proc$/home/marute/miniconda3/envs/digital/bin/../share/yosys/ecp5/cells_sim.v:0$142'.
  created direct connection (no actual register cell created).
Creating register for signal `\TRELLIS_DPR16X4.$memwr$\mem$/home/marute/miniconda3/envs/digital/bin/../share/yosys/ecp5/cells_sim.v:207$104_EN' using process `\TRELLIS_DPR16X4.$proc$/home/marute/miniconda3/envs/digital/bin/../share/yosys/ecp5/cells_sim.v:0$142'.
  created direct connection (no actual register cell created).
Creating register for signal `\TRELLIS_DPR16X4.$memwr$\mem$/home/marute/miniconda3/envs/digital/bin/../share/yosys/ecp5/cells_sim.v:207$105_EN' using process `\TRELLIS_DPR16X4.$proc$/home/marute/miniconda3/envs/digital/bin/../share/yosys/ecp5/cells_sim.v:0$142'.
  created direct connection (no actual register cell created).
Creating register for signal `\TRELLIS_DPR16X4.$memwr$\mem$/home/marute/miniconda3/envs/digital/bin/../share/yosys/ecp5/cells_sim.v:207$106_EN' using process `\TRELLIS_DPR16X4.$proc$/home/marute/miniconda3/envs/digital/bin/../share/yosys/ecp5/cells_sim.v:0$142'.
  created direct connection (no actual register cell created).
Creating register for signal `\TRELLIS_DPR16X4.$memwr$\mem$/home/marute/miniconda3/envs/digital/bin/../share/yosys/ecp5/cells_sim.v:207$107_EN' using process `\TRELLIS_DPR16X4.$proc$/home/marute/miniconda3/envs/digital/bin/../share/yosys/ecp5/cells_sim.v:0$142'.
  created direct connection (no actual register cell created).
Creating register for signal `\TRELLIS_DPR16X4.$memwr$\mem$/home/marute/miniconda3/envs/digital/bin/../share/yosys/ecp5/cells_sim.v:207$108_EN' using process `\TRELLIS_DPR16X4.$proc$/home/marute/miniconda3/envs/digital/bin/../share/yosys/ecp5/cells_sim.v:0$142'.
  created direct connection (no actual register cell created).
Creating register for signal `\TRELLIS_DPR16X4.$memwr$\mem$/home/marute/miniconda3/envs/digital/bin/../share/yosys/ecp5/cells_sim.v:207$109_EN' using process `\TRELLIS_DPR16X4.$proc$/home/marute/miniconda3/envs/digital/bin/../share/yosys/ecp5/cells_sim.v:0$142'.
  created direct connection (no actual register cell created).
Creating register for signal `\TRELLIS_DPR16X4.$memwr$\mem$/home/marute/miniconda3/envs/digital/bin/../share/yosys/ecp5/cells_sim.v:207$110_EN' using process `\TRELLIS_DPR16X4.$proc$/home/marute/miniconda3/envs/digital/bin/../share/yosys/ecp5/cells_sim.v:0$142'.
  created direct connection (no actual register cell created).
Creating register for signal `\TRELLIS_DPR16X4.$memwr$\mem$/home/marute/miniconda3/envs/digital/bin/../share/yosys/ecp5/cells_sim.v:207$111_EN' using process `\TRELLIS_DPR16X4.$proc$/home/marute/miniconda3/envs/digital/bin/../share/yosys/ecp5/cells_sim.v:0$142'.
  created direct connection (no actual register cell created).
Creating register for signal `\TRELLIS_DPR16X4.$memwr$\mem$/home/marute/miniconda3/envs/digital/bin/../share/yosys/ecp5/cells_sim.v:207$112_EN' using process `\TRELLIS_DPR16X4.$proc$/home/marute/miniconda3/envs/digital/bin/../share/yosys/ecp5/cells_sim.v:0$142'.
  created direct connection (no actual register cell created).
Creating register for signal `\TRELLIS_DPR16X4.$memwr$\mem$/home/marute/miniconda3/envs/digital/bin/../share/yosys/ecp5/cells_sim.v:207$113_EN' using process `\TRELLIS_DPR16X4.$proc$/home/marute/miniconda3/envs/digital/bin/../share/yosys/ecp5/cells_sim.v:0$142'.
  created direct connection (no actual register cell created).
Creating register for signal `\TRELLIS_DPR16X4.$memwr$\mem$/home/marute/miniconda3/envs/digital/bin/../share/yosys/ecp5/cells_sim.v:207$114_EN' using process `\TRELLIS_DPR16X4.$proc$/home/marute/miniconda3/envs/digital/bin/../share/yosys/ecp5/cells_sim.v:0$142'.
  created direct connection (no actual register cell created).
Creating register for signal `\TRELLIS_DPR16X4.$memwr$\mem$/home/marute/miniconda3/envs/digital/bin/../share/yosys/ecp5/cells_sim.v:207$115_EN' using process `\TRELLIS_DPR16X4.$proc$/home/marute/miniconda3/envs/digital/bin/../share/yosys/ecp5/cells_sim.v:0$142'.
  created direct connection (no actual register cell created).
Creating register for signal `\TRELLIS_DPR16X4.$memwr$\mem$/home/marute/miniconda3/envs/digital/bin/../share/yosys/ecp5/cells_sim.v:223$116_ADDR' using process `\TRELLIS_DPR16X4.$proc$/home/marute/miniconda3/envs/digital/bin/../share/yosys/ecp5/cells_sim.v:221$118'.
  created $dff cell `$procdff$433' with positive edge clock.
Creating register for signal `\TRELLIS_DPR16X4.$memwr$\mem$/home/marute/miniconda3/envs/digital/bin/../share/yosys/ecp5/cells_sim.v:223$116_DATA' using process `\TRELLIS_DPR16X4.$proc$/home/marute/miniconda3/envs/digital/bin/../share/yosys/ecp5/cells_sim.v:221$118'.
  created $dff cell `$procdff$434' with positive edge clock.
Creating register for signal `\TRELLIS_DPR16X4.$memwr$\mem$/home/marute/miniconda3/envs/digital/bin/../share/yosys/ecp5/cells_sim.v:223$116_EN' using process `\TRELLIS_DPR16X4.$proc$/home/marute/miniconda3/envs/digital/bin/../share/yosys/ecp5/cells_sim.v:221$118'.
  created $dff cell `$procdff$435' with positive edge clock.
Creating register for signal `\TRELLIS_DPR16X4.\muxwre' using process `\TRELLIS_DPR16X4.$proc$/home/marute/miniconda3/envs/digital/bin/../share/yosys/ecp5/cells_sim.v:213$117'.
  created direct connection (no actual register cell created).
Creating register for signal `\lsr2_vAux_A.\v_Aux' using process `\lsr2_vAux_A.$proc$lsr2_vAux_A.v:16$239'.
  created $dff cell `$procdff$436' with negative edge clock.
Creating register for signal `\lsr2_vAux_A.\A_shift' using process `\lsr2_vAux_A.$proc$lsr2_vAux_A.v:16$239'.
  created $dff cell `$procdff$437' with negative edge clock.
Creating register for signal `\lsr2_rParcial.\out_rParcial' using process `\lsr2_rParcial.$proc$lsr2_rParcial.v:11$238'.
  created $dff cell `$procdff$438' with negative edge clock.
Creating register for signal `\lsr_raiz.\raiz' using process `\lsr_raiz.$proc$lsr_raiz.v:11$236'.
  created $dff cell `$procdff$439' with negative edge clock.
Creating register for signal `\contador_dec.\zero' using process `\contador_dec.$proc$contador_dec.v:14$233'.
  created $dff cell `$procdff$440' with negative edge clock.
Creating register for signal `\contador_dec.\out' using process `\contador_dec.$proc$contador_dec.v:14$233'.
  created $dff cell `$procdff$441' with negative edge clock.
Creating register for signal `\root_control.\current_state' using process `\root_control.$proc$root_control.v:39$226'.
  created $dff cell `$procdff$442' with positive edge clock.
Creating register for signal `\root_control.\count' using process `\root_control.$proc$root_control.v:39$226'.
  created $dff cell `$procdff$443' with positive edge clock.

8.5.10. Executing PROC_MEMWR pass (convert process memory writes to cells).

8.5.11. Executing PROC_CLEAN pass (remove empty switches from decision trees).
Removing empty process `TRELLIS_FF.$proc$/home/marute/miniconda3/envs/digital/bin/../share/yosys/ecp5/cells_sim.v:0$225'.
Found and cleaned up 2 empty switches in `\TRELLIS_FF.$proc$/home/marute/miniconda3/envs/digital/bin/../share/yosys/ecp5/cells_sim.v:350$224'.
Removing empty process `TRELLIS_FF.$proc$/home/marute/miniconda3/envs/digital/bin/../share/yosys/ecp5/cells_sim.v:350$224'.
Removing empty process `DPR16X4C.$proc$/home/marute/miniconda3/envs/digital/bin/../share/yosys/ecp5/cells_sim.v:0$199'.
Found and cleaned up 1 empty switch in `\DPR16X4C.$proc$/home/marute/miniconda3/envs/digital/bin/../share/yosys/ecp5/cells_sim.v:285$176'.
Removing empty process `TRELLIS_DPR16X4.$proc$/home/marute/miniconda3/envs/digital/bin/../share/yosys/ecp5/cells_sim.v:0$142'.
Found and cleaned up 1 empty switch in `\TRELLIS_DPR16X4.$proc$/home/marute/miniconda3/envs/digital/bin/../share/yosys/ecp5/cells_sim.v:221$118'.
Removing empty process `TRELLIS_DPR16X4.$proc$/home/marute/miniconda3/envs/digital/bin/../share/yosys/ecp5/cells_sim.v:213$117'.
Found and cleaned up 3 empty switches in `\lsr2_vAux_A.$proc$lsr2_vAux_A.v:16$239'.
Removing empty process `lsr2_vAux_A.$proc$lsr2_vAux_A.v:16$239'.
Found and cleaned up 3 empty switches in `\lsr2_rParcial.$proc$lsr2_rParcial.v:11$238'.
Removing empty process `lsr2_rParcial.$proc$lsr2_rParcial.v:11$238'.
Found and cleaned up 3 empty switches in `\lsr_raiz.$proc$lsr_raiz.v:11$236'.
Removing empty process `lsr_raiz.$proc$lsr_raiz.v:11$236'.
Found and cleaned up 2 empty switches in `\contador_dec.$proc$contador_dec.v:14$233'.
Removing empty process `contador_dec.$proc$contador_dec.v:14$233'.
Removing empty process `sum_res_comp2.$proc$sum_res_comp2.v:11$231'.
Found and cleaned up 1 empty switch in `\root_control.$proc$root_control.v:101$230'.
Removing empty process `root_control.$proc$root_control.v:101$230'.
Found and cleaned up 5 empty switches in `\root_control.$proc$root_control.v:39$226'.
Removing empty process `root_control.$proc$root_control.v:39$226'.
Cleaned up 21 empty switches.

8.5.12. Executing OPT_EXPR pass (perform const folding).
Optimizing module lsr2_vAux_A.
Optimizing module lsr2_rParcial.
Optimizing module lsr_raiz.
Optimizing module contador_dec.
Optimizing module sum_res_comp2.
Optimizing module root_control.
Optimizing module root_top.

8.6. Executing FLATTEN pass (flatten design).
Deleting now unused module lsr2_vAux_A.
Deleting now unused module lsr2_rParcial.
Deleting now unused module lsr_raiz.
Deleting now unused module contador_dec.
Deleting now unused module sum_res_comp2.
Deleting now unused module root_control.

8.7. Executing TRIBUF pass.

8.8. Executing DEMINOUT pass (demote inout ports to input or output).

8.9. Executing OPT_EXPR pass (perform const folding).
Optimizing module root_top.

8.10. Executing OPT_CLEAN pass (remove unused cells and wires).
Finding unused cells or wires in module \root_top..
Removed 0 unused cells and 86 unused wires.

8.11. Executing CHECK pass (checking for obvious problems).
Checking module root_top...
Found and reported 0 problems.

8.12. Executing OPT pass (performing simple optimizations).

8.12.1. Executing OPT_EXPR pass (perform const folding).
Optimizing module root_top.

8.12.2. Executing OPT_MERGE pass (detect identical cells).
Finding identical cells in module `\root_top'.
Removed a total of 12 cells.

8.12.3. Executing OPT_MUXTREE pass (detect dead branches in mux trees).
Running muxtree optimizer on module \root_top..
  Creating internal representation of mux trees.
  Evaluating internal representation of mux trees.
  Analyzing evaluation results.
    dead port 1/2 on $mux $flatten\cont0.$procmux$334.
    dead port 2/2 on $mux $flatten\control.$procmux$351.
    dead port 1/2 on $mux $flatten\control.$procmux$354.
    dead port 2/2 on $mux $flatten\control.$procmux$364.
    dead port 1/2 on $mux $flatten\control.$procmux$367.
    dead port 2/2 on $mux $flatten\control.$procmux$379.
    dead port 1/2 on $mux $flatten\control.$procmux$382.
    dead port 2/2 on $mux $flatten\control.$procmux$394.
    dead port 1/2 on $mux $flatten\control.$procmux$397.
    dead port 1/2 on $mux $flatten\A_vAuxreg.$procmux$271.
    dead port 1/2 on $mux $flatten\control.$procmux$409.
    dead port 1/2 on $mux $flatten\A_vAuxreg.$procmux$274.
    dead port 1/2 on $mux $flatten\A_vAuxreg.$procmux$280.
    dead port 1/2 on $mux $flatten\A_vAuxreg.$procmux$286.
    dead port 1/2 on $mux $flatten\control.$procmux$421.
    dead port 1/2 on $mux $flatten\rParcialreg.$procmux$298.
    dead port 1/2 on $mux $flatten\rParcialreg.$procmux$301.
    dead port 1/2 on $mux $flatten\rParcialreg.$procmux$307.
    dead port 1/2 on $mux $flatten\raizReg.$procmux$316.
    dead port 1/2 on $mux $flatten\raizReg.$procmux$319.
    dead port 1/2 on $mux $flatten\raizReg.$procmux$325.
Removed 21 multiplexer ports.

8.12.4. Executing OPT_REDUCE pass (consolidate $*mux and $reduce_* inputs).
  Optimizing cells in module \root_top.
    New ctrl vector for $pmux cell $flatten\control.$procmux$399: { $flatten\control.$procmux$380_CMP $auto$opt_reduce.cc:134:opt_pmux$445 $flatten\control.$procmux$400_CMP }
  Optimizing cells in module \root_top.
Performed a total of 1 changes.

8.12.5. Executing OPT_MERGE pass (detect identical cells).
Finding identical cells in module `\root_top'.
Removed a total of 0 cells.

8.12.6. Executing OPT_DFF pass (perform DFF optimizations).

8.12.7. Executing OPT_CLEAN pass (remove unused cells and wires).
Finding unused cells or wires in module \root_top..
Removed 0 unused cells and 33 unused wires.

8.12.8. Executing OPT_EXPR pass (perform const folding).
Optimizing module root_top.

8.12.9. Rerunning OPT passes. (Maybe there is more to do..)

8.12.10. Executing OPT_MUXTREE pass (detect dead branches in mux trees).
Running muxtree optimizer on module \root_top..
  Creating internal representation of mux trees.
  Evaluating internal representation of mux trees.
  Analyzing evaluation results.
Removed 0 multiplexer ports.

8.12.11. Executing OPT_REDUCE pass (consolidate $*mux and $reduce_* inputs).
  Optimizing cells in module \root_top.
Performed a total of 0 changes.

8.12.12. Executing OPT_MERGE pass (detect identical cells).
Finding identical cells in module `\root_top'.
Removed a total of 0 cells.

8.12.13. Executing OPT_DFF pass (perform DFF optimizations).

8.12.14. Executing OPT_CLEAN pass (remove unused cells and wires).
Finding unused cells or wires in module \root_top..

8.12.15. Executing OPT_EXPR pass (perform const folding).
Optimizing module root_top.

8.12.16. Finished OPT passes. (There is nothing left to do.)

8.13. Executing FSM pass (extract and optimize FSM).

8.13.1. Executing FSM_DETECT pass (finding FSMs in design).
Not marking root_top.control.current_state as FSM state register:
    Users of register don't seem to benefit from recoding.

8.13.2. Executing FSM_EXTRACT pass (extracting FSM from design).

8.13.3. Executing FSM_OPT pass (simple optimizations of FSMs).

8.13.4. Executing OPT_CLEAN pass (remove unused cells and wires).
Finding unused cells or wires in module \root_top..

8.13.5. Executing FSM_OPT pass (simple optimizations of FSMs).

8.13.6. Executing FSM_RECODE pass (re-assigning FSM state encoding).

8.13.7. Executing FSM_INFO pass (dumping all available information on FSM cells).

8.13.8. Executing FSM_MAP pass (mapping FSMs to basic logic).

8.14. Executing OPT pass (performing simple optimizations).

8.14.1. Executing OPT_EXPR pass (perform const folding).
Optimizing module root_top.

8.14.2. Executing OPT_MERGE pass (detect identical cells).
Finding identical cells in module `\root_top'.
Removed a total of 0 cells.

8.14.3. Executing OPT_MUXTREE pass (detect dead branches in mux trees).
Running muxtree optimizer on module \root_top..
  Creating internal representation of mux trees.
  Evaluating internal representation of mux trees.
  Analyzing evaluation results.
Removed 0 multiplexer ports.

8.14.4. Executing OPT_REDUCE pass (consolidate $*mux and $reduce_* inputs).
  Optimizing cells in module \root_top.
Performed a total of 0 changes.

8.14.5. Executing OPT_MERGE pass (detect identical cells).
Finding identical cells in module `\root_top'.
Removed a total of 0 cells.

8.14.6. Executing OPT_DFF pass (perform DFF optimizations).
Adding SRST signal on $flatten\raizReg.$procdff$439 ($dff) from module root_top (D = $flatten\raizReg.$2\raiz[7:0] [7:1], Q = \raizReg.raiz [7:1], rval = 7'0000000).
Adding SRST signal on $flatten\raizReg.$procdff$439 ($dff) from module root_top (D = $flatten\raizReg.$3\raiz[7:0] [0], Q = \raizReg.raiz [0], rval = 1'0).
Adding EN signal on $auto$ff.cc:266:slice$447 ($sdff) from module root_top (D = 1'1, Q = \raizReg.raiz [0]).
Adding EN signal on $auto$ff.cc:266:slice$446 ($sdff) from module root_top (D = $flatten\raizReg.$2\raiz[7:0] [7:1], Q = \raizReg.raiz [7:1]).
Adding SRST signal on $flatten\rParcialreg.$procdff$438 ($dff) from module root_top (D = $flatten\rParcialreg.$2\out_rParcial[7:0] [7:2], Q = \rParcialreg.out_rParcial [7:2], rval = 6'000000).
Adding SRST signal on $flatten\rParcialreg.$procdff$438 ($dff) from module root_top (D = $flatten\rParcialreg.$3\out_rParcial[7:0] [1:0], Q = \rParcialreg.out_rParcial [1:0], rval = 2'01).
Adding EN signal on $auto$ff.cc:266:slice$459 ($sdff) from module root_top (D = \raizReg.raiz [1:0], Q = \rParcialreg.out_rParcial [1:0]).
Adding EN signal on $auto$ff.cc:266:slice$458 ($sdff) from module root_top (D = $flatten\rParcialreg.$2\out_rParcial[7:0] [7:2], Q = \rParcialreg.out_rParcial [7:2]).
Adding EN signal on $flatten\control.$procdff$443 ($dff) from module root_top (D = $flatten\control.$2\count[4:0], Q = \control.count).
Adding SRST signal on $flatten\control.$procdff$442 ($dff) from module root_top (D = $flatten\control.$2\current_state[2:0], Q = \control.current_state, rval = 3'000).
Adding SRST signal on $flatten\cont0.$procdff$441 ($dff) from module root_top (D = $flatten\cont0.$procmux$340_Y, Q = \cont0.out, rval = 8'00000011).
Adding EN signal on $auto$ff.cc:266:slice$476 ($sdff) from module root_top (D = $flatten\cont0.$sub$contador_dec.v:18$234_Y [7:0], Q = \cont0.out).
Adding EN signal on $flatten\cont0.$procdff$440 ($dff) from module root_top (D = $flatten\cont0.$eq$contador_dec.v:19$235_Y, Q = \cont0.zero).
Adding EN signal on $flatten\A_vAuxreg.$procdff$437 ($dff) from module root_top (D = $flatten\A_vAuxreg.$0\A_shift[7:0], Q = \A_vAuxreg.A_shift).
Adding SRST signal on $flatten\A_vAuxreg.$procdff$436 ($dff) from module root_top (D = $flatten\A_vAuxreg.$2\v_Aux[7:0], Q = \A_vAuxreg.v_Aux, rval = 8'00000000).
Adding EN signal on $auto$ff.cc:266:slice$486 ($sdff) from module root_top (D = $flatten\A_vAuxreg.$2\v_Aux[7:0], Q = \A_vAuxreg.v_Aux).

8.14.7. Executing OPT_CLEAN pass (remove unused cells and wires).
Finding unused cells or wires in module \root_top..
Removed 9 unused cells and 9 unused wires.

8.14.8. Executing OPT_EXPR pass (perform const folding).
Optimizing module root_top.

8.14.9. Rerunning OPT passes. (Maybe there is more to do..)

8.14.10. Executing OPT_MUXTREE pass (detect dead branches in mux trees).
Running muxtree optimizer on module \root_top..
  Creating internal representation of mux trees.
  Evaluating internal representation of mux trees.
  Analyzing evaluation results.
Removed 0 multiplexer ports.

8.14.11. Executing OPT_REDUCE pass (consolidate $*mux and $reduce_* inputs).
  Optimizing cells in module \root_top.
    New ctrl vector for $pmux cell $flatten\control.$procmux$399: { $flatten\control.$procmux$380_CMP $flatten\control.$procmux$400_CMP }
  Optimizing cells in module \root_top.
Performed a total of 1 changes.

8.14.12. Executing OPT_MERGE pass (detect identical cells).
Finding identical cells in module `\root_top'.
Removed a total of 1 cells.

8.14.13. Executing OPT_DFF pass (perform DFF optimizations).

8.14.14. Executing OPT_CLEAN pass (remove unused cells and wires).
Finding unused cells or wires in module \root_top..
Removed 0 unused cells and 1 unused wires.

8.14.15. Executing OPT_EXPR pass (perform const folding).
Optimizing module root_top.

8.14.16. Rerunning OPT passes. (Maybe there is more to do..)

8.14.17. Executing OPT_MUXTREE pass (detect dead branches in mux trees).
Running muxtree optimizer on module \root_top..
  Creating internal representation of mux trees.
  Evaluating internal representation of mux trees.
  Analyzing evaluation results.
Removed 0 multiplexer ports.

8.14.18. Executing OPT_REDUCE pass (consolidate $*mux and $reduce_* inputs).
  Optimizing cells in module \root_top.
Performed a total of 0 changes.

8.14.19. Executing OPT_MERGE pass (detect identical cells).
Finding identical cells in module `\root_top'.
Removed a total of 0 cells.

8.14.20. Executing OPT_DFF pass (perform DFF optimizations).

8.14.21. Executing OPT_CLEAN pass (remove unused cells and wires).
Finding unused cells or wires in module \root_top..

8.14.22. Executing OPT_EXPR pass (perform const folding).
Optimizing module root_top.

8.14.23. Finished OPT passes. (There is nothing left to do.)

8.15. Executing WREDUCE pass (reducing word size of cells).
Removed top 29 address bits (of 32) from memory init port root_top.$flatten\control.$auto$mem.cc:319:emit$243 ($flatten\control.$auto$proc_rom.cc:150:do_switch$241).
Removed top 7 bits (of 8) from mux cell root_top.$flatten\raizReg.$procmux$313 ($mux).
Removed top 31 bits (of 32) from port B of cell root_top.$flatten\cont0.$sub$contador_dec.v:18$234 ($sub).
Removed top 24 bits (of 32) from port Y of cell root_top.$flatten\cont0.$sub$contador_dec.v:18$234 ($sub).
Removed top 1 bits (of 2) from port B of cell root_top.$auto$opt_dff.cc:195:make_patterns_logic$455 ($ne).
Removed top 2 bits (of 3) from port B of cell root_top.$flatten\control.$procmux$406_CMP0 ($eq).
Removed top 1 bits (of 3) from port B of cell root_top.$flatten\control.$procmux$404_CMP0 ($eq).
Removed top 2 bits (of 3) from mux cell root_top.$flatten\control.$procmux$392 ($mux).
Removed top 1 bits (of 3) from port B of cell root_top.$flatten\control.$procmux$365_CMP0 ($eq).
Removed top 2 bits (of 3) from mux cell root_top.$flatten\control.$procmux$349 ($mux).
Removed top 27 bits (of 32) from port B of cell root_top.$flatten\control.$gt$root_control.v:90$228 ($gt).
Removed top 31 bits (of 32) from port B of cell root_top.$flatten\control.$add$root_control.v:89$227 ($add).
Removed top 27 bits (of 32) from port Y of cell root_top.$flatten\control.$add$root_control.v:89$227 ($add).
Removed top 24 bits (of 32) from wire root_top.$flatten\cont0.$sub$contador_dec.v:18$234_Y.
Removed top 2 bits (of 3) from wire root_top.$flatten\control.$3\current_state[2:0].
Removed top 2 bits (of 3) from wire root_top.$flatten\control.$5\current_state[2:0].
Removed top 27 bits (of 32) from wire root_top.$flatten\control.$add$root_control.v:89$227_Y.
Removed top 7 bits (of 8) from wire root_top.$flatten\raizReg.$3\raiz[7:0].

8.16. Executing PEEPOPT pass (run peephole optimizers).

8.17. Executing OPT_CLEAN pass (remove unused cells and wires).
Finding unused cells or wires in module \root_top..
Removed 0 unused cells and 5 unused wires.

8.18. Executing SHARE pass (SAT-based resource sharing).

8.19. Executing TECHMAP pass (map to technology primitives).

8.19.1. Executing Verilog-2005 frontend: /home/marute/miniconda3/envs/digital/bin/../share/yosys/cmp2lut.v
Parsing Verilog input from `/home/marute/miniconda3/envs/digital/bin/../share/yosys/cmp2lut.v' to AST representation.
Generating RTLIL representation for module `\_90_lut_cmp_'.
Successfully finished Verilog frontend.

8.19.2. Continuing TECHMAP pass.
No more expansions possible.

8.20. Executing OPT_EXPR pass (perform const folding).
Optimizing module root_top.

8.21. Executing OPT_CLEAN pass (remove unused cells and wires).
Finding unused cells or wires in module \root_top..

8.22. Executing TECHMAP pass (map to technology primitives).

8.22.1. Executing Verilog-2005 frontend: /home/marute/miniconda3/envs/digital/bin/../share/yosys/mul2dsp.v
Parsing Verilog input from `/home/marute/miniconda3/envs/digital/bin/../share/yosys/mul2dsp.v' to AST representation.
Generating RTLIL representation for module `\_80_mul'.
Generating RTLIL representation for module `\_90_soft_mul'.
Successfully finished Verilog frontend.

8.22.2. Executing Verilog-2005 frontend: /home/marute/miniconda3/envs/digital/bin/../share/yosys/ecp5/dsp_map.v
Parsing Verilog input from `/home/marute/miniconda3/envs/digital/bin/../share/yosys/ecp5/dsp_map.v' to AST representation.
Generating RTLIL representation for module `\$__MUL18X18'.
Successfully finished Verilog frontend.

8.22.3. Continuing TECHMAP pass.
No more expansions possible.

8.23. Executing ALUMACC pass (create $alu and $macc cells).
Extracting $alu and $macc cells in module root_top:
  creating $macc model for $flatten\cont0.$sub$contador_dec.v:18$234 ($sub).
  creating $macc model for $flatten\control.$add$root_control.v:89$227 ($add).
  creating $macc model for $flatten\sum_res_comp20.$sub$sum_res_comp2.v:12$232 ($sub).
  creating $alu model for $macc $flatten\sum_res_comp20.$sub$sum_res_comp2.v:12$232.
  creating $alu model for $macc $flatten\control.$add$root_control.v:89$227.
  creating $alu model for $macc $flatten\cont0.$sub$contador_dec.v:18$234.
  creating $alu model for $flatten\control.$gt$root_control.v:90$228 ($gt): new $alu
  creating $alu cell for $flatten\control.$gt$root_control.v:90$228: $auto$alumacc.cc:485:replace_alu$497
  creating $alu cell for $flatten\cont0.$sub$contador_dec.v:18$234: $auto$alumacc.cc:485:replace_alu$502
  creating $alu cell for $flatten\control.$add$root_control.v:89$227: $auto$alumacc.cc:485:replace_alu$505
  creating $alu cell for $flatten\sum_res_comp20.$sub$sum_res_comp2.v:12$232: $auto$alumacc.cc:485:replace_alu$508
  created 4 $alu and 0 $macc cells.

8.24. Executing OPT pass (performing simple optimizations).

8.24.1. Executing OPT_EXPR pass (perform const folding).
Optimizing module root_top.

8.24.2. Executing OPT_MERGE pass (detect identical cells).
Finding identical cells in module `\root_top'.
Removed a total of 0 cells.

8.24.3. Executing OPT_MUXTREE pass (detect dead branches in mux trees).
Running muxtree optimizer on module \root_top..
  Creating internal representation of mux trees.
  Evaluating internal representation of mux trees.
  Analyzing evaluation results.
Removed 0 multiplexer ports.

8.24.4. Executing OPT_REDUCE pass (consolidate $*mux and $reduce_* inputs).
  Optimizing cells in module \root_top.
Performed a total of 0 changes.

8.24.5. Executing OPT_MERGE pass (detect identical cells).
Finding identical cells in module `\root_top'.
Removed a total of 0 cells.

8.24.6. Executing OPT_DFF pass (perform DFF optimizations).

8.24.7. Executing OPT_CLEAN pass (remove unused cells and wires).
Finding unused cells or wires in module \root_top..
Removed 1 unused cells and 2 unused wires.

8.24.8. Executing OPT_EXPR pass (perform const folding).
Optimizing module root_top.

8.24.9. Rerunning OPT passes. (Maybe there is more to do..)

8.24.10. Executing OPT_MUXTREE pass (detect dead branches in mux trees).
Running muxtree optimizer on module \root_top..
  Creating internal representation of mux trees.
  Evaluating internal representation of mux trees.
  Analyzing evaluation results.
Removed 0 multiplexer ports.

8.24.11. Executing OPT_REDUCE pass (consolidate $*mux and $reduce_* inputs).
  Optimizing cells in module \root_top.
Performed a total of 0 changes.

8.24.12. Executing OPT_MERGE pass (detect identical cells).
Finding identical cells in module `\root_top'.
Removed a total of 0 cells.

8.24.13. Executing OPT_DFF pass (perform DFF optimizations).

8.24.14. Executing OPT_CLEAN pass (remove unused cells and wires).
Finding unused cells or wires in module \root_top..

8.24.15. Executing OPT_EXPR pass (perform const folding).
Optimizing module root_top.

8.24.16. Finished OPT passes. (There is nothing left to do.)

8.25. Executing MEMORY pass.

8.25.1. Executing OPT_MEM pass (optimize memories).
Performed a total of 0 transformations.

8.25.2. Executing OPT_MEM_PRIORITY pass (removing unnecessary memory write priority relations).
Performed a total of 0 transformations.

8.25.3. Executing OPT_MEM_FEEDBACK pass (finding memory read-to-write feedback paths).

8.25.4. Executing MEMORY_BMUX2ROM pass (converting muxes to ROMs).

8.25.5. Executing MEMORY_DFF pass (merging $dff cells to $memrd).
Checking read port `$flatten\control.$auto$proc_rom.cc:150:do_switch$241'[0] in module `\root_top': no output FF found.
Checking read port address `$flatten\control.$auto$proc_rom.cc:150:do_switch$241'[0] in module `\root_top': merged address FF to cell.

8.25.6. Executing OPT_CLEAN pass (remove unused cells and wires).
Finding unused cells or wires in module \root_top..

8.25.7. Executing MEMORY_SHARE pass (consolidating $memrd/$memwr cells).

8.25.8. Executing OPT_MEM_WIDEN pass (optimize memories where all ports are wide).
Performed a total of 0 transformations.

8.25.9. Executing OPT_CLEAN pass (remove unused cells and wires).
Finding unused cells or wires in module \root_top..

8.25.10. Executing MEMORY_COLLECT pass (generating $mem cells).

8.26. Executing OPT_CLEAN pass (remove unused cells and wires).
Finding unused cells or wires in module \root_top..

8.27. Executing MEMORY_LIBMAP pass (mapping memories to cells).
using FF mapping for memory root_top.$flatten\control.$auto$proc_rom.cc:150:do_switch$241

8.28. Executing TECHMAP pass (map to technology primitives).

8.28.1. Executing Verilog-2005 frontend: /home/marute/miniconda3/envs/digital/bin/../share/yosys/ecp5/lutrams_map.v
Parsing Verilog input from `/home/marute/miniconda3/envs/digital/bin/../share/yosys/ecp5/lutrams_map.v' to AST representation.
Generating RTLIL representation for module `\$__TRELLIS_DPR16X4_'.
Successfully finished Verilog frontend.

8.28.2. Executing Verilog-2005 frontend: /home/marute/miniconda3/envs/digital/bin/../share/yosys/ecp5/brams_map.v
Parsing Verilog input from `/home/marute/miniconda3/envs/digital/bin/../share/yosys/ecp5/brams_map.v' to AST representation.
Generating RTLIL representation for module `\$__ECP5_DP16KD_'.
Generating RTLIL representation for module `\$__ECP5_PDPW16KD_'.
Successfully finished Verilog frontend.

8.28.3. Continuing TECHMAP pass.
No more expansions possible.

8.29. Executing OPT pass (performing simple optimizations).

8.29.1. Executing OPT_EXPR pass (perform const folding).
Optimizing module root_top.

8.29.2. Executing OPT_MERGE pass (detect identical cells).
Finding identical cells in module `\root_top'.
Removed a total of 0 cells.

8.29.3. Executing OPT_DFF pass (perform DFF optimizations).
Adding SRST signal on $auto$ff.cc:266:slice$466 ($dffe) from module root_top (D = $auto$wreduce.cc:461:run$493 [4:0], Q = \control.count, rval = 5'00000).

8.29.4. Executing OPT_CLEAN pass (remove unused cells and wires).
Finding unused cells or wires in module \root_top..
Removed 1 unused cells and 6 unused wires.

8.29.5. Rerunning OPT passes. (Removed registers in this run.)

8.29.6. Executing OPT_EXPR pass (perform const folding).
Optimizing module root_top.

8.29.7. Executing OPT_MERGE pass (detect identical cells).
Finding identical cells in module `\root_top'.
Removed a total of 0 cells.

8.29.8. Executing OPT_DFF pass (perform DFF optimizations).
Adding SRST signal on $auto$ff.cc:266:slice$483 ($dffe) from module root_top (D = \A [1:0], Q = \A_vAuxreg.A_shift [1:0], rval = 2'00).

8.29.9. Executing OPT_CLEAN pass (remove unused cells and wires).
Finding unused cells or wires in module \root_top..

8.29.10. Rerunning OPT passes. (Removed registers in this run.)

8.29.11. Executing OPT_EXPR pass (perform const folding).
Optimizing module root_top.

8.29.12. Executing OPT_MERGE pass (detect identical cells).
Finding identical cells in module `\root_top'.
Removed a total of 0 cells.

8.29.13. Executing OPT_DFF pass (perform DFF optimizations).

8.29.14. Executing OPT_CLEAN pass (remove unused cells and wires).
Finding unused cells or wires in module \root_top..

8.29.15. Finished fast OPT passes.

8.30. Executing MEMORY_MAP pass (converting memories to logic and flip-flops).
Mapping memory $flatten\control.$auto$proc_rom.cc:150:do_switch$241 in module \root_top:
  created 8 $dff cells and 0 static cells of width 6.
Extracted data FF from read port 0 of root_top.$flatten\control.$auto$proc_rom.cc:150:do_switch$241: $$flatten\control.$auto$proc_rom.cc:150:do_switch$241$rdreg[0]
  read interface: 1 $dff and 7 $mux cells.
  write interface: 0 write mux blocks.

8.31. Executing OPT pass (performing simple optimizations).

8.31.1. Executing OPT_EXPR pass (perform const folding).
Optimizing module root_top.

8.31.2. Executing OPT_MERGE pass (detect identical cells).
Finding identical cells in module `\root_top'.
Removed a total of 0 cells.

8.31.3. Executing OPT_MUXTREE pass (detect dead branches in mux trees).
Running muxtree optimizer on module \root_top..
  Creating internal representation of mux trees.
  Evaluating internal representation of mux trees.
  Analyzing evaluation results.
Removed 0 multiplexer ports.

8.31.4. Executing OPT_REDUCE pass (consolidate $*mux and $reduce_* inputs).
  Optimizing cells in module \root_top.
    Consolidated identical input bits for $mux cell $memory$flatten\control.$auto$proc_rom.cc:150:do_switch$241$rdmux[0][2][2]$663:
      Old ports: A=6'010000, B=6'000000, Y=$memory$flatten\control.$auto$proc_rom.cc:150:do_switch$241$rdmux[0][1][1]$a$655
      New ports: A=1'1, B=1'0, Y=$memory$flatten\control.$auto$proc_rom.cc:150:do_switch$241$rdmux[0][1][1]$a$655 [4]
      New connections: { $memory$flatten\control.$auto$proc_rom.cc:150:do_switch$241$rdmux[0][1][1]$a$655 [5] $memory$flatten\control.$auto$proc_rom.cc:150:do_switch$241$rdmux[0][1][1]$a$655 [3:0] } = 5'00000
    Consolidated identical input bits for $mux cell $memory$flatten\control.$auto$proc_rom.cc:150:do_switch$241$rdmux[0][2][1]$660:
      Old ports: A=6'000000, B=6'000010, Y=$memory$flatten\control.$auto$proc_rom.cc:150:do_switch$241$rdmux[0][1][0]$b$653
      New ports: A=1'0, B=1'1, Y=$memory$flatten\control.$auto$proc_rom.cc:150:do_switch$241$rdmux[0][1][0]$b$653 [1]
      New connections: { $memory$flatten\control.$auto$proc_rom.cc:150:do_switch$241$rdmux[0][1][0]$b$653 [5:2] $memory$flatten\control.$auto$proc_rom.cc:150:do_switch$241$rdmux[0][1][0]$b$653 [0] } = 5'00000
    Consolidated identical input bits for $mux cell $memory$flatten\control.$auto$proc_rom.cc:150:do_switch$241$rdmux[0][2][0]$657:
      Old ports: A=6'000001, B=6'000100, Y=$memory$flatten\control.$auto$proc_rom.cc:150:do_switch$241$rdmux[0][1][0]$a$652
      New ports: A=2'01, B=2'10, Y={ $memory$flatten\control.$auto$proc_rom.cc:150:do_switch$241$rdmux[0][1][0]$a$652 [2] $memory$flatten\control.$auto$proc_rom.cc:150:do_switch$241$rdmux[0][1][0]$a$652 [0] }
      New connections: { $memory$flatten\control.$auto$proc_rom.cc:150:do_switch$241$rdmux[0][1][0]$a$652 [5:3] $memory$flatten\control.$auto$proc_rom.cc:150:do_switch$241$rdmux[0][1][0]$a$652 [1] } = 4'0000
    Consolidated identical input bits for $mux cell $memory$flatten\control.$auto$proc_rom.cc:150:do_switch$241$rdmux[0][2][3]$666:
      Old ports: A=6'001000, B=6'100000, Y=$memory$flatten\control.$auto$proc_rom.cc:150:do_switch$241$rdmux[0][1][1]$b$656
      New ports: A=2'01, B=2'10, Y={ $memory$flatten\control.$auto$proc_rom.cc:150:do_switch$241$rdmux[0][1][1]$b$656 [5] $memory$flatten\control.$auto$proc_rom.cc:150:do_switch$241$rdmux[0][1][1]$b$656 [3] }
      New connections: { $memory$flatten\control.$auto$proc_rom.cc:150:do_switch$241$rdmux[0][1][1]$b$656 [4] $memory$flatten\control.$auto$proc_rom.cc:150:do_switch$241$rdmux[0][1][1]$b$656 [2:0] } = 4'0000
    Consolidated identical input bits for $mux cell $flatten\control.$procmux$362:
      Old ports: A=3'011, B=3'100, Y=$flatten\control.$4\current_state[2:0]
      New ports: A=2'01, B=2'10, Y={ $flatten\control.$4\current_state[2:0] [2] $flatten\control.$4\current_state[2:0] [0] }
      New connections: $flatten\control.$4\current_state[2:0] [1] = $flatten\control.$4\current_state[2:0] [0]
    Consolidated identical input bits for $mux cell $flatten\control.$ternary$root_control.v:90$229:
      Old ports: A=3'000, B=3'111, Y=$flatten\control.$ternary$root_control.v:90$229_Y
      New ports: A=1'0, B=1'1, Y=$flatten\control.$ternary$root_control.v:90$229_Y [0]
      New connections: $flatten\control.$ternary$root_control.v:90$229_Y [2:1] = { $flatten\control.$ternary$root_control.v:90$229_Y [0] $flatten\control.$ternary$root_control.v:90$229_Y [0] }
  Optimizing cells in module \root_top.
    Consolidated identical input bits for $mux cell $memory$flatten\control.$auto$proc_rom.cc:150:do_switch$241$rdmux[0][1][1]$654:
      Old ports: A=$memory$flatten\control.$auto$proc_rom.cc:150:do_switch$241$rdmux[0][1][1]$a$655, B=$memory$flatten\control.$auto$proc_rom.cc:150:do_switch$241$rdmux[0][1][1]$b$656, Y=$memory$flatten\control.$auto$proc_rom.cc:150:do_switch$241$rdmux[0][0][0]$b$650
      New ports: A={ 1'0 $memory$flatten\control.$auto$proc_rom.cc:150:do_switch$241$rdmux[0][1][1]$a$655 [4] 1'0 }, B={ $memory$flatten\control.$auto$proc_rom.cc:150:do_switch$241$rdmux[0][1][1]$b$656 [5] 1'0 $memory$flatten\control.$auto$proc_rom.cc:150:do_switch$241$rdmux[0][1][1]$b$656 [3] }, Y=$memory$flatten\control.$auto$proc_rom.cc:150:do_switch$241$rdmux[0][0][0]$b$650 [5:3]
      New connections: $memory$flatten\control.$auto$proc_rom.cc:150:do_switch$241$rdmux[0][0][0]$b$650 [2:0] = 3'000
    Consolidated identical input bits for $mux cell $memory$flatten\control.$auto$proc_rom.cc:150:do_switch$241$rdmux[0][1][0]$651:
      Old ports: A=$memory$flatten\control.$auto$proc_rom.cc:150:do_switch$241$rdmux[0][1][0]$a$652, B=$memory$flatten\control.$auto$proc_rom.cc:150:do_switch$241$rdmux[0][1][0]$b$653, Y=$memory$flatten\control.$auto$proc_rom.cc:150:do_switch$241$rdmux[0][0][0]$a$649
      New ports: A={ $memory$flatten\control.$auto$proc_rom.cc:150:do_switch$241$rdmux[0][1][0]$a$652 [2] 1'0 $memory$flatten\control.$auto$proc_rom.cc:150:do_switch$241$rdmux[0][1][0]$a$652 [0] }, B={ 1'0 $memory$flatten\control.$auto$proc_rom.cc:150:do_switch$241$rdmux[0][1][0]$b$653 [1] 1'0 }, Y=$memory$flatten\control.$auto$proc_rom.cc:150:do_switch$241$rdmux[0][0][0]$a$649 [2:0]
      New connections: $memory$flatten\control.$auto$proc_rom.cc:150:do_switch$241$rdmux[0][0][0]$a$649 [5:3] = 3'000
  Optimizing cells in module \root_top.
Performed a total of 8 changes.

8.31.5. Executing OPT_MERGE pass (detect identical cells).
Finding identical cells in module `\root_top'.
Removed a total of 1 cells.

8.31.6. Executing OPT_DFF pass (perform DFF optimizations).

8.31.7. Executing OPT_CLEAN pass (remove unused cells and wires).
Finding unused cells or wires in module \root_top..
Removed 0 unused cells and 9 unused wires.

8.31.8. Executing OPT_EXPR pass (perform const folding).
Optimizing module root_top.

8.31.9. Rerunning OPT passes. (Maybe there is more to do..)

8.31.10. Executing OPT_MUXTREE pass (detect dead branches in mux trees).
Running muxtree optimizer on module \root_top..
  Creating internal representation of mux trees.
  Evaluating internal representation of mux trees.
  Analyzing evaluation results.
Removed 0 multiplexer ports.

8.31.11. Executing OPT_REDUCE pass (consolidate $*mux and $reduce_* inputs).
  Optimizing cells in module \root_top.
Performed a total of 0 changes.

8.31.12. Executing OPT_MERGE pass (detect identical cells).
Finding identical cells in module `\root_top'.
Removed a total of 0 cells.

8.31.13. Executing OPT_DFF pass (perform DFF optimizations).
Adding SRST signal on $$flatten\control.$auto$proc_rom.cc:150:do_switch$241$rdreg[0] ($dff) from module root_top (D = { $memory$flatten\control.$auto$proc_rom.cc:150:do_switch$241$rdmux[0][1][0]$a$652 [2] $memory$flatten\control.$auto$proc_rom.cc:150:do_switch$241$rdmux[0][1][0]$a$652 [0] }, Q = { \done \control.SH1 }, rval = 2'00).
Adding SRST signal on $$flatten\control.$auto$proc_rom.cc:150:do_switch$241$rdreg[0] ($dff) from module root_top (D = $memory$flatten\control.$auto$proc_rom.cc:150:do_switch$241$rdmux[0][1][0]$b$653 [1], Q = \A_vAuxreg.LDRes, rval = 1'0).
Adding SRST signal on $$flatten\control.$auto$proc_rom.cc:150:do_switch$241$rdreg[0] ($dff) from module root_top (D = $memory$flatten\control.$auto$proc_rom.cc:150:do_switch$241$rdmux[0][1][1]$a$655 [4], Q = \cont0.DECI, rval = 1'0).
Adding SRST signal on $$flatten\control.$auto$proc_rom.cc:150:do_switch$241$rdreg[0] ($dff) from module root_top (D = { $memory$flatten\control.$auto$proc_rom.cc:150:do_switch$241$rdmux[0][1][0]$a$652 [2] $memory$flatten\control.$auto$proc_rom.cc:150:do_switch$241$rdmux[0][1][0]$a$652 [0] }, Q = { \A_vAuxreg.SH0 \A_vAuxreg.LD }, rval = 2'00).

8.31.14. Executing OPT_CLEAN pass (remove unused cells and wires).
Finding unused cells or wires in module \root_top..
Removed 3 unused cells and 3 unused wires.

8.31.15. Executing OPT_EXPR pass (perform const folding).
Optimizing module root_top.

8.31.16. Rerunning OPT passes. (Maybe there is more to do..)

8.31.17. Executing OPT_MUXTREE pass (detect dead branches in mux trees).
Running muxtree optimizer on module \root_top..
  Creating internal representation of mux trees.
  Evaluating internal representation of mux trees.
  Analyzing evaluation results.
Removed 0 multiplexer ports.

8.31.18. Executing OPT_REDUCE pass (consolidate $*mux and $reduce_* inputs).
  Optimizing cells in module \root_top.
Performed a total of 0 changes.

8.31.19. Executing OPT_MERGE pass (detect identical cells).
Finding identical cells in module `\root_top'.
Removed a total of 0 cells.

8.31.20. Executing OPT_DFF pass (perform DFF optimizations).

8.31.21. Executing OPT_CLEAN pass (remove unused cells and wires).
Finding unused cells or wires in module \root_top..

8.31.22. Executing OPT_EXPR pass (perform const folding).
Optimizing module root_top.

8.31.23. Finished OPT passes. (There is nothing left to do.)

8.32. Executing TECHMAP pass (map to technology primitives).

8.32.1. Executing Verilog-2005 frontend: /home/marute/miniconda3/envs/digital/bin/../share/yosys/techmap.v
Parsing Verilog input from `/home/marute/miniconda3/envs/digital/bin/../share/yosys/techmap.v' to AST representation.
Generating RTLIL representation for module `\_90_simplemap_bool_ops'.
Generating RTLIL representation for module `\_90_simplemap_reduce_ops'.
Generating RTLIL representation for module `\_90_simplemap_logic_ops'.
Generating RTLIL representation for module `\_90_simplemap_compare_ops'.
Generating RTLIL representation for module `\_90_simplemap_various'.
Generating RTLIL representation for module `\_90_simplemap_registers'.
Generating RTLIL representation for module `\_90_shift_ops_shr_shl_sshl_sshr'.
Generating RTLIL representation for module `\_90_shift_shiftx'.
Generating RTLIL representation for module `\_90_fa'.
Generating RTLIL representation for module `\_90_lcu'.
Generating RTLIL representation for module `\_90_alu'.
Generating RTLIL representation for module `\_90_macc'.
Generating RTLIL representation for module `\_90_alumacc'.
Generating RTLIL representation for module `\$__div_mod_u'.
Generating RTLIL representation for module `\$__div_mod_trunc'.
Generating RTLIL representation for module `\_90_div'.
Generating RTLIL representation for module `\_90_mod'.
Generating RTLIL representation for module `\$__div_mod_floor'.
Generating RTLIL representation for module `\_90_divfloor'.
Generating RTLIL representation for module `\_90_modfloor'.
Generating RTLIL representation for module `\_90_pow'.
Generating RTLIL representation for module `\_90_pmux'.
Generating RTLIL representation for module `\_90_demux'.
Generating RTLIL representation for module `\_90_lut'.
Successfully finished Verilog frontend.

8.32.2. Executing Verilog-2005 frontend: /home/marute/miniconda3/envs/digital/bin/../share/yosys/ecp5/arith_map.v
Parsing Verilog input from `/home/marute/miniconda3/envs/digital/bin/../share/yosys/ecp5/arith_map.v' to AST representation.
Generating RTLIL representation for module `\_80_ecp5_alu'.
Successfully finished Verilog frontend.

8.32.3. Continuing TECHMAP pass.
Using extmapper simplemap for cells of type $reduce_bool.
Using extmapper simplemap for cells of type $reduce_or.
Using extmapper simplemap for cells of type $sdffe.
Using extmapper simplemap for cells of type $dffe.
Using extmapper simplemap for cells of type $mux.
Using extmapper simplemap for cells of type $sdff.
Using template $paramod$672a140277c71df8314410f22acc08d55222c3c7\_80_ecp5_alu for cells of type $alu.
Using template $paramod$b18e16801adf491a64caa0542270798e5d4ac6b6\_80_ecp5_alu for cells of type $alu.
Using extmapper simplemap for cells of type $logic_not.
Using extmapper simplemap for cells of type $not.
Using extmapper simplemap for cells of type $reduce_and.
Using extmapper simplemap for cells of type $ne.
Using extmapper simplemap for cells of type $sdffce.
Using template $paramod$a285b5a57fe61eabc57c91b8c412748ee1151a85\_90_pmux for cells of type $pmux.
Using extmapper simplemap for cells of type $eq.
Using template $paramod$403a3c2fa431a154c52a6a5429d7a6260b5d144f\_80_ecp5_alu for cells of type $alu.
Using template $paramod$a1bc51c02ce12ac21eb18988e83292af48ed7d72\_80_ecp5_alu for cells of type $alu.
Using extmapper simplemap for cells of type $pos.
Using extmapper simplemap for cells of type $logic_or.
Using extmapper simplemap for cells of type $logic_and.
Using extmapper simplemap for cells of type $xor.
Using extmapper simplemap for cells of type $and.
No more expansions possible.

8.33. Executing OPT pass (performing simple optimizations).

8.33.1. Executing OPT_EXPR pass (perform const folding).
Optimizing module root_top.

8.33.2. Executing OPT_MERGE pass (detect identical cells).
Finding identical cells in module `\root_top'.
Removed a total of 19 cells.

8.33.3. Executing OPT_DFF pass (perform DFF optimizations).

8.33.4. Executing OPT_CLEAN pass (remove unused cells and wires).
Finding unused cells or wires in module \root_top..
Removed 63 unused cells and 225 unused wires.

8.33.5. Finished fast OPT passes.

8.34. Executing OPT_CLEAN pass (remove unused cells and wires).
Finding unused cells or wires in module \root_top..

8.35. Executing DFFLEGALIZE pass (convert FFs to types supported by the target).

8.36. Executing TECHMAP pass (map to technology primitives).

8.36.1. Executing Verilog-2005 frontend: /home/marute/miniconda3/envs/digital/bin/../share/yosys/ecp5/cells_map.v
Parsing Verilog input from `/home/marute/miniconda3/envs/digital/bin/../share/yosys/ecp5/cells_map.v' to AST representation.
Generating RTLIL representation for module `\$_DFF_N_'.
Generating RTLIL representation for module `\$_DFF_P_'.
Generating RTLIL representation for module `\$_DFFE_NN_'.
Generating RTLIL representation for module `\$_DFFE_PN_'.
Generating RTLIL representation for module `\$_DFFE_NP_'.
Generating RTLIL representation for module `\$_DFFE_PP_'.
Generating RTLIL representation for module `\$_DFF_NP0_'.
Generating RTLIL representation for module `\$_DFF_NP1_'.
Generating RTLIL representation for module `\$_DFF_PP0_'.
Generating RTLIL representation for module `\$_DFF_PP1_'.
Generating RTLIL representation for module `\$_SDFF_NP0_'.
Generating RTLIL representation for module `\$_SDFF_NP1_'.
Generating RTLIL representation for module `\$_SDFF_PP0_'.
Generating RTLIL representation for module `\$_SDFF_PP1_'.
Generating RTLIL representation for module `\$_DFFE_NP0P_'.
Generating RTLIL representation for module `\$_DFFE_NP1P_'.
Generating RTLIL representation for module `\$_DFFE_PP0P_'.
Generating RTLIL representation for module `\$_DFFE_PP1P_'.
Generating RTLIL representation for module `\$_DFFE_NP0N_'.
Generating RTLIL representation for module `\$_DFFE_NP1N_'.
Generating RTLIL representation for module `\$_DFFE_PP0N_'.
Generating RTLIL representation for module `\$_DFFE_PP1N_'.
Generating RTLIL representation for module `\$_SDFFE_NP0P_'.
Generating RTLIL representation for module `\$_SDFFE_NP1P_'.
Generating RTLIL representation for module `\$_SDFFE_PP0P_'.
Generating RTLIL representation for module `\$_SDFFE_PP1P_'.
Generating RTLIL representation for module `\$_SDFFE_NP0N_'.
Generating RTLIL representation for module `\$_SDFFE_NP1N_'.
Generating RTLIL representation for module `\$_SDFFE_PP0N_'.
Generating RTLIL representation for module `\$_SDFFE_PP1N_'.
Generating RTLIL representation for module `\$_ALDFF_NP_'.
Generating RTLIL representation for module `\$_ALDFF_PP_'.
Generating RTLIL representation for module `\$_ALDFFE_NPN_'.
Generating RTLIL representation for module `\$_ALDFFE_NPP_'.
Generating RTLIL representation for module `\$_ALDFFE_PPN_'.
Generating RTLIL representation for module `\$_ALDFFE_PPP_'.
Generating RTLIL representation for module `\FD1P3AX'.
Generating RTLIL representation for module `\FD1P3AY'.
Generating RTLIL representation for module `\FD1P3BX'.
Generating RTLIL representation for module `\FD1P3DX'.
Generating RTLIL representation for module `\FD1P3IX'.
Generating RTLIL representation for module `\FD1P3JX'.
Generating RTLIL representation for module `\FD1S3AX'.
Generating RTLIL representation for module `\FD1S3AY'.
Generating RTLIL representation for module `\FD1S3BX'.
Generating RTLIL representation for module `\FD1S3DX'.
Generating RTLIL representation for module `\FD1S3IX'.
Generating RTLIL representation for module `\FD1S3JX'.
Generating RTLIL representation for module `\IFS1P3BX'.
Generating RTLIL representation for module `\IFS1P3DX'.
Generating RTLIL representation for module `\IFS1P3IX'.
Generating RTLIL representation for module `\IFS1P3JX'.
Generating RTLIL representation for module `\OFS1P3BX'.
Generating RTLIL representation for module `\OFS1P3DX'.
Generating RTLIL representation for module `\OFS1P3IX'.
Generating RTLIL representation for module `\OFS1P3JX'.
Generating RTLIL representation for module `\IB'.
Generating RTLIL representation for module `\IBPU'.
Generating RTLIL representation for module `\IBPD'.
Generating RTLIL representation for module `\OB'.
Generating RTLIL representation for module `\OBZ'.
Generating RTLIL representation for module `\OBZPU'.
Generating RTLIL representation for module `\OBZPD'.
Generating RTLIL representation for module `\OBCO'.
Generating RTLIL representation for module `\BB'.
Generating RTLIL representation for module `\BBPU'.
Generating RTLIL representation for module `\BBPD'.
Generating RTLIL representation for module `\ILVDS'.
Generating RTLIL representation for module `\OLVDS'.
Successfully finished Verilog frontend.

8.36.2. Continuing TECHMAP pass.
Using template \$_SDFF_PP0_ for cells of type $_SDFF_PP0_.
Using template \$_SDFFE_NP0P_ for cells of type $_SDFFE_NP0P_.
Using template $paramod\$_DFFE_NP_\_TECHMAP_WIREINIT_Q_=1'x for cells of type $_DFFE_NP_.
Using template \$_SDFFE_NP1P_ for cells of type $_SDFFE_NP1P_.
Using template \$_SDFFE_PP0P_ for cells of type $_SDFFE_PP0P_.
No more expansions possible.

8.37. Executing OPT_EXPR pass (perform const folding).
Optimizing module root_top.

8.38. Executing SIMPLEMAP pass (map simple cells to gate primitives).

8.39. Executing LATTICE_GSR pass (implement FF init values).
Handling GSR in root_top.

8.40. Executing ATTRMVCP pass (move or copy attributes).

8.41. Executing OPT_CLEAN pass (remove unused cells and wires).
Finding unused cells or wires in module \root_top..
Removed 0 unused cells and 316 unused wires.

8.42. Executing TECHMAP pass (map to technology primitives).

8.42.1. Executing Verilog-2005 frontend: /home/marute/miniconda3/envs/digital/bin/../share/yosys/ecp5/latches_map.v
Parsing Verilog input from `/home/marute/miniconda3/envs/digital/bin/../share/yosys/ecp5/latches_map.v' to AST representation.
Generating RTLIL representation for module `\$_DLATCH_N_'.
Generating RTLIL representation for module `\$_DLATCH_P_'.
Successfully finished Verilog frontend.

8.42.2. Continuing TECHMAP pass.
No more expansions possible.

8.43. Executing ABC pass (technology mapping using ABC).

8.43.1. Extracting gate netlist of module `\root_top' to `<abc-temp-dir>/input.blif'..
Extracted 117 gates and 179 wires to a netlist network with 61 inputs and 45 outputs.

8.43.1.1. Executing ABC.
Running ABC command: "<yosys-exe-dir>/yosys-abc" -s -f <abc-temp-dir>/abc.script 2>&1
ABC: ABC command line: "source <abc-temp-dir>/abc.script".
ABC: 
ABC: + read_blif <abc-temp-dir>/input.blif 
ABC: + read_lut <abc-temp-dir>/lutdefs.txt 
ABC: + strash 
ABC: + &get -n 
ABC: + &fraig -x 
ABC: + &put 
ABC: + scorr 
ABC: Warning: The network is combinational (run "fraig" or "fraig_sweep").
ABC: + dc2 
ABC: + dretime 
ABC: + strash 
ABC: + dch -f 
ABC: + if 
ABC: + mfs2 
ABC: + dress <abc-temp-dir>/input.blif 
ABC: Total number of equiv classes                =      42.
ABC: Participating nodes from both networks       =     104.
ABC: Participating nodes from the first network   =      48. (  92.31 % of nodes)
ABC: Participating nodes from the second network  =      56. ( 107.69 % of nodes)
ABC: Node pairs (any polarity)                    =      48. (  92.31 % of names can be moved)
ABC: Node pairs (same polarity)                   =      47. (  90.38 % of names can be moved)
ABC: Total runtime =     0.01 sec
ABC: + write_blif <abc-temp-dir>/output.blif 

8.43.1.2. Re-integrating ABC results.
ABC RESULTS:              $lut cells:       51
ABC RESULTS:        internal signals:       73
ABC RESULTS:           input signals:       61
ABC RESULTS:          output signals:       45
Removing temp directory.
Removed 0 unused cells and 138 unused wires.

8.44. Executing TECHMAP pass (map to technology primitives).

8.44.1. Executing Verilog-2005 frontend: /home/marute/miniconda3/envs/digital/bin/../share/yosys/ecp5/cells_map.v
Parsing Verilog input from `/home/marute/miniconda3/envs/digital/bin/../share/yosys/ecp5/cells_map.v' to AST representation.
Generating RTLIL representation for module `\$_DFF_N_'.
Generating RTLIL representation for module `\$_DFF_P_'.
Generating RTLIL representation for module `\$_DFFE_NN_'.
Generating RTLIL representation for module `\$_DFFE_PN_'.
Generating RTLIL representation for module `\$_DFFE_NP_'.
Generating RTLIL representation for module `\$_DFFE_PP_'.
Generating RTLIL representation for module `\$_DFF_NP0_'.
Generating RTLIL representation for module `\$_DFF_NP1_'.
Generating RTLIL representation for module `\$_DFF_PP0_'.
Generating RTLIL representation for module `\$_DFF_PP1_'.
Generating RTLIL representation for module `\$_SDFF_NP0_'.
Generating RTLIL representation for module `\$_SDFF_NP1_'.
Generating RTLIL representation for module `\$_SDFF_PP0_'.
Generating RTLIL representation for module `\$_SDFF_PP1_'.
Generating RTLIL representation for module `\$_DFFE_NP0P_'.
Generating RTLIL representation for module `\$_DFFE_NP1P_'.
Generating RTLIL representation for module `\$_DFFE_PP0P_'.
Generating RTLIL representation for module `\$_DFFE_PP1P_'.
Generating RTLIL representation for module `\$_DFFE_NP0N_'.
Generating RTLIL representation for module `\$_DFFE_NP1N_'.
Generating RTLIL representation for module `\$_DFFE_PP0N_'.
Generating RTLIL representation for module `\$_DFFE_PP1N_'.
Generating RTLIL representation for module `\$_SDFFE_NP0P_'.
Generating RTLIL representation for module `\$_SDFFE_NP1P_'.
Generating RTLIL representation for module `\$_SDFFE_PP0P_'.
Generating RTLIL representation for module `\$_SDFFE_PP1P_'.
Generating RTLIL representation for module `\$_SDFFE_NP0N_'.
Generating RTLIL representation for module `\$_SDFFE_NP1N_'.
Generating RTLIL representation for module `\$_SDFFE_PP0N_'.
Generating RTLIL representation for module `\$_SDFFE_PP1N_'.
Generating RTLIL representation for module `\$_ALDFF_NP_'.
Generating RTLIL representation for module `\$_ALDFF_PP_'.
Generating RTLIL representation for module `\$_ALDFFE_NPN_'.
Generating RTLIL representation for module `\$_ALDFFE_NPP_'.
Generating RTLIL representation for module `\$_ALDFFE_PPN_'.
Generating RTLIL representation for module `\$_ALDFFE_PPP_'.
Generating RTLIL representation for module `\FD1P3AX'.
Generating RTLIL representation for module `\FD1P3AY'.
Generating RTLIL representation for module `\FD1P3BX'.
Generating RTLIL representation for module `\FD1P3DX'.
Generating RTLIL representation for module `\FD1P3IX'.
Generating RTLIL representation for module `\FD1P3JX'.
Generating RTLIL representation for module `\FD1S3AX'.
Generating RTLIL representation for module `\FD1S3AY'.
Generating RTLIL representation for module `\FD1S3BX'.
Generating RTLIL representation for module `\FD1S3DX'.
Generating RTLIL representation for module `\FD1S3IX'.
Generating RTLIL representation for module `\FD1S3JX'.
Generating RTLIL representation for module `\IFS1P3BX'.
Generating RTLIL representation for module `\IFS1P3DX'.
Generating RTLIL representation for module `\IFS1P3IX'.
Generating RTLIL representation for module `\IFS1P3JX'.
Generating RTLIL representation for module `\OFS1P3BX'.
Generating RTLIL representation for module `\OFS1P3DX'.
Generating RTLIL representation for module `\OFS1P3IX'.
Generating RTLIL representation for module `\OFS1P3JX'.
Generating RTLIL representation for module `\IB'.
Generating RTLIL representation for module `\IBPU'.
Generating RTLIL representation for module `\IBPD'.
Generating RTLIL representation for module `\OB'.
Generating RTLIL representation for module `\OBZ'.
Generating RTLIL representation for module `\OBZPU'.
Generating RTLIL representation for module `\OBZPD'.
Generating RTLIL representation for module `\OBCO'.
Generating RTLIL representation for module `\BB'.
Generating RTLIL representation for module `\BBPU'.
Generating RTLIL representation for module `\BBPD'.
Generating RTLIL representation for module `\ILVDS'.
Generating RTLIL representation for module `\OLVDS'.
Generating RTLIL representation for module `\$lut'.
Successfully finished Verilog frontend.

8.44.2. Continuing TECHMAP pass.
Using template $paramod$6e238df02989b317f10820a22773676e71120644\$lut for cells of type $lut.
Using template $paramod\$lut\WIDTH=32'00000000000000000000000000000010\LUT=4'0100 for cells of type $lut.
Using template $paramod\$lut\WIDTH=32'00000000000000000000000000000011\LUT=8'10101100 for cells of type $lut.
Using template $paramod$9bfd955f8970f2122100b2282074a4451325cfd9\$lut for cells of type $lut.
Using template $paramod\$lut\WIDTH=32'00000000000000000000000000000011\LUT=8'01000000 for cells of type $lut.
Using template $paramod$30caa5615ac52efdf43dfbf1b1a633232eb131b1\$lut for cells of type $lut.
Using template $paramod$a50be0e6fa3a01511bb234559cb74fb8bd3e2061\$lut for cells of type $lut.
Using template $paramod$8c24dc0cdd336b7fb88bbf7eed45cec5cbae862b\$lut for cells of type $lut.
Using template $paramod\$lut\WIDTH=32'00000000000000000000000000000011\LUT=8'10000000 for cells of type $lut.
Using template $paramod\$lut\WIDTH=32'00000000000000000000000000000011\LUT=8'00001110 for cells of type $lut.
Using template $paramod$35a5da16dde06c2f980aac4c19c41bcb8ee67d81\$lut for cells of type $lut.
Using template $paramod$374d9603cb2040f8c3d297684a1e9190a6b062eb\$lut for cells of type $lut.
Using template $paramod$32e9488cba990898069c5f368c31150172be8842\$lut for cells of type $lut.
Using template $paramod$db949fcbc0abc5eacaa0e4f574350c99b7a2e007\$lut for cells of type $lut.
Using template $paramod\$lut\WIDTH=32'00000000000000000000000000000011\LUT=8'11101111 for cells of type $lut.
Using template $paramod\$lut\WIDTH=32'00000000000000000000000000000010\LUT=4'1110 for cells of type $lut.
Using template $paramod$658b9ed803f0d3d335616d3858b53e0a2522f1e8\$lut for cells of type $lut.
Using template $paramod$eba7de026ff587370e320127e266317dae097a89\$lut for cells of type $lut.
Using template $paramod$fb118a10d5f53370bfca6fb9f40a35fe17a60d2c\$lut for cells of type $lut.
Using template $paramod$6d41787b28efa5b6f097de607dc91b994182ea3c\$lut for cells of type $lut.
No more expansions possible.

8.45. Executing OPT_LUT_INS pass (discard unused LUT inputs).
Optimizing LUTs in root_top.
  Optimizing lut $abc$1456$auto$blifparse.cc:525:parse_blif$1457.genblk1.genblk1.genblk1.genblk1.genblk1.lut1 (4 -> 0)
  Optimizing lut $abc$1456$auto$blifparse.cc:525:parse_blif$1466.genblk1.genblk1.genblk1.genblk1.genblk1.lut1 (4 -> 3)
  Optimizing lut $abc$1456$auto$blifparse.cc:525:parse_blif$1465.genblk1.genblk1.genblk1.genblk1.genblk1.lut1 (4 -> 3)
  Optimizing lut $abc$1456$auto$blifparse.cc:525:parse_blif$1458.genblk1.genblk1.genblk1.genblk1.genblk1.lut0 (4 -> 0)
  Optimizing lut $abc$1456$auto$blifparse.cc:525:parse_blif$1478.genblk1.genblk1.genblk1.genblk1.genblk1.lut1 (4 -> 2)
  Optimizing lut $abc$1456$auto$blifparse.cc:525:parse_blif$1471.genblk1.genblk1.genblk1.genblk1.genblk1.lut0 (4 -> 3)
  Optimizing lut $abc$1456$auto$blifparse.cc:525:parse_blif$1472.genblk1.genblk1.genblk1.genblk1.genblk1.lut0 (4 -> 0)
  Optimizing lut $abc$1456$auto$blifparse.cc:525:parse_blif$1475.genblk1.genblk1.genblk1.genblk1.genblk1.lut0 (4 -> 3)
  Optimizing lut $abc$1456$auto$blifparse.cc:525:parse_blif$1477.genblk1.genblk1.genblk1.genblk1.genblk1.lut0 (4 -> 2)
  Optimizing lut $abc$1456$auto$blifparse.cc:525:parse_blif$1501.genblk1.genblk1.genblk1.genblk1.genblk1.lut1 (4 -> 0)
  Optimizing lut $abc$1456$auto$blifparse.cc:525:parse_blif$1475.genblk1.genblk1.genblk1.genblk1.genblk1.lut1 (4 -> 3)
Removed 0 unused cells and 98 unused wires.

8.46. Executing AUTONAME pass.
Renamed 791 objects in module root_top (23 iterations).

8.47. Executing HIERARCHY pass (managing design hierarchy).

8.47.1. Analyzing design hierarchy..
Top module:  \root_top

8.47.2. Analyzing design hierarchy..
Top module:  \root_top
Removed 0 unused modules.

8.48. Printing statistics.

=== root_top ===

   Number of wires:                136
   Number of wire bits:            344
   Number of public wires:         136
   Number of public wire bits:     344
   Number of memories:               0
   Number of memory bits:            0
   Number of processes:              0
   Number of cells:                137
     CCU2C                          13
     LUT4                           59
     PFUMX                          10
     TRELLIS_FF                     55

8.49. Executing CHECK pass (checking for obvious problems).
Checking module root_top...
Found and reported 0 problems.

8.50. Executing JSON backend.

9. Executing Verilog backend.

9.1. Executing BMUXMAP pass.

9.2. Executing DEMUXMAP pass.
Dumping module `\root_top'.

End of script. Logfile hash: e0312d0525, CPU: user 0.40s system 0.01s, MEM: 27.60 MB peak
Yosys 0.33+6 (git sha1 41b34a193, x86_64-conda-linux-gnu-cc 11.2.0 -fvisibility-inlines-hidden -fmessage-length=0 -march=nocona -mtune=haswell -ftree-vectorize -fPIC -fstack-protector-strong -fno-plt -O2 -ffunction-sections -fdebug-prefix-map=/root/conda-eda/conda-eda/workdir/conda-env/conda-bld/yosys_1694128612374/work=/usr/local/src/conda/yosys-0.33_7_g41b34a193 -fdebug-prefix-map=/home/marute/miniconda3/envs/digital=/usr/local/src/conda-prefix -fPIC -Os -fno-merge-constants)
Time spent: 42% 27x read_verilog (0 sec), 14% 1x abc (0 sec), ...
